Archive member included to satisfy reference by file (symbol)

.build/obj_crkbd_rev1_legacy_rene_prog_dvorak/serial.a(serial.o)
                              .build/obj_crkbd_rev1_legacy_rene_prog_dvorak/split_scomm.o (soft_serial_initiator_init)
.build/obj_crkbd_rev1_legacy_rene_prog_dvorak/i2c_master.a(i2c_master.o)
                              .build/obj_crkbd_rev1_legacy_rene_prog_dvorak/oled_driver.o (i2c_init)
c:/msys64/mingw64/bin/../lib/gcc/avr/8.4.0/../../../../avr/lib/avr5\libm.a(addsf3.o)
                              .build/obj_crkbd_rev1_legacy_rene_prog_dvorak/quantum/wpm.o (__addsf3)
c:/msys64/mingw64/bin/../lib/gcc/avr/8.4.0/../../../../avr/lib/avr5\libm.a(addsf3x.o)
                              c:/msys64/mingw64/bin/../lib/gcc/avr/8.4.0/../../../../avr/lib/avr5\libm.a(addsf3.o) (__addsf3x)
c:/msys64/mingw64/bin/../lib/gcc/avr/8.4.0/../../../../avr/lib/avr5\libm.a(fixunssfsi.o)
                              .build/obj_crkbd_rev1_legacy_rene_prog_dvorak/quantum/wpm.o (__fixunssfsi)
c:/msys64/mingw64/bin/../lib/gcc/avr/8.4.0/../../../../avr/lib/avr5\libm.a(floatsisf.o)
                              .build/obj_crkbd_rev1_legacy_rene_prog_dvorak/quantum/wpm.o (__floatsisf)
c:/msys64/mingw64/bin/../lib/gcc/avr/8.4.0/../../../../avr/lib/avr5\libm.a(fp_inf.o)
                              c:/msys64/mingw64/bin/../lib/gcc/avr/8.4.0/../../../../avr/lib/avr5\libm.a(addsf3x.o) (__fp_inf)
c:/msys64/mingw64/bin/../lib/gcc/avr/8.4.0/../../../../avr/lib/avr5\libm.a(fp_nan.o)
                              c:/msys64/mingw64/bin/../lib/gcc/avr/8.4.0/../../../../avr/lib/avr5\libm.a(addsf3x.o) (__fp_nan)
c:/msys64/mingw64/bin/../lib/gcc/avr/8.4.0/../../../../avr/lib/avr5\libm.a(fp_pscA.o)
                              c:/msys64/mingw64/bin/../lib/gcc/avr/8.4.0/../../../../avr/lib/avr5\libm.a(addsf3x.o) (__fp_pscA)
c:/msys64/mingw64/bin/../lib/gcc/avr/8.4.0/../../../../avr/lib/avr5\libm.a(fp_pscB.o)
                              c:/msys64/mingw64/bin/../lib/gcc/avr/8.4.0/../../../../avr/lib/avr5\libm.a(addsf3x.o) (__fp_pscB)
c:/msys64/mingw64/bin/../lib/gcc/avr/8.4.0/../../../../avr/lib/avr5\libm.a(fp_round.o)
                              c:/msys64/mingw64/bin/../lib/gcc/avr/8.4.0/../../../../avr/lib/avr5\libm.a(addsf3.o) (__fp_round)
c:/msys64/mingw64/bin/../lib/gcc/avr/8.4.0/../../../../avr/lib/avr5\libm.a(fp_split3.o)
                              c:/msys64/mingw64/bin/../lib/gcc/avr/8.4.0/../../../../avr/lib/avr5\libm.a(addsf3x.o) (__fp_split3)
c:/msys64/mingw64/bin/../lib/gcc/avr/8.4.0/../../../../avr/lib/avr5\libm.a(fp_zero.o)
                              c:/msys64/mingw64/bin/../lib/gcc/avr/8.4.0/../../../../avr/lib/avr5\libm.a(addsf3x.o) (__fp_zero)
c:/msys64/mingw64/bin/../lib/gcc/avr/8.4.0/../../../../avr/lib/avr5\libm.a(mulsf3.o)
                              .build/obj_crkbd_rev1_legacy_rene_prog_dvorak/quantum/wpm.o (__mulsf3)
c:/msys64/mingw64/bin/../lib/gcc/avr/8.4.0/../../../../avr/lib/avr5\libm.a(mulsf3x.o)
                              c:/msys64/mingw64/bin/../lib/gcc/avr/8.4.0/../../../../avr/lib/avr5\libm.a(mulsf3.o) (__mulsf3x)
c:/msys64/mingw64/bin/../lib/gcc/avr/8.4.0/avr5\libgcc.a(_udivmodqi4.o)
                              .build/obj_crkbd_rev1_legacy_rene_prog_dvorak/oled_driver.o (__udivmodqi4)
c:/msys64/mingw64/bin/../lib/gcc/avr/8.4.0/avr5\libgcc.a(_udivmodhi4.o)
                              .build/obj_crkbd_rev1_legacy_rene_prog_dvorak/oled_driver.o (__udivmodhi4)
c:/msys64/mingw64/bin/../lib/gcc/avr/8.4.0/avr5\libgcc.a(_divmodsi4.o)
                              .build/obj_crkbd_rev1_legacy_rene_prog_dvorak/quantum/wpm.o (__divmodsi4)
c:/msys64/mingw64/bin/../lib/gcc/avr/8.4.0/avr5\libgcc.a(_negsi2.o)
                              c:/msys64/mingw64/bin/../lib/gcc/avr/8.4.0/avr5\libgcc.a(_divmodsi4.o) (__negsi2)
c:/msys64/mingw64/bin/../lib/gcc/avr/8.4.0/avr5\libgcc.a(_exit.o)
                              c:/msys64/mingw64/bin/../lib/gcc/avr/8.4.0/../../../../avr/lib/avr5/crtatmega32u4.o (exit)
c:/msys64/mingw64/bin/../lib/gcc/avr/8.4.0/avr5\libgcc.a(_tablejump2.o)
                              .build/obj_crkbd_rev1_legacy_rene_prog_dvorak/common/action.o (__tablejump2__)
c:/msys64/mingw64/bin/../lib/gcc/avr/8.4.0/avr5\libgcc.a(_copy_data.o)
                              .build/obj_crkbd_rev1_legacy_rene_prog_dvorak/matrix.o (__do_copy_data)
c:/msys64/mingw64/bin/../lib/gcc/avr/8.4.0/avr5\libgcc.a(_clear_bss.o)
                              .build/obj_crkbd_rev1_legacy_rene_prog_dvorak/matrix.o (__do_clear_bss)
c:/msys64/mingw64/bin/../lib/gcc/avr/8.4.0/avr5\libgcc.a(_udivmodsi4.o)
                              c:/msys64/mingw64/bin/../lib/gcc/avr/8.4.0/avr5\libgcc.a(_divmodsi4.o) (__udivmodsi4)
c:/msys64/mingw64/bin/../lib/gcc/avr/8.4.0/../../../../avr/lib/avr5\libc.a(memcpy_P.o)
                              .build/obj_crkbd_rev1_legacy_rene_prog_dvorak/oled_driver.o (memcpy_P)
c:/msys64/mingw64/bin/../lib/gcc/avr/8.4.0/../../../../avr/lib/avr5\libc.a(memcmp.o)
[...]
Memory Configuration

Name             Origin             Length             Attributes
text             0x0000000000000000 0x0000000000020000 xr
data             0x0000000000800060 0x000000000000ffa0 rw !x
eeprom           0x0000000000810000 0x0000000000010000 rw !x
fuse             0x0000000000820000 0x0000000000000400 rw !x
lock             0x0000000000830000 0x0000000000000400 rw !x
signature        0x0000000000840000 0x0000000000000400 rw !x
user_signatures  0x0000000000850000 0x0000000000000400 rw !x
*default*        0x0000000000000000 0xffffffffffffffff

Linker script and memory map

Address of section .data set to 0x800100
LOAD c:/msys64/mingw64/bin/../lib/gcc/avr/8.4.0/../../../../avr/lib/avr5/crtatmega32u4.o
LOAD .build/obj_crkbd_rev1_legacy_rene_prog_dvorak/matrix.o
LOAD .build/obj_crkbd_rev1_legacy_rene_prog_dvorak/split_util.o
LOAD .build/obj_crkbd_rev1_legacy_rene_prog_dvorak/split_scomm.o
LOAD .build/obj_crkbd_rev1_legacy_rene_prog_dvorak/keyboards/crkbd/crkbd.o
LOAD .build/obj_crkbd_rev1_legacy_rene_prog_dvorak/keyboards/crkbd/rev1/rev1.o
LOAD .build/obj_crkbd_rev1_legacy_rene_prog_dvorak/keyboards/crkbd/rev1/legacy/legacy.o
LOAD .build/obj_crkbd_rev1_legacy_rene_prog_dvorak/keyboards/crkbd/keymaps/rene_prog_dvorak/keymap.o
LOAD .build/obj_crkbd_rev1_legacy_rene_prog_dvorak/quantum/quantum.o
LOAD .build/obj_crkbd_rev1_legacy_rene_prog_dvorak/quantum/led.o
LOAD .build/obj_crkbd_rev1_legacy_rene_prog_dvorak/quantum/keymap_common.o
LOAD .build/obj_crkbd_rev1_legacy_rene_prog_dvorak/quantum/keycode_config.o
LOAD .build/obj_crkbd_rev1_legacy_rene_prog_dvorak/quantum/debounce/sym_defer_g.o
LOAD .build/obj_crkbd_rev1_legacy_rene_prog_dvorak/quantum/wpm.o
LOAD .build/obj_crkbd_rev1_legacy_rene_prog_dvorak/oled_driver.o
LOAD .build/obj_crkbd_rev1_legacy_rene_prog_dvorak/quantum/process_keycode/process_tap_dance.o
LOAD .build/obj_crkbd_rev1_legacy_rene_prog_dvorak/ssd1306.a
LOAD .build/obj_crkbd_rev1_legacy_rene_prog_dvorak/i2c.a
LOAD .build/obj_crkbd_rev1_legacy_rene_prog_dvorak/serial.a
LOAD .build/obj_crkbd_rev1_legacy_rene_prog_dvorak/i2c_master.a
LOAD .build/obj_crkbd_rev1_legacy_rene_prog_dvorak/common/host.o
LOAD .build/obj_crkbd_rev1_legacy_rene_prog_dvorak/common/keyboard.o
LOAD .build/obj_crkbd_rev1_legacy_rene_prog_dvorak/common/action.o
LOAD .build/obj_crkbd_rev1_legacy_rene_prog_dvorak/common/action_tapping.o
LOAD .build/obj_crkbd_rev1_legacy_rene_prog_dvorak/common/action_macro.o
LOAD .build/obj_crkbd_rev1_legacy_rene_prog_dvorak/common/action_layer.o
LOAD .build/obj_crkbd_rev1_legacy_rene_prog_dvorak/common/action_util.o
LOAD .build/obj_crkbd_rev1_legacy_rene_prog_dvorak/common/print.o
LOAD .build/obj_crkbd_rev1_legacy_rene_prog_dvorak/common/debug.o
LOAD .build/obj_crkbd_rev1_legacy_rene_prog_dvorak/common/sendchar_null.o
LOAD .build/obj_crkbd_rev1_legacy_rene_prog_dvorak/common/util.o
LOAD .build/obj_crkbd_rev1_legacy_rene_prog_dvorak/common/eeconfig.o
LOAD .build/obj_crkbd_rev1_legacy_rene_prog_dvorak/common/report.o
LOAD .build/obj_crkbd_rev1_legacy_rene_prog_dvorak/common/avr/suspend.o
LOAD .build/obj_crkbd_rev1_legacy_rene_prog_dvorak/common/avr/timer.o
LOAD .build/obj_crkbd_rev1_legacy_rene_prog_dvorak/common/avr/bootloader.o
LOAD .build/obj_crkbd_rev1_legacy_rene_prog_dvorak/common/avr/xprintf.o
LOAD .build/obj_crkbd_rev1_legacy_rene_prog_dvorak/common/magic.o
LOAD .build/obj_crkbd_rev1_legacy_rene_prog_dvorak/lufa.o
LOAD .build/obj_crkbd_rev1_legacy_rene_prog_dvorak/usb_descriptor.o
LOAD .build/obj_crkbd_rev1_legacy_rene_prog_dvorak/lib/lufa/LUFA/Drivers/USB/Class/Common/HIDParser.o
LOAD .build/obj_crkbd_rev1_legacy_rene_prog_dvorak/lib/lufa/LUFA/Drivers/USB/Core/AVR8/Device_AVR8.o
LOAD .build/obj_crkbd_rev1_legacy_rene_prog_dvorak/lib/lufa/LUFA/Drivers/USB/Core/AVR8/EndpointStream_AVR8.o
LOAD .build/obj_crkbd_rev1_legacy_rene_prog_dvorak/lib/lufa/LUFA/Drivers/USB/Core/AVR8/Endpoint_AVR8.o
LOAD .build/obj_crkbd_rev1_legacy_rene_prog_dvorak/lib/lufa/LUFA/Drivers/USB/Core/AVR8/Host_AVR8.o
LOAD .build/obj_crkbd_rev1_legacy_rene_prog_dvorak/lib/lufa/LUFA/Drivers/USB/Core/AVR8/PipeStream_AVR8.o
LOAD .build/obj_crkbd_rev1_legacy_rene_prog_dvorak/lib/lufa/LUFA/Drivers/USB/Core/AVR8/Pipe_AVR8.o
LOAD .build/obj_crkbd_rev1_legacy_rene_prog_dvorak/lib/lufa/LUFA/Drivers/USB/Core/AVR8/USBController_AVR8.o
LOAD .build/obj_crkbd_rev1_legacy_rene_prog_dvorak/lib/lufa/LUFA/Drivers/USB/Core/AVR8/USBInterrupt_AVR8.o
LOAD .build/obj_crkbd_rev1_legacy_rene_prog_dvorak/lib/lufa/LUFA/Drivers/USB/Core/ConfigDescriptors.o
LOAD .build/obj_crkbd_rev1_legacy_rene_prog_dvorak/lib/lufa/LUFA/Drivers/USB/Core/DeviceStandardReq.o
LOAD .build/obj_crkbd_rev1_legacy_rene_prog_dvorak/lib/lufa/LUFA/Drivers/USB/Core/Events.o
LOAD .build/obj_crkbd_rev1_legacy_rene_prog_dvorak/lib/lufa/LUFA/Drivers/USB/Core/HostStandardReq.o
LOAD .build/obj_crkbd_rev1_legacy_rene_prog_dvorak/lib/lufa/LUFA/Drivers/USB/Core/USBTask.o
LOAD c:/msys64/mingw64/bin/../lib/gcc/avr/8.4.0/../../../../avr/lib/avr5\libm.a
START GROUP
LOAD c:/msys64/mingw64/bin/../lib/gcc/avr/8.4.0/avr5\libgcc.a
LOAD c:/msys64/mingw64/bin/../lib/gcc/avr/8.4.0/../../../../avr/lib/avr5\libm.a
LOAD c:/msys64/mingw64/bin/../lib/gcc/avr/8.4.0/../../../../avr/lib/avr5\libc.a
LOAD c:/msys64/mingw64/bin/../lib/gcc/avr/8.4.0/../../../../avr/lib/avr5\libatmega32u4.a
END GROUP
                0x0000000000020000                __TEXT_REGION_LENGTH__ = DEFINED (__TEXT_REGION_LENGTH__)?__TEXT_REGION_LENGTH__:0x20000
                0x000000000000ffa0                __DATA_REGION_LENGTH__ = DEFINED (__DATA_REGION_LENGTH__)?__DATA_REGION_LENGTH__:0xffa0
                0x0000000000010000                __EEPROM_REGION_LENGTH__ = DEFINED (__EEPROM_REGION_LENGTH__)?__EEPROM_REGION_LENGTH__:0x10000
                0x0000000000000400                __FUSE_REGION_LENGTH__ = DEFINED (__FUSE_REGION_LENGTH__)?__FUSE_REGION_LENGTH__:0x400
                0x0000000000000400                __LOCK_REGION_LENGTH__ = DEFINED (__LOCK_REGION_LENGTH__)?__LOCK_REGION_LENGTH__:0x400
                0x0000000000000400                __SIGNATURE_REGION_LENGTH__ = DEFINED (__SIGNATURE_REGION_LENGTH__)?__SIGNATURE_REGION_LENGTH__:0x400
                0x0000000000000400                __USER_SIGNATURE_REGION_LENGTH__ = DEFINED (__USER_SIGNATURE_REGION_LENGTH__)?__USER_SIGNATURE_REGION_LENGTH__:0x400

.hash
 *(.hash)

.dynsym
 *(.dynsym)

.dynstr
 *(.dynstr)

.gnu.version
 *(.gnu.version)

.gnu.version_d
 *(.gnu.version_d)

.gnu.version_r
 *(.gnu.version_r)

.rel.init
 *(.rel.init)

.rela.init
 *(.rela.init)

.rel.text
 *(.rel.text)
 *(.rel.text.*)
 *(.rel.gnu.linkonce.t*)

.rela.text
 *(.rela.text)
 *(.rela.text.*)
 *(.rela.gnu.linkonce.t*)

.rel.fini
 *(.rel.fini)

.rela.fini
 *(.rela.fini)

.rel.rodata
 *(.rel.rodata)
 *(.rel.rodata.*)
 *(.rel.gnu.linkonce.r*)

.rela.rodata
 *(.rela.rodata)
 *(.rela.rodata.*)
 *(.rela.gnu.linkonce.r*)

.rel.data
 *(.rel.data)
 *(.rel.data.*)
 *(.rel.gnu.linkonce.d*)

.rela.data
 *(.rela.data)
 *(.rela.data.*)
 *(.rela.gnu.linkonce.d*)

.rel.ctors
 *(.rel.ctors)

.rela.ctors
 *(.rela.ctors)

.rel.dtors
 *(.rel.dtors)

.rela.dtors
 *(.rela.dtors)

.rel.got
 *(.rel.got)

.rela.got
 *(.rela.got)

.rel.bss
 *(.rel.bss)

.rela.bss
 *(.rela.bss)

.rel.plt
 *(.rel.plt)

.rela.plt
 *(.rela.plt)

.text           0x0000000000000000     0x575a
 *(.vectors)
 .vectors       0x0000000000000000       0xac c:/msys64/mingw64/bin/../lib/gcc/avr/8.4.0/../../../../avr/lib/avr5/crtatmega32u4.o
                0x0000000000000000                __vector_default
                0x0000000000000000                __vectors
 *(.vectors)
 *(.progmem.gcc*)
                0x00000000000000ac                . = ALIGN (0x2)
                0x00000000000000ac                __trampolines_start = .
 *(.trampolines)
 .trampolines   0x00000000000000ac        0x0 linker stubs
 *(.trampolines*)
                0x00000000000000ac                __trampolines_end = .
 *libprintf_flt.a:*(.progmem.data)
 *libc.a:*(.progmem.data)
 *(.progmem.*)
 .progmem.data.default_layer.6267
                0x00000000000000ac       0x10 .build/obj_crkbd_rev1_legacy_rene_prog_dvorak/keyboards/crkbd/keymaps/rene_prog_dvorak/keymap.o
 .progmem.data.raise_layer.6268
                0x00000000000000bc       0x10 .build/obj_crkbd_rev1_legacy_rene_prog_dvorak/keyboards/crkbd/keymaps/rene_prog_dvorak/keymap.o
 .progmem.data.lower_layer.6269
                0x00000000000000cc       0x10 .build/obj_crkbd_rev1_legacy_rene_prog_dvorak/keyboards/crkbd/keymaps/rene_prog_dvorak/keymap.o
 .progmem.data.corne_logo.6263
                0x00000000000000dc       0x10 .build/obj_crkbd_rev1_legacy_rene_prog_dvorak/keyboards/crkbd/keymaps/rene_prog_dvorak/keymap.o
 .progmem.data.__c.6258
                0x00000000000000ec        0x6 .build/obj_crkbd_rev1_legacy_rene_prog_dvorak/keyboards/crkbd/keymaps/rene_prog_dvorak/keymap.o
 .progmem.data.corne_logo.6257
                0x00000000000000f2       0x10 .build/obj_crkbd_rev1_legacy_rene_prog_dvorak/keyboards/crkbd/keymaps/rene_prog_dvorak/keymap.o
 .progmem.data.shift_off_2.6243
                0x0000000000000102        0x3 .build/obj_crkbd_rev1_legacy_rene_prog_dvorak/keyboards/crkbd/keymaps/rene_prog_dvorak/keymap.o
 .progmem.data.shift_on_2.6245
                0x0000000000000105        0x3 .build/obj_crkbd_rev1_legacy_rene_prog_dvorak/keyboards/crkbd/keymaps/rene_prog_dvorak/keymap.o
 .progmem.data.off_off_2.6247
                0x0000000000000108        0x2 .build/obj_crkbd_rev1_legacy_rene_prog_dvorak/keyboards/crkbd/keymaps/rene_prog_dvorak/keymap.o
 .progmem.data.off_on_2.6251
                0x000000000000010a        0x2 .build/obj_crkbd_rev1_legacy_rene_prog_dvorak/keyboards/crkbd/keymaps/rene_prog_dvorak/keymap.o
 .progmem.data.on_off_2.6249
                0x000000000000010c        0x2 .build/obj_crkbd_rev1_legacy_rene_prog_dvorak/keyboards/crkbd/keymaps/rene_prog_dvorak/keymap.o
 .progmem.data.ctrl_off_2.6239
                0x000000000000010e        0x3 .build/obj_crkbd_rev1_legacy_rene_prog_dvorak/keyboards/crkbd/keymaps/rene_prog_dvorak/keymap.o
 .progmem.data.ctrl_on_2.6241
                0x0000000000000111        0x3 .build/obj_crkbd_rev1_legacy_rene_prog_dvorak/keyboards/crkbd/keymaps/rene_prog_dvorak/keymap.o
 .progmem.data.shift_off_1.6242
                0x0000000000000114        0x3 .build/obj_crkbd_rev1_legacy_rene_prog_dvorak/keyboards/crkbd/keymaps/rene_prog_dvorak/keymap.o
 .progmem.data.shift_on_1.6244
                0x0000000000000117        0x3 .build/obj_crkbd_rev1_legacy_rene_prog_dvorak/keyboards/crkbd/keymaps/rene_prog_dvorak/keymap.o
 .progmem.data.off_off_1.6246
                0x000000000000011a        0x2 .build/obj_crkbd_rev1_legacy_rene_prog_dvorak/keyboards/crkbd/keymaps/rene_prog_dvorak/keymap.o
 .progmem.data.off_on_1.6250
                0x000000000000011c        0x2 .build/obj_crkbd_rev1_legacy_rene_prog_dvorak/keyboards/crkbd/keymaps/rene_prog_dvorak/keymap.o
 .progmem.data.on_off_1.6248
                0x000000000000011e        0x2 .build/obj_crkbd_rev1_legacy_rene_prog_dvorak/keyboards/crkbd/keymaps/rene_prog_dvorak/keymap.o
 .progmem.data.on_on_1.6252
                0x0000000000000120        0x2 .build/obj_crkbd_rev1_legacy_rene_prog_dvorak/keyboards/crkbd/keymaps/rene_prog_dvorak/keymap.o
 .progmem.data.ctrl_off_1.6238
                0x0000000000000122        0x3 .build/obj_crkbd_rev1_legacy_rene_prog_dvorak/keyboards/crkbd/keymaps/rene_prog_dvorak/keymap.o
 .progmem.data.ctrl_on_1.6240
                0x0000000000000125        0x3 .build/obj_crkbd_rev1_legacy_rene_prog_dvorak/keyboards/crkbd/keymaps/rene_prog_dvorak/keymap.o
 .progmem.data.alt_off_2.6224
                0x0000000000000128        0x3 .build/obj_crkbd_rev1_legacy_rene_prog_dvorak/keyboards/crkbd/keymaps/rene_prog_dvorak/keymap.o
 .progmem.data.alt_on_2.6226
                0x000000000000012b        0x3 .build/obj_crkbd_rev1_legacy_rene_prog_dvorak/keyboards/crkbd/keymaps/rene_prog_dvorak/keymap.o
 .progmem.data.off_off_2.6228
                0x000000000000012e        0x2 .build/obj_crkbd_rev1_legacy_rene_prog_dvorak/keyboards/crkbd/keymaps/rene_prog_dvorak/keymap.o
 .progmem.data.off_on_2.6232
                0x0000000000000130        0x2 .build/obj_crkbd_rev1_legacy_rene_prog_dvorak/keyboards/crkbd/keymaps/rene_prog_dvorak/keymap.o
 .progmem.data.on_off_2.6230
                0x0000000000000132        0x2 .build/obj_crkbd_rev1_legacy_rene_prog_dvorak/keyboards/crkbd/keymaps/rene_prog_dvorak/keymap.o
 .progmem.data.gui_off_2.6220
                0x0000000000000134        0x3 .build/obj_crkbd_rev1_legacy_rene_prog_dvorak/keyboards/crkbd/keymaps/rene_prog_dvorak/keymap.o
 .progmem.data.gui_on_2.6222
                0x0000000000000137        0x3 .build/obj_crkbd_rev1_legacy_rene_prog_dvorak/keyboards/crkbd/keymaps/rene_prog_dvorak/keymap.o
 .progmem.data.alt_off_1.6223
                0x000000000000013a        0x3 .build/obj_crkbd_rev1_legacy_rene_prog_dvorak/keyboards/crkbd/keymaps/rene_prog_dvorak/keymap.o
 .progmem.data.alt_on_1.6225
                0x000000000000013d        0x3 .build/obj_crkbd_rev1_legacy_rene_prog_dvorak/keyboards/crkbd/keymaps/rene_prog_dvorak/keymap.o
 .progmem.data.off_off_1.6227
                0x0000000000000140        0x2 .build/obj_crkbd_rev1_legacy_rene_prog_dvorak/keyboards/crkbd/keymaps/rene_prog_dvorak/keymap.o
 .progmem.data.off_on_1.6231
                0x0000000000000142        0x2 .build/obj_crkbd_rev1_legacy_rene_prog_dvorak/keyboards/crkbd/keymaps/rene_prog_dvorak/keymap.o
 .progmem.data.on_off_1.6229
                0x0000000000000144        0x2 .build/obj_crkbd_rev1_legacy_rene_prog_dvorak/keyboards/crkbd/keymaps/rene_prog_dvorak/keymap.o
 .progmem.data.on_on_1.6233
                0x0000000000000146        0x2 .build/obj_crkbd_rev1_legacy_rene_prog_dvorak/keyboards/crkbd/keymaps/rene_prog_dvorak/keymap.o
 .progmem.data.gui_off_1.6219
                0x0000000000000148        0x3 .build/obj_crkbd_rev1_legacy_rene_prog_dvorak/keyboards/crkbd/keymaps/rene_prog_dvorak/keymap.o
 .progmem.data.gui_on_1.6221
                0x000000000000014b        0x3 .build/obj_crkbd_rev1_legacy_rene_prog_dvorak/keyboards/crkbd/keymaps/rene_prog_dvorak/keymap.o
 .progmem.data.__c.6214
                0x000000000000014e        0x6 .build/obj_crkbd_rev1_legacy_rene_prog_dvorak/keyboards/crkbd/keymaps/rene_prog_dvorak/keymap.o
 .progmem.data.keymaps
                0x0000000000000154      0x120 .build/obj_crkbd_rev1_legacy_rene_prog_dvorak/keyboards/crkbd/keymaps/rene_prog_dvorak/keymap.o
                0x0000000000000154                keymaps
 .progmem.data.display_off.2196
                0x0000000000000274        0x2 .build/obj_crkbd_rev1_legacy_rene_prog_dvorak/oled_driver.o
 .progmem.data.display_on.2192
                0x0000000000000276        0x2 .build/obj_crkbd_rev1_legacy_rene_prog_dvorak/oled_driver.o
 .progmem.data.display_setup2.2029
                0x0000000000000278        0xd .build/obj_crkbd_rev1_legacy_rene_prog_dvorak/oled_driver.o
 .progmem.data.display_flipped.2028
                0x0000000000000285        0x3 .build/obj_crkbd_rev1_legacy_rene_prog_dvorak/oled_driver.o
 .progmem.data.display_normal.2027
                0x0000000000000288        0x3 .build/obj_crkbd_rev1_legacy_rene_prog_dvorak/oled_driver.o
 .progmem.data.display_setup1.2026
                0x000000000000028b        0xd .build/obj_crkbd_rev1_legacy_rene_prog_dvorak/oled_driver.o
 .progmem.data.font
                0x0000000000000298      0x540 .build/obj_crkbd_rev1_legacy_rene_prog_dvorak/oled_driver.o
                0x0000000000000298                font
 .progmem.data.SerialNumberString
                0x00000000000007d8        0x6 .build/obj_crkbd_rev1_legacy_rene_prog_dvorak/usb_descriptor.o
                0x00000000000007d8                SerialNumberString
 .progmem.data.ProductString
                0x00000000000007de       0x4a .build/obj_crkbd_rev1_legacy_rene_prog_dvorak/usb_descriptor.o
                0x00000000000007de                ProductString
 .progmem.data.ManufacturerString
                0x0000000000000828       0x12 .build/obj_crkbd_rev1_legacy_rene_prog_dvorak/usb_descriptor.o
                0x0000000000000828                ManufacturerString
 .progmem.data.LanguageString
                0x000000000000083a        0x4 .build/obj_crkbd_rev1_legacy_rene_prog_dvorak/usb_descriptor.o
                0x000000000000083a                LanguageString
 .progmem.data.ConfigurationDescriptor
                0x000000000000083e       0x3b .build/obj_crkbd_rev1_legacy_rene_prog_dvorak/usb_descriptor.o
                0x000000000000083e                ConfigurationDescriptor
 .progmem.data.DeviceDescriptor
                0x0000000000000879       0x12 .build/obj_crkbd_rev1_legacy_rene_prog_dvorak/usb_descriptor.o
                0x0000000000000879                DeviceDescriptor
 .progmem.data.SharedReport
                0x000000000000088b       0x6d .build/obj_crkbd_rev1_legacy_rene_prog_dvorak/usb_descriptor.o
                0x000000000000088b                SharedReport
 .progmem.data.KeyboardReport
                0x00000000000008f8       0x40 .build/obj_crkbd_rev1_legacy_rene_prog_dvorak/usb_descriptor.o
                0x00000000000008f8                KeyboardReport
                0x0000000000000938                . = ALIGN (0x2)
 *(.lowtext)
 *(.lowtext*)
                0x0000000000000938                __ctors_start = .
 *(.ctors)
                0x0000000000000938                __ctors_end = .
                0x0000000000000938                __dtors_start = .
 *(.dtors)
                0x0000000000000938                __dtors_end = .
 SORT_BY_NAME(*)(.ctors)
 SORT_BY_NAME(*)(.dtors)
 *(.init0)
 .init0         0x0000000000000938        0x0 c:/msys64/mingw64/bin/../lib/gcc/avr/8.4.0/../../../../avr/lib/avr5/crtatmega32u4.o
                0x0000000000000938                __init
 *(.init0)
 *(.init1)
 *(.init1)
 *(.init2)
 .init2         0x0000000000000938        0xc c:/msys64/mingw64/bin/../lib/gcc/avr/8.4.0/../../../../avr/lib/avr5/crtatmega32u4.o
 *(.init2)
 *(.init3)
 .init3         0x0000000000000944       0x54 .build/obj_crkbd_rev1_legacy_rene_prog_dvorak/common/avr/bootloader.o
                0x0000000000000944                bootloader_jump_after_watchdog_reset
 *(.init3)
 *(.init4)
 .init4         0x0000000000000998       0x16 c:/msys64/mingw64/bin/../lib/gcc/avr/8.4.0/avr5\libgcc.a(_copy_data.o)
                0x0000000000000998                __do_copy_data
 .init4         0x00000000000009ae       0x10 c:/msys64/mingw64/bin/../lib/gcc/avr/8.4.0/avr5\libgcc.a(_clear_bss.o)
                0x00000000000009ae                __do_clear_bss
 *(.init4)
 *(.init5)
 *(.init5)
 *(.init6)
 *(.init6)
 *(.init7)
 *(.init7)
 *(.init8)
 *(.init8)
 *(.init9)
 .init9         0x00000000000009be        0x8 c:/msys64/mingw64/bin/../lib/gcc/avr/8.4.0/../../../../avr/lib/avr5/crtatmega32u4.o
 *(.init9)
 *(.text)
 .text          0x00000000000009c6        0x4 c:/msys64/mingw64/bin/../lib/gcc/avr/8.4.0/../../../../avr/lib/avr5/crtatmega32u4.o
                0x00000000000009c6                __vector_38
                0x00000000000009c6                __vector_22
                0x00000000000009c6                __vector_28
                0x00000000000009c6                __vector_1
                0x00000000000009c6                __vector_32
                0x00000000000009c6                __vector_34
                0x00000000000009c6                __vector_24
                0x00000000000009c6                __bad_interrupt
                0x00000000000009c6                __vector_6
                0x00000000000009c6                __vector_31
                0x00000000000009c6                __vector_35
                0x00000000000009c6                __vector_39
                0x00000000000009c6                __vector_23
                0x00000000000009c6                __vector_30
                0x00000000000009c6                __vector_25
                0x00000000000009c6                __vector_13
                0x00000000000009c6                __vector_17
                0x00000000000009c6                __vector_19
                0x00000000000009c6                __vector_7
                0x00000000000009c6                __vector_41
                0x00000000000009c6                __vector_27
                0x00000000000009c6                __vector_5
                0x00000000000009c6                __vector_33
                0x00000000000009c6                __vector_37
                0x00000000000009c6                __vector_4
                0x00000000000009c6                __vector_9
                0x00000000000009c6                __vector_2
                0x00000000000009c6                __vector_15
                0x00000000000009c6                __vector_36
                0x00000000000009c6                __vector_29
                0x00000000000009c6                __vector_40
                0x00000000000009c6                __vector_8
                0x00000000000009c6                __vector_26
                0x00000000000009c6                __vector_14
                0x00000000000009c6                __vector_16
                0x00000000000009c6                __vector_18
                0x00000000000009c6                __vector_20
                0x00000000000009c6                __vector_42
                0x00000000000009ca                . = ALIGN (0x2)
 *(.text.*)
 .text.unselect_rows
                0x00000000000009ca       0x42 .build/obj_crkbd_rev1_legacy_rene_prog_dvorak/matrix.o
 .text.matrix_init_user
                0x0000000000000a0c        0x2 .build/obj_crkbd_rev1_legacy_rene_prog_dvorak/matrix.o
                0x0000000000000a0c                matrix_init_user
 .text.matrix_scan_user
                0x0000000000000a0e        0x2 .build/obj_crkbd_rev1_legacy_rene_prog_dvorak/matrix.o
                0x0000000000000a0e                matrix_scan_user
 .text.matrix_scan_kb
                0x0000000000000a10        0x4 .build/obj_crkbd_rev1_legacy_rene_prog_dvorak/matrix.o
                0x0000000000000a10                matrix_scan_kb
 .text.tx_rx_leds_init
                0x0000000000000a14        0xa .build/obj_crkbd_rev1_legacy_rene_prog_dvorak/matrix.o
                0x0000000000000a14                tx_rx_leds_init
 .text.tx_led_on
                0x0000000000000a1e        0x4 .build/obj_crkbd_rev1_legacy_rene_prog_dvorak/matrix.o
                0x0000000000000a1e                tx_led_on
 .text.tx_led_off
                0x0000000000000a22        0x4 .build/obj_crkbd_rev1_legacy_rene_prog_dvorak/matrix.o
                0x0000000000000a22                tx_led_off
 .text.rx_led_on
                0x0000000000000a26        0x4 .build/obj_crkbd_rev1_legacy_rene_prog_dvorak/matrix.o
                0x0000000000000a26                rx_led_on
 .text.rx_led_off
                0x0000000000000a2a        0x4 .build/obj_crkbd_rev1_legacy_rene_prog_dvorak/matrix.o
                0x0000000000000a2a                rx_led_off
 .text.matrix_init
                0x0000000000000a2e       0x62 .build/obj_crkbd_rev1_legacy_rene_prog_dvorak/matrix.o
                0x0000000000000a2e                matrix_init
 .text._matrix_scan
                0x0000000000000a90      0x134 .build/obj_crkbd_rev1_legacy_rene_prog_dvorak/matrix.o
                0x0000000000000a90                _matrix_scan
 .text.serial_transaction
                0x0000000000000bc4       0x5e .build/obj_crkbd_rev1_legacy_rene_prog_dvorak/matrix.o
                0x0000000000000bc4                serial_transaction
 .text.matrix_slave_scan
                0x0000000000000c22       0x44 .build/obj_crkbd_rev1_legacy_rene_prog_dvorak/matrix.o
                0x0000000000000c22                matrix_slave_scan
 .text.matrix_scan
                0x0000000000000c66       0xe8 .build/obj_crkbd_rev1_legacy_rene_prog_dvorak/matrix.o
                0x0000000000000c66                matrix_scan
 .text.matrix_get_row
                0x0000000000000d4e        0xc .build/obj_crkbd_rev1_legacy_rene_prog_dvorak/matrix.o
                0x0000000000000d4e                matrix_get_row
 .text.matrix_print
                0x0000000000000d5a        0x2 .build/obj_crkbd_rev1_legacy_rene_prog_dvorak/matrix.o
                0x0000000000000d5a                matrix_print
 .text.has_usb  0x0000000000000d5c       0x38 .build/obj_crkbd_rev1_legacy_rene_prog_dvorak/split_util.o
                0x0000000000000d5c                has_usb
 .text.is_keyboard_left
                0x0000000000000d94        0xa .build/obj_crkbd_rev1_legacy_rene_prog_dvorak/split_util.o
                0x0000000000000d94                is_keyboard_left
 .text.split_keyboard_setup
                0x0000000000000d9e       0x1e .build/obj_crkbd_rev1_legacy_rene_prog_dvorak/split_util.o
                0x0000000000000d9e                split_keyboard_setup
 .text.serial_master_init
                0x0000000000000dbc        0xc .build/obj_crkbd_rev1_legacy_rene_prog_dvorak/split_scomm.o
                0x0000000000000dbc                serial_master_init
 .text.serial_slave_init
                0x0000000000000dc8        0xc .build/obj_crkbd_rev1_legacy_rene_prog_dvorak/split_scomm.o
                0x0000000000000dc8                serial_slave_init
 .text.serial_update_buffers
                0x0000000000000dd4       0x7a .build/obj_crkbd_rev1_legacy_rene_prog_dvorak/split_scomm.o
                0x0000000000000dd4                serial_update_buffers
 .text.matrix_init_kb
                0x0000000000000e4e        0x4 .build/obj_crkbd_rev1_legacy_rene_prog_dvorak/keyboards/crkbd/rev1/rev1.o
                0x0000000000000e4e                matrix_init_kb
 .text.oled_init_user
                0x0000000000000e52        0x4 .build/obj_crkbd_rev1_legacy_rene_prog_dvorak/keyboards/crkbd/keymaps/rene_prog_dvorak/keymap.o
                0x0000000000000e52                oled_init_user
 .text.render_space
                0x0000000000000e56        0xa .build/obj_crkbd_rev1_legacy_rene_prog_dvorak/keyboards/crkbd/keymaps/rene_prog_dvorak/keymap.o
                0x0000000000000e56                render_space
 .text.render_mod_status_gui_alt
                0x0000000000000e60       0xb0 .build/obj_crkbd_rev1_legacy_rene_prog_dvorak/keyboards/crkbd/keymaps/rene_prog_dvorak/keymap.o
                0x0000000000000e60                render_mod_status_gui_alt
 .text.render_mod_status_ctrl_shift
                0x0000000000000f10       0xb0 .build/obj_crkbd_rev1_legacy_rene_prog_dvorak/keyboards/crkbd/keymaps/rene_prog_dvorak/keymap.o
                0x0000000000000f10                render_mod_status_ctrl_shift
 .text.render_logo
                0x0000000000000fc0       0x14 .build/obj_crkbd_rev1_legacy_rene_prog_dvorak/keyboards/crkbd/keymaps/rene_prog_dvorak/keymap.o
                0x0000000000000fc0                render_logo
 .text.render_logo2
                0x0000000000000fd4       0x3c .build/obj_crkbd_rev1_legacy_rene_prog_dvorak/keyboards/crkbd/keymaps/rene_prog_dvorak/keymap.o
                0x0000000000000fd4                render_logo2
 .text.render_layer_state
                0x0000000000001010       0x2c .build/obj_crkbd_rev1_legacy_rene_prog_dvorak/keyboards/crkbd/keymaps/rene_prog_dvorak/keymap.o
                0x0000000000001010                render_layer_state
 .text.render_status_main
                0x000000000000103c       0x34 .build/obj_crkbd_rev1_legacy_rene_prog_dvorak/keyboards/crkbd/keymaps/rene_prog_dvorak/keymap.o
                0x000000000000103c                render_status_main
 .text.render_status_secondary
                0x0000000000001070       0x34 .build/obj_crkbd_rev1_legacy_rene_prog_dvorak/keyboards/crkbd/keymaps/rene_prog_dvorak/keymap.o
                0x0000000000001070                render_status_secondary
 .text.oled_task_user
                0x00000000000010a4       0x34 .build/obj_crkbd_rev1_legacy_rene_prog_dvorak/keyboards/crkbd/keymaps/rene_prog_dvorak/keymap.o
                0x00000000000010a4                oled_task_user
 .text.process_record_user
                0x00000000000010d8       0x5e .build/obj_crkbd_rev1_legacy_rene_prog_dvorak/keyboards/crkbd/keymaps/rene_prog_dvorak/keymap.o
                0x00000000000010d8                process_record_user
 .text.do_code16
                0x0000000000001136       0x6e .build/obj_crkbd_rev1_legacy_rene_prog_dvorak/quantum/quantum.o
 .text.register_code16
                0x00000000000011a4       0x2a .build/obj_crkbd_rev1_legacy_rene_prog_dvorak/quantum/quantum.o
                0x00000000000011a4                register_code16
 .text.unregister_code16
                0x00000000000011ce       0x2a .build/obj_crkbd_rev1_legacy_rene_prog_dvorak/quantum/quantum.o
                0x00000000000011ce                unregister_code16
 .text.process_action_kb
                0x00000000000011f8        0x4 .build/obj_crkbd_rev1_legacy_rene_prog_dvorak/quantum/quantum.o
                0x00000000000011f8                process_action_kb
 .text.process_record_kb
                0x00000000000011fc        0x4 .build/obj_crkbd_rev1_legacy_rene_prog_dvorak/quantum/quantum.o
                0x00000000000011fc                process_record_kb
 .text.post_process_record_user
                0x0000000000001200        0x2 .build/obj_crkbd_rev1_legacy_rene_prog_dvorak/quantum/quantum.o
                0x0000000000001200                post_process_record_user
 .text.post_process_record_kb
                0x0000000000001202        0x4 .build/obj_crkbd_rev1_legacy_rene_prog_dvorak/quantum/quantum.o
                0x0000000000001202                post_process_record_kb
 .text.get_event_keycode
                0x0000000000001206       0x66 .build/obj_crkbd_rev1_legacy_rene_prog_dvorak/quantum/quantum.o
                0x0000000000001206                get_event_keycode
 .text.get_record_keycode
                0x000000000000126c       0x12 .build/obj_crkbd_rev1_legacy_rene_prog_dvorak/quantum/quantum.o
                0x000000000000126c                get_record_keycode
 .text.post_process_record_quantum
                0x000000000000127e       0x16 .build/obj_crkbd_rev1_legacy_rene_prog_dvorak/quantum/quantum.o
                0x000000000000127e                post_process_record_quantum
 .text.matrix_init_quantum
                0x0000000000001294       0x10 .build/obj_crkbd_rev1_legacy_rene_prog_dvorak/quantum/quantum.o
                0x0000000000001294                matrix_init_quantum
 .text.matrix_scan_quantum
                0x00000000000012a4        0xc .build/obj_crkbd_rev1_legacy_rene_prog_dvorak/quantum/quantum.o
                0x00000000000012a4                matrix_scan_quantum
 .text.shutdown_user
                0x00000000000012b0        0x2 .build/obj_crkbd_rev1_legacy_rene_prog_dvorak/quantum/quantum.o
                0x00000000000012b0                shutdown_user
 .text.reset_keyboard
                0x00000000000012b2       0x1e .build/obj_crkbd_rev1_legacy_rene_prog_dvorak/quantum/quantum.o
                0x00000000000012b2                reset_keyboard
 .text.process_record_quantum
                0x00000000000012d0       0x76 .build/obj_crkbd_rev1_legacy_rene_prog_dvorak/quantum/quantum.o
                0x00000000000012d0                process_record_quantum
 .text.led_set_user
                0x0000000000001346        0x2 .build/obj_crkbd_rev1_legacy_rene_prog_dvorak/quantum/led.o
                0x0000000000001346                led_set_user
 .text.led_set_kb
                0x0000000000001348        0x4 .build/obj_crkbd_rev1_legacy_rene_prog_dvorak/quantum/led.o
                0x0000000000001348                led_set_kb
 .text.led_update_user
                0x000000000000134c        0x4 .build/obj_crkbd_rev1_legacy_rene_prog_dvorak/quantum/led.o
                0x000000000000134c                led_update_user
 .text.led_update_kb
                0x0000000000001350        0x4 .build/obj_crkbd_rev1_legacy_rene_prog_dvorak/quantum/led.o
                0x0000000000001350                led_update_kb
 .text.led_set  0x0000000000001354       0x10 .build/obj_crkbd_rev1_legacy_rene_prog_dvorak/quantum/led.o
                0x0000000000001354                led_set
 .text.keymap_key_to_keycode
                0x0000000000001364       0x28 .build/obj_crkbd_rev1_legacy_rene_prog_dvorak/quantum/keymap_common.o
                0x0000000000001364                keymap_key_to_keycode
 .text.action_for_key
                0x000000000000138c      0x1d8 .build/obj_crkbd_rev1_legacy_rene_prog_dvorak/quantum/keymap_common.o
                0x000000000000138c                action_for_key
 .text.keycode_config
                0x0000000000001564      0x12e .build/obj_crkbd_rev1_legacy_rene_prog_dvorak/quantum/keycode_config.o
                0x0000000000001564                keycode_config
 .text.mod_config
                0x0000000000001692       0x86 .build/obj_crkbd_rev1_legacy_rene_prog_dvorak/quantum/keycode_config.o
                0x0000000000001692                mod_config
 .text.get_current_wpm
                0x0000000000001718        0x6 .build/obj_crkbd_rev1_legacy_rene_prog_dvorak/quantum/wpm.o
                0x0000000000001718                get_current_wpm
 .text.wpm_keycode_user
                0x000000000000171e       0x4e .build/obj_crkbd_rev1_legacy_rene_prog_dvorak/quantum/wpm.o
                0x000000000000171e                wpm_keycode_user
 .text.wpm_keycode_kb
                0x000000000000176c        0x4 .build/obj_crkbd_rev1_legacy_rene_prog_dvorak/quantum/wpm.o
                0x000000000000176c                wpm_keycode_kb
 .text.update_wpm
                0x0000000000001770       0xac .build/obj_crkbd_rev1_legacy_rene_prog_dvorak/quantum/wpm.o
                0x0000000000001770                update_wpm
 .text.decay_wpm
                0x000000000000181c       0x84 .build/obj_crkbd_rev1_legacy_rene_prog_dvorak/quantum/wpm.o
                0x000000000000181c                decay_wpm
 .text.i2c_transmit_P.constprop.2
                0x00000000000018a0       0x60 .build/obj_crkbd_rev1_legacy_rene_prog_dvorak/oled_driver.o
 .text.oled_clear
                0x0000000000001900       0x2a .build/obj_crkbd_rev1_legacy_rene_prog_dvorak/oled_driver.o
                0x0000000000001900                oled_clear
 .text.oled_init
                0x000000000000192a       0x8c .build/obj_crkbd_rev1_legacy_rene_prog_dvorak/oled_driver.o
                0x000000000000192a                oled_init
 .text.oled_set_cursor
                0x00000000000019b6       0x2e .build/obj_crkbd_rev1_legacy_rene_prog_dvorak/oled_driver.o
                0x00000000000019b6                oled_set_cursor
 .text.oled_advance_char
                0x00000000000019e4       0x3e .build/obj_crkbd_rev1_legacy_rene_prog_dvorak/oled_driver.o
                0x00000000000019e4                oled_advance_char
 .text.oled_write_char
                0x0000000000001a22       0xf4 .build/obj_crkbd_rev1_legacy_rene_prog_dvorak/oled_driver.o
                0x0000000000001a22                oled_write_char
 .text.oled_advance_page
                0x0000000000001b16       0x66 .build/obj_crkbd_rev1_legacy_rene_prog_dvorak/oled_driver.o
                0x0000000000001b16                oled_advance_page
 .text.oled_write
                0x0000000000001b7c       0x38 .build/obj_crkbd_rev1_legacy_rene_prog_dvorak/oled_driver.o
                0x0000000000001b7c                oled_write
 .text.oled_write_P
                0x0000000000001bb4       0x24 .build/obj_crkbd_rev1_legacy_rene_prog_dvorak/oled_driver.o
                0x0000000000001bb4                oled_write_P
 .text.oled_on  0x0000000000001bd8       0x42 .build/obj_crkbd_rev1_legacy_rene_prog_dvorak/oled_driver.o
                0x0000000000001bd8                oled_on
 .text.oled_render
                0x0000000000001c1a      0x1e6 .build/obj_crkbd_rev1_legacy_rene_prog_dvorak/oled_driver.o
                0x0000000000001c1a                oled_render
 .text.oled_off
                0x0000000000001e00       0x2c .build/obj_crkbd_rev1_legacy_rene_prog_dvorak/oled_driver.o
                0x0000000000001e00                oled_off
 .text.oled_task
                0x0000000000001e2c       0x52 .build/obj_crkbd_rev1_legacy_rene_prog_dvorak/oled_driver.o
                0x0000000000001e2c                oled_task
 .text.process_tap_dance_action_on_dance_finished.part.0
                0x0000000000001e7e       0x36 .build/obj_crkbd_rev1_legacy_rene_prog_dvorak/quantum/process_keycode/process_tap_dance.o
 .text.qk_tap_dance_pair_on_each_tap
                0x0000000000001eb4       0x20 .build/obj_crkbd_rev1_legacy_rene_prog_dvorak/quantum/process_keycode/process_tap_dance.o
                0x0000000000001eb4                qk_tap_dance_pair_on_each_tap
 .text.qk_tap_dance_pair_finished
                0x0000000000001ed4       0x20 .build/obj_crkbd_rev1_legacy_rene_prog_dvorak/quantum/process_keycode/process_tap_dance.o
                0x0000000000001ed4                qk_tap_dance_pair_finished
 .text.qk_tap_dance_pair_reset
                0x0000000000001ef4       0x20 .build/obj_crkbd_rev1_legacy_rene_prog_dvorak/quantum/process_keycode/process_tap_dance.o
                0x0000000000001ef4                qk_tap_dance_pair_reset
 .text.reset_tap_dance
                0x0000000000001f14       0x8a .build/obj_crkbd_rev1_legacy_rene_prog_dvorak/quantum/process_keycode/process_tap_dance.o
                0x0000000000001f14                reset_tap_dance
 .text.preprocess_tap_dance
                0x0000000000001f9e       0x8c .build/obj_crkbd_rev1_legacy_rene_prog_dvorak/quantum/process_keycode/process_tap_dance.o
                0x0000000000001f9e                preprocess_tap_dance
 .text.process_tap_dance
                0x000000000000202a       0xb4 .build/obj_crkbd_rev1_legacy_rene_prog_dvorak/quantum/process_keycode/process_tap_dance.o
                0x000000000000202a                process_tap_dance
 .text.matrix_scan_tap_dance
                0x00000000000020de       0xae .build/obj_crkbd_rev1_legacy_rene_prog_dvorak/quantum/process_keycode/process_tap_dance.o
                0x00000000000020de                matrix_scan_tap_dance
 .text.sync_recv
                0x000000000000218c       0x10 .build/obj_crkbd_rev1_legacy_rene_prog_dvorak/serial.a(serial.o)
 .text.sync_send
                0x000000000000219c        0xc .build/obj_crkbd_rev1_legacy_rene_prog_dvorak/serial.a(serial.o)
 .text.serial_read_chunk
                0x00000000000021a8       0x5a .build/obj_crkbd_rev1_legacy_rene_prog_dvorak/serial.a(serial.o)
 .text.serial_recive_packet
                0x0000000000002202       0x50 .build/obj_crkbd_rev1_legacy_rene_prog_dvorak/serial.a(serial.o)
 .text.soft_serial_initiator_init
                0x0000000000002252       0x12 .build/obj_crkbd_rev1_legacy_rene_prog_dvorak/serial.a(serial.o)
                0x0000000000002252                soft_serial_initiator_init
 .text.soft_serial_target_init
                0x0000000000002264       0x1e .build/obj_crkbd_rev1_legacy_rene_prog_dvorak/serial.a(serial.o)
                0x0000000000002264                soft_serial_target_init
 .text.serial_write_chunk
                0x0000000000002282       0x42 .build/obj_crkbd_rev1_legacy_rene_prog_dvorak/serial.a(serial.o)
                0x0000000000002282                serial_write_chunk
 .text.serial_send_packet
                0x00000000000022c4       0x34 .build/obj_crkbd_rev1_legacy_rene_prog_dvorak/serial.a(serial.o)
 .text.__vector_3
                0x00000000000022f8      0x11e .build/obj_crkbd_rev1_legacy_rene_prog_dvorak/serial.a(serial.o)
                0x00000000000022f8                __vector_3
 .text.soft_serial_transaction
                0x0000000000002416       0xfc .build/obj_crkbd_rev1_legacy_rene_prog_dvorak/serial.a(serial.o)
                0x0000000000002416                soft_serial_transaction
 .text.i2c_init
                0x0000000000002512        0xc .build/obj_crkbd_rev1_legacy_rene_prog_dvorak/i2c_master.a(i2c_master.o)
                0x0000000000002512                i2c_init
 .text.i2c_start
                0x000000000000251e       0xb8 .build/obj_crkbd_rev1_legacy_rene_prog_dvorak/i2c_master.a(i2c_master.o)
                0x000000000000251e                i2c_start
 .text.i2c_write
                0x00000000000025d6       0x5e .build/obj_crkbd_rev1_legacy_rene_prog_dvorak/i2c_master.a(i2c_master.o)
                0x00000000000025d6                i2c_write
 .text.i2c_transmit
                0x0000000000002634       0x4e .build/obj_crkbd_rev1_legacy_rene_prog_dvorak/i2c_master.a(i2c_master.o)
                0x0000000000002634                i2c_transmit
 .text.i2c_writeReg
                0x0000000000002682       0x5a .build/obj_crkbd_rev1_legacy_rene_prog_dvorak/i2c_master.a(i2c_master.o)
                0x0000000000002682                i2c_writeReg
 .text.i2c_stop
                0x00000000000026dc        0x8 .build/obj_crkbd_rev1_legacy_rene_prog_dvorak/i2c_master.a(i2c_master.o)
                0x00000000000026dc                i2c_stop
 .text.host_set_driver
                0x00000000000026e4        0xa .build/obj_crkbd_rev1_legacy_rene_prog_dvorak/common/host.o
                0x00000000000026e4                host_set_driver
 .text.host_keyboard_leds
                0x00000000000026ee       0x18 .build/obj_crkbd_rev1_legacy_rene_prog_dvorak/common/host.o
                0x00000000000026ee                host_keyboard_leds
 .text.host_keyboard_send
                0x0000000000002706       0x34 .build/obj_crkbd_rev1_legacy_rene_prog_dvorak/common/host.o
                0x0000000000002706                host_keyboard_send
 .text.host_system_send
                0x000000000000273a       0x2c .build/obj_crkbd_rev1_legacy_rene_prog_dvorak/common/host.o
                0x000000000000273a                host_system_send
 .text.host_consumer_send
                0x0000000000002766       0x2c .build/obj_crkbd_rev1_legacy_rene_prog_dvorak/common/host.o
                0x0000000000002766                host_consumer_send
 .text.disable_jtag
                0x0000000000002792        0xe .build/obj_crkbd_rev1_legacy_rene_prog_dvorak/common/keyboard.o
                0x0000000000002792                disable_jtag
 .text.keyboard_pre_init_user
                0x00000000000027a0        0x2 .build/obj_crkbd_rev1_legacy_rene_prog_dvorak/common/keyboard.o
                0x00000000000027a0                keyboard_pre_init_user
 .text.matrix_setup
                0x00000000000027a2        0x2 .build/obj_crkbd_rev1_legacy_rene_prog_dvorak/common/keyboard.o
                0x00000000000027a2                matrix_setup
 .text.keyboard_pre_init_kb
                0x00000000000027a4        0x4 .build/obj_crkbd_rev1_legacy_rene_prog_dvorak/common/keyboard.o
                0x00000000000027a4                keyboard_pre_init_kb
 .text.keyboard_post_init_user
                0x00000000000027a8        0x2 .build/obj_crkbd_rev1_legacy_rene_prog_dvorak/common/keyboard.o
                0x00000000000027a8                keyboard_post_init_user
 .text.keyboard_post_init_kb
                0x00000000000027aa        0x4 .build/obj_crkbd_rev1_legacy_rene_prog_dvorak/common/keyboard.o
                0x00000000000027aa                keyboard_post_init_kb
 .text.keyboard_setup
                0x00000000000027ae        0xc .build/obj_crkbd_rev1_legacy_rene_prog_dvorak/common/keyboard.o
                0x00000000000027ae                keyboard_setup
 .text.is_keyboard_master
                0x00000000000027ba        0x4 .build/obj_crkbd_rev1_legacy_rene_prog_dvorak/common/keyboard.o
                0x00000000000027ba                is_keyboard_master
 .text.should_process_keypress
                0x00000000000027be        0x4 .build/obj_crkbd_rev1_legacy_rene_prog_dvorak/common/keyboard.o
                0x00000000000027be                should_process_keypress
 .text.keyboard_init
                0x00000000000027c2       0x16 .build/obj_crkbd_rev1_legacy_rene_prog_dvorak/common/keyboard.o
                0x00000000000027c2                keyboard_init
 .text.keyboard_task
                0x00000000000027d8      0x13e .build/obj_crkbd_rev1_legacy_rene_prog_dvorak/common/keyboard.o
                0x00000000000027d8                keyboard_task
 .text.action_exec
                0x0000000000002916       0x54 .build/obj_crkbd_rev1_legacy_rene_prog_dvorak/common/action.o
                0x0000000000002916                action_exec
 .text.process_record_tap_hint
                0x000000000000296a        0xa .build/obj_crkbd_rev1_legacy_rene_prog_dvorak/common/action.o
                0x000000000000296a                process_record_tap_hint
 .text.register_code
                0x0000000000002974       0x8c .build/obj_crkbd_rev1_legacy_rene_prog_dvorak/common/action.o
                0x0000000000002974                register_code
 .text.unregister_code
                0x0000000000002a00       0x50 .build/obj_crkbd_rev1_legacy_rene_prog_dvorak/common/action.o
                0x0000000000002a00                unregister_code
 .text.register_mods
                0x0000000000002a50        0xe .build/obj_crkbd_rev1_legacy_rene_prog_dvorak/common/action.o
                0x0000000000002a50                register_mods
 .text.unregister_mods
                0x0000000000002a5e        0xe .build/obj_crkbd_rev1_legacy_rene_prog_dvorak/common/action.o
                0x0000000000002a5e                unregister_mods
 .text.process_action
                0x0000000000002a6c      0x3f4 .build/obj_crkbd_rev1_legacy_rene_prog_dvorak/common/action.o
                0x0000000000002a6c                process_action
 .text.process_record_handler
                0x0000000000002e60       0x2e .build/obj_crkbd_rev1_legacy_rene_prog_dvorak/common/action.o
                0x0000000000002e60                process_record_handler
 .text.process_record
                0x0000000000002e8e       0x50 .build/obj_crkbd_rev1_legacy_rene_prog_dvorak/common/action.o
                0x0000000000002e8e                process_record
 .text.register_weak_mods
                0x0000000000002ede        0xe .build/obj_crkbd_rev1_legacy_rene_prog_dvorak/common/action.o
                0x0000000000002ede                register_weak_mods
 .text.unregister_weak_mods
                0x0000000000002eec        0xe .build/obj_crkbd_rev1_legacy_rene_prog_dvorak/common/action.o
                0x0000000000002eec                unregister_weak_mods
 .text.clear_keyboard_but_mods_and_keys
                0x0000000000002efa       0x1c .build/obj_crkbd_rev1_legacy_rene_prog_dvorak/common/action.o
                0x0000000000002efa                clear_keyboard_but_mods_and_keys
 .text.clear_keyboard_but_mods
                0x0000000000002f16        0x8 .build/obj_crkbd_rev1_legacy_rene_prog_dvorak/common/action.o
                0x0000000000002f16                clear_keyboard_but_mods
 .text.clear_keyboard
                0x0000000000002f1e        0x8 .build/obj_crkbd_rev1_legacy_rene_prog_dvorak/common/action.o
                0x0000000000002f1e                clear_keyboard
 .text.is_tap_action
                0x0000000000002f26       0x3e .build/obj_crkbd_rev1_legacy_rene_prog_dvorak/common/action.o
                0x0000000000002f26                is_tap_action
 .text.is_tap_key
                0x0000000000002f64        0x8 .build/obj_crkbd_rev1_legacy_rene_prog_dvorak/common/action.o
                0x0000000000002f64                is_tap_key
 .text.debug_event
                0x0000000000002f6c       0x1e .build/obj_crkbd_rev1_legacy_rene_prog_dvorak/common/action.o
                0x0000000000002f6c                debug_event
 .text.debug_record
                0x0000000000002f8a       0x20 .build/obj_crkbd_rev1_legacy_rene_prog_dvorak/common/action.o
                0x0000000000002f8a                debug_record
 .text.debug_waiting_buffer
                0x0000000000002faa       0x42 .build/obj_crkbd_rev1_legacy_rene_prog_dvorak/common/action_tapping.o
 .text.debug_tapping_key
                0x0000000000002fec       0x1c .build/obj_crkbd_rev1_legacy_rene_prog_dvorak/common/action_tapping.o
 .text.waiting_buffer_scan_tap
                0x0000000000003008       0xac .build/obj_crkbd_rev1_legacy_rene_prog_dvorak/common/action_tapping.o
 .text.process_tapping
                0x00000000000030b4      0x356 .build/obj_crkbd_rev1_legacy_rene_prog_dvorak/common/action_tapping.o
 .text.get_tapping_term
                0x000000000000340a        0x6 .build/obj_crkbd_rev1_legacy_rene_prog_dvorak/common/action_tapping.o
                0x000000000000340a                get_tapping_term
 .text.action_tapping_process
                0x0000000000003410      0x134 .build/obj_crkbd_rev1_legacy_rene_prog_dvorak/common/action_tapping.o
                0x0000000000003410                action_tapping_process
 .text.default_layer_state_set_user
                0x0000000000003544        0x2 .build/obj_crkbd_rev1_legacy_rene_prog_dvorak/common/action_layer.o
                0x0000000000003544                default_layer_state_set_user
 .text.default_layer_state_set_kb
                0x0000000000003546        0x4 .build/obj_crkbd_rev1_legacy_rene_prog_dvorak/common/action_layer.o
                0x0000000000003546                default_layer_state_set_kb
 .text.default_layer_state_set
                0x000000000000354a       0x18 .build/obj_crkbd_rev1_legacy_rene_prog_dvorak/common/action_layer.o
 .text.default_layer_debug
                0x0000000000003562        0x2 .build/obj_crkbd_rev1_legacy_rene_prog_dvorak/common/action_layer.o
                0x0000000000003562                default_layer_debug
 .text.default_layer_set
                0x0000000000003564        0x4 .build/obj_crkbd_rev1_legacy_rene_prog_dvorak/common/action_layer.o
                0x0000000000003564                default_layer_set
 .text.default_layer_or
                0x0000000000003568       0x24 .build/obj_crkbd_rev1_legacy_rene_prog_dvorak/common/action_layer.o
                0x0000000000003568                default_layer_or
 .text.default_layer_and
                0x000000000000358c       0x24 .build/obj_crkbd_rev1_legacy_rene_prog_dvorak/common/action_layer.o
                0x000000000000358c                default_layer_and
 .text.default_layer_xor
                0x00000000000035b0       0x24 .build/obj_crkbd_rev1_legacy_rene_prog_dvorak/common/action_layer.o
                0x00000000000035b0                default_layer_xor
 .text.layer_state_set_user
                0x00000000000035d4        0x4 .build/obj_crkbd_rev1_legacy_rene_prog_dvorak/common/action_layer.o
                0x00000000000035d4                layer_state_set_user
 .text.layer_state_set_kb
                0x00000000000035d8        0x4 .build/obj_crkbd_rev1_legacy_rene_prog_dvorak/common/action_layer.o
                0x00000000000035d8                layer_state_set_kb
 .text.layer_state_set
                0x00000000000035dc       0x18 .build/obj_crkbd_rev1_legacy_rene_prog_dvorak/common/action_layer.o
                0x00000000000035dc                layer_state_set
 .text.layer_clear
                0x00000000000035f4        0xa .build/obj_crkbd_rev1_legacy_rene_prog_dvorak/common/action_layer.o
                0x00000000000035f4                layer_clear
 .text.layer_state_cmp
                0x00000000000035fe       0x2a .build/obj_crkbd_rev1_legacy_rene_prog_dvorak/common/action_layer.o
                0x00000000000035fe                layer_state_cmp
 .text.layer_state_is
                0x0000000000003628       0x16 .build/obj_crkbd_rev1_legacy_rene_prog_dvorak/common/action_layer.o
                0x0000000000003628                layer_state_is
 .text.layer_move
                0x000000000000363e       0x2a .build/obj_crkbd_rev1_legacy_rene_prog_dvorak/common/action_layer.o
                0x000000000000363e                layer_move
 .text.layer_on
                0x0000000000003668       0x42 .build/obj_crkbd_rev1_legacy_rene_prog_dvorak/common/action_layer.o
                0x0000000000003668                layer_on
 .text.layer_off
                0x00000000000036aa       0x46 .build/obj_crkbd_rev1_legacy_rene_prog_dvorak/common/action_layer.o
                0x00000000000036aa                layer_off
 .text.layer_invert
                0x00000000000036f0       0x42 .build/obj_crkbd_rev1_legacy_rene_prog_dvorak/common/action_layer.o
                0x00000000000036f0                layer_invert
 .text.layer_or
                0x0000000000003732       0x24 .build/obj_crkbd_rev1_legacy_rene_prog_dvorak/common/action_layer.o
                0x0000000000003732                layer_or
 .text.layer_and
                0x0000000000003756       0x24 .build/obj_crkbd_rev1_legacy_rene_prog_dvorak/common/action_layer.o
                0x0000000000003756                layer_and
 .text.layer_xor
                0x000000000000377a       0x24 .build/obj_crkbd_rev1_legacy_rene_prog_dvorak/common/action_layer.o
                0x000000000000377a                layer_xor
 .text.layer_debug
                0x000000000000379e        0x2 .build/obj_crkbd_rev1_legacy_rene_prog_dvorak/common/action_layer.o
                0x000000000000379e                layer_debug
 .text.update_source_layers_cache
                0x00000000000037a0       0x5c .build/obj_crkbd_rev1_legacy_rene_prog_dvorak/common/action_layer.o
                0x00000000000037a0                update_source_layers_cache
 .text.read_source_layers_cache
                0x00000000000037fc       0x52 .build/obj_crkbd_rev1_legacy_rene_prog_dvorak/common/action_layer.o
                0x00000000000037fc                read_source_layers_cache
 .text.layer_switch_get_layer
                0x000000000000384e       0x84 .build/obj_crkbd_rev1_legacy_rene_prog_dvorak/common/action_layer.o
                0x000000000000384e                layer_switch_get_layer
 .text.layer_switch_get_action
                0x00000000000038d2       0x14 .build/obj_crkbd_rev1_legacy_rene_prog_dvorak/common/action_layer.o
                0x00000000000038d2                layer_switch_get_action
 .text.store_or_get_action
                0x00000000000038e6       0x48 .build/obj_crkbd_rev1_legacy_rene_prog_dvorak/common/action_layer.o
                0x00000000000038e6                store_or_get_action
 .text.add_key  0x000000000000392e        0xe .build/obj_crkbd_rev1_legacy_rene_prog_dvorak/common/action_util.o
                0x000000000000392e                add_key
 .text.del_key  0x000000000000393c        0xe .build/obj_crkbd_rev1_legacy_rene_prog_dvorak/common/action_util.o
                0x000000000000393c                del_key
 .text.clear_keys
                0x000000000000394a        0xc .build/obj_crkbd_rev1_legacy_rene_prog_dvorak/common/action_util.o
                0x000000000000394a                clear_keys
 .text.get_oneshot_layer
                0x0000000000003956        0xc .build/obj_crkbd_rev1_legacy_rene_prog_dvorak/common/action_util.o
                0x0000000000003956                get_oneshot_layer
 .text.get_oneshot_layer_state
                0x0000000000003962        0x8 .build/obj_crkbd_rev1_legacy_rene_prog_dvorak/common/action_util.o
                0x0000000000003962                get_oneshot_layer_state
 .text.is_oneshot_layer_active
                0x000000000000396a        0xe .build/obj_crkbd_rev1_legacy_rene_prog_dvorak/common/action_util.o
                0x000000000000396a                is_oneshot_layer_active
 .text.get_mods
                0x0000000000003978        0x6 .build/obj_crkbd_rev1_legacy_rene_prog_dvorak/common/action_util.o
                0x0000000000003978                get_mods
 .text.add_mods
                0x000000000000397e        0xc .build/obj_crkbd_rev1_legacy_rene_prog_dvorak/common/action_util.o
                0x000000000000397e                add_mods
 .text.del_mods
                0x000000000000398a        0xe .build/obj_crkbd_rev1_legacy_rene_prog_dvorak/common/action_util.o
                0x000000000000398a                del_mods
 .text.clear_mods
                0x0000000000003998        0x6 .build/obj_crkbd_rev1_legacy_rene_prog_dvorak/common/action_util.o
                0x0000000000003998                clear_mods
 .text.get_weak_mods
                0x000000000000399e        0x6 .build/obj_crkbd_rev1_legacy_rene_prog_dvorak/common/action_util.o
                0x000000000000399e                get_weak_mods
 .text.add_weak_mods
                0x00000000000039a4        0xc .build/obj_crkbd_rev1_legacy_rene_prog_dvorak/common/action_util.o
                0x00000000000039a4                add_weak_mods
 .text.del_weak_mods
                0x00000000000039b0        0xe .build/obj_crkbd_rev1_legacy_rene_prog_dvorak/common/action_util.o
                0x00000000000039b0                del_weak_mods
 .text.clear_weak_mods
                0x00000000000039be        0x6 .build/obj_crkbd_rev1_legacy_rene_prog_dvorak/common/action_util.o
                0x00000000000039be                clear_weak_mods
 .text.clear_macro_mods
                0x00000000000039c4        0x6 .build/obj_crkbd_rev1_legacy_rene_prog_dvorak/common/action_util.o
                0x00000000000039c4                clear_macro_mods
 .text.get_oneshot_mods
                0x00000000000039ca        0x6 .build/obj_crkbd_rev1_legacy_rene_prog_dvorak/common/action_util.o
                0x00000000000039ca                get_oneshot_mods
 .text.oneshot_mods_changed_user
                0x00000000000039d0        0x2 .build/obj_crkbd_rev1_legacy_rene_prog_dvorak/common/action_util.o
                0x00000000000039d0                oneshot_mods_changed_user
 .text.oneshot_mods_changed_kb
                0x00000000000039d2        0x4 .build/obj_crkbd_rev1_legacy_rene_prog_dvorak/common/action_util.o
                0x00000000000039d2                oneshot_mods_changed_kb
 .text.set_oneshot_mods
                0x00000000000039d6       0x12 .build/obj_crkbd_rev1_legacy_rene_prog_dvorak/common/action_util.o
                0x00000000000039d6                set_oneshot_mods
 .text.clear_oneshot_mods
                0x00000000000039e8       0x14 .build/obj_crkbd_rev1_legacy_rene_prog_dvorak/common/action_util.o
                0x00000000000039e8                clear_oneshot_mods
 .text.send_keyboard_report
                0x00000000000039fc       0x66 .build/obj_crkbd_rev1_legacy_rene_prog_dvorak/common/action_util.o
                0x00000000000039fc                send_keyboard_report
 .text.oneshot_layer_changed_user
                0x0000000000003a62        0x2 .build/obj_crkbd_rev1_legacy_rene_prog_dvorak/common/action_util.o
                0x0000000000003a62                oneshot_layer_changed_user
 .text.oneshot_layer_changed_kb
                0x0000000000003a64        0x4 .build/obj_crkbd_rev1_legacy_rene_prog_dvorak/common/action_util.o
                0x0000000000003a64                oneshot_layer_changed_kb
 .text.set_oneshot_layer
                0x0000000000003a68       0x20 .build/obj_crkbd_rev1_legacy_rene_prog_dvorak/common/action_util.o
                0x0000000000003a68                set_oneshot_layer
 .text.reset_oneshot_layer
                0x0000000000003a88        0xa .build/obj_crkbd_rev1_legacy_rene_prog_dvorak/common/action_util.o
                0x0000000000003a88                reset_oneshot_layer
 .text.clear_oneshot_layer_state
                0x0000000000003a92       0x30 .build/obj_crkbd_rev1_legacy_rene_prog_dvorak/common/action_util.o
                0x0000000000003a92                clear_oneshot_layer_state
 .text.eeconfig_is_enabled
                0x0000000000003ac2       0x16 .build/obj_crkbd_rev1_legacy_rene_prog_dvorak/common/eeconfig.o
                0x0000000000003ac2                eeconfig_is_enabled
 .text.eeconfig_read_debug
                0x0000000000003ad8        0x8 .build/obj_crkbd_rev1_legacy_rene_prog_dvorak/common/eeconfig.o
                0x0000000000003ad8                eeconfig_read_debug
 .text.eeconfig_read_default_layer
                0x0000000000003ae0        0x8 .build/obj_crkbd_rev1_legacy_rene_prog_dvorak/common/eeconfig.o
                0x0000000000003ae0                eeconfig_read_default_layer
 .text.eeconfig_read_keymap
                0x0000000000003ae8       0x1c .build/obj_crkbd_rev1_legacy_rene_prog_dvorak/common/eeconfig.o
                0x0000000000003ae8                eeconfig_read_keymap
 .text.eeconfig_update_kb
                0x0000000000003b04        0xc .build/obj_crkbd_rev1_legacy_rene_prog_dvorak/common/eeconfig.o
                0x0000000000003b04                eeconfig_update_kb
 .text.eeconfig_update_user
                0x0000000000003b10        0xc .build/obj_crkbd_rev1_legacy_rene_prog_dvorak/common/eeconfig.o
                0x0000000000003b10                eeconfig_update_user
 .text.eeconfig_init_user
                0x0000000000003b1c        0xa .build/obj_crkbd_rev1_legacy_rene_prog_dvorak/common/eeconfig.o
                0x0000000000003b1c                eeconfig_init_user
 .text.eeconfig_init_kb
                0x0000000000003b26        0xe .build/obj_crkbd_rev1_legacy_rene_prog_dvorak/common/eeconfig.o
                0x0000000000003b26                eeconfig_init_kb
 .text.eeconfig_init_quantum
                0x0000000000003b34       0xae .build/obj_crkbd_rev1_legacy_rene_prog_dvorak/common/eeconfig.o
                0x0000000000003b34                eeconfig_init_quantum
 .text.eeconfig_init
                0x0000000000003be2        0x4 .build/obj_crkbd_rev1_legacy_rene_prog_dvorak/common/eeconfig.o
                0x0000000000003be2                eeconfig_init
 .text.has_anykey
                0x0000000000003be6       0x28 .build/obj_crkbd_rev1_legacy_rene_prog_dvorak/common/report.o
                0x0000000000003be6                has_anykey
 .text.is_key_pressed
                0x0000000000003c0e       0x60 .build/obj_crkbd_rev1_legacy_rene_prog_dvorak/common/report.o
                0x0000000000003c0e                is_key_pressed
 .text.add_key_byte
                0x0000000000003c6e       0x34 .build/obj_crkbd_rev1_legacy_rene_prog_dvorak/common/report.o
                0x0000000000003c6e                add_key_byte
 .text.del_key_byte
                0x0000000000003ca2       0x1a .build/obj_crkbd_rev1_legacy_rene_prog_dvorak/common/report.o
                0x0000000000003ca2                del_key_byte
 .text.add_key_bit
                0x0000000000003cbc       0x28 .build/obj_crkbd_rev1_legacy_rene_prog_dvorak/common/report.o
                0x0000000000003cbc                add_key_bit
 .text.del_key_bit
                0x0000000000003ce4       0x2a .build/obj_crkbd_rev1_legacy_rene_prog_dvorak/common/report.o
                0x0000000000003ce4                del_key_bit
 .text.add_key_to_report
                0x0000000000003d0e       0x16 .build/obj_crkbd_rev1_legacy_rene_prog_dvorak/common/report.o
                0x0000000000003d0e                add_key_to_report
 .text.del_key_from_report
                0x0000000000003d24       0x16 .build/obj_crkbd_rev1_legacy_rene_prog_dvorak/common/report.o
                0x0000000000003d24                del_key_from_report
 .text.clear_keys_from_report
                0x0000000000003d3a       0x24 .build/obj_crkbd_rev1_legacy_rene_prog_dvorak/common/report.o
                0x0000000000003d3a                clear_keys_from_report
 .text.matrix_power_up
                0x0000000000003d5e        0x2 .build/obj_crkbd_rev1_legacy_rene_prog_dvorak/common/avr/suspend.o
                0x0000000000003d5e                matrix_power_up
 .text.suspend_power_down_user
                0x0000000000003d60        0x2 .build/obj_crkbd_rev1_legacy_rene_prog_dvorak/common/avr/suspend.o
                0x0000000000003d60                suspend_power_down_user
 .text.suspend_power_down_kb
                0x0000000000003d62        0x4 .build/obj_crkbd_rev1_legacy_rene_prog_dvorak/common/avr/suspend.o
                0x0000000000003d62                suspend_power_down_kb
 .text.suspend_power_down
                0x0000000000003d66       0x60 .build/obj_crkbd_rev1_legacy_rene_prog_dvorak/common/avr/suspend.o
                0x0000000000003d66                suspend_power_down
 .text.matrix_power_down
                0x0000000000003dc6        0x2 .build/obj_crkbd_rev1_legacy_rene_prog_dvorak/common/avr/suspend.o
                0x0000000000003dc6                matrix_power_down
 .text.suspend_wakeup_condition
                0x0000000000003dc8       0x28 .build/obj_crkbd_rev1_legacy_rene_prog_dvorak/common/avr/suspend.o
                0x0000000000003dc8                suspend_wakeup_condition
 .text.suspend_wakeup_init_user
                0x0000000000003df0        0x2 .build/obj_crkbd_rev1_legacy_rene_prog_dvorak/common/avr/suspend.o
                0x0000000000003df0                suspend_wakeup_init_user
 .text.suspend_wakeup_init_kb
                0x0000000000003df2        0x4 .build/obj_crkbd_rev1_legacy_rene_prog_dvorak/common/avr/suspend.o
                0x0000000000003df2                suspend_wakeup_init_kb
 .text.suspend_wakeup_init
                0x0000000000003df6       0x10 .build/obj_crkbd_rev1_legacy_rene_prog_dvorak/common/avr/suspend.o
                0x0000000000003df6                suspend_wakeup_init
 .text.__vector_12
                0x0000000000003e06       0x4e .build/obj_crkbd_rev1_legacy_rene_prog_dvorak/common/avr/suspend.o
                0x0000000000003e06                __vector_12
 .text.timer_init
                0x0000000000003e54       0x12 .build/obj_crkbd_rev1_legacy_rene_prog_dvorak/common/avr/timer.o
                0x0000000000003e54                timer_init
 .text.timer_read
                0x0000000000003e66       0x18 .build/obj_crkbd_rev1_legacy_rene_prog_dvorak/common/avr/timer.o
                0x0000000000003e66                timer_read
 .text.timer_read32
                0x0000000000003e7e       0x18 .build/obj_crkbd_rev1_legacy_rene_prog_dvorak/common/avr/timer.o
                0x0000000000003e7e                timer_read32
 .text.timer_elapsed
                0x0000000000003e96       0x1e .build/obj_crkbd_rev1_legacy_rene_prog_dvorak/common/avr/timer.o
                0x0000000000003e96                timer_elapsed
 .text.timer_elapsed32
                0x0000000000003eb4       0x38 .build/obj_crkbd_rev1_legacy_rene_prog_dvorak/common/avr/timer.o
                0x0000000000003eb4                timer_elapsed32
 .text.__vector_21
                0x0000000000003eec       0x48 .build/obj_crkbd_rev1_legacy_rene_prog_dvorak/common/avr/timer.o
                0x0000000000003eec                __vector_21
 .text.bootloader_jump
                0x0000000000003f34       0x22 .build/obj_crkbd_rev1_legacy_rene_prog_dvorak/common/avr/bootloader.o
                0x0000000000003f34                bootloader_jump
 .text.magic    0x0000000000003f56       0x44 .build/obj_crkbd_rev1_legacy_rene_prog_dvorak/common/magic.o
                0x0000000000003f56                magic
 .text.keyboard_leds
                0x0000000000003f9a        0x6 .build/obj_crkbd_rev1_legacy_rene_prog_dvorak/lufa.o
 .text.send_mouse
                0x0000000000003fa0        0x2 .build/obj_crkbd_rev1_legacy_rene_prog_dvorak/lufa.o
 .text.send_extra
                0x0000000000003fa2       0x66 .build/obj_crkbd_rev1_legacy_rene_prog_dvorak/lufa.o
 .text.send_consumer
                0x0000000000004008        0x8 .build/obj_crkbd_rev1_legacy_rene_prog_dvorak/lufa.o
 .text.send_system
                0x0000000000004010        0x8 .build/obj_crkbd_rev1_legacy_rene_prog_dvorak/lufa.o
 .text.send_keyboard
                0x0000000000004018       0x80 .build/obj_crkbd_rev1_legacy_rene_prog_dvorak/lufa.o
 .text.EVENT_USB_Device_Connect
                0x0000000000004098       0x1c .build/obj_crkbd_rev1_legacy_rene_prog_dvorak/lufa.o
                0x0000000000004098                EVENT_USB_Device_Connect
 .text.EVENT_USB_Device_Disconnect
                0x00000000000040b4        0x6 .build/obj_crkbd_rev1_legacy_rene_prog_dvorak/lufa.o
                0x00000000000040b4                EVENT_USB_Device_Disconnect
 .text.EVENT_USB_Device_Reset
                0x00000000000040ba        0x2 .build/obj_crkbd_rev1_legacy_rene_prog_dvorak/lufa.o
                0x00000000000040ba                EVENT_USB_Device_Reset
 .text.EVENT_USB_Device_Suspend
                0x00000000000040bc        0x2 .build/obj_crkbd_rev1_legacy_rene_prog_dvorak/lufa.o
                0x00000000000040bc                EVENT_USB_Device_Suspend
 .text.EVENT_USB_Device_WakeUp
                0x00000000000040be        0x4 .build/obj_crkbd_rev1_legacy_rene_prog_dvorak/lufa.o
                0x00000000000040be                EVENT_USB_Device_WakeUp
 .text.EVENT_USB_Device_ConfigurationChanged
                0x00000000000040c2       0x14 .build/obj_crkbd_rev1_legacy_rene_prog_dvorak/lufa.o
                0x00000000000040c2                EVENT_USB_Device_ConfigurationChanged
 .text.EVENT_USB_Device_ControlRequest
                0x00000000000040d6      0x16e .build/obj_crkbd_rev1_legacy_rene_prog_dvorak/lufa.o
                0x00000000000040d6                EVENT_USB_Device_ControlRequest
 .text.startup.main
                0x0000000000004244       0x7e .build/obj_crkbd_rev1_legacy_rene_prog_dvorak/lufa.o
                0x0000000000004244                main
 .text.CALLBACK_USB_GetDescriptor
                0x00000000000042c2        0x4 .build/obj_crkbd_rev1_legacy_rene_prog_dvorak/lufa.o
                0x00000000000042c2                CALLBACK_USB_GetDescriptor
 .text.get_usb_descriptor
                0x00000000000042c6       0xbc .build/obj_crkbd_rev1_legacy_rene_prog_dvorak/usb_descriptor.o
                0x00000000000042c6                get_usb_descriptor
 .text.USB_Device_SendRemoteWakeup
                0x0000000000004382       0x2c .build/obj_crkbd_rev1_legacy_rene_prog_dvorak/lib/lufa/LUFA/Drivers/USB/Core/AVR8/Device_AVR8.o
                0x0000000000004382                USB_Device_SendRemoteWakeup
 .text.Endpoint_Write_Stream_LE
                0x00000000000043ae       0x9e .build/obj_crkbd_rev1_legacy_rene_prog_dvorak/lib/lufa/LUFA/Drivers/USB/Core/AVR8/EndpointStream_AVR8.o
                0x00000000000043ae                Endpoint_Write_Stream_LE
 .text.Endpoint_Write_Control_Stream_LE
                0x000000000000444c       0xbc .build/obj_crkbd_rev1_legacy_rene_prog_dvorak/lib/lufa/LUFA/Drivers/USB/Core/AVR8/EndpointStream_AVR8.o
                0x000000000000444c                Endpoint_Write_Control_Stream_LE
 .text.Endpoint_Write_Control_PStream_LE
                0x0000000000004508       0xbe .build/obj_crkbd_rev1_legacy_rene_prog_dvorak/lib/lufa/LUFA/Drivers/USB/Core/AVR8/EndpointStream_AVR8.o
                0x0000000000004508                Endpoint_Write_Control_PStream_LE
 .text.Endpoint_ConfigureEndpoint_Prv
                0x00000000000045c6       0x68 .build/obj_crkbd_rev1_legacy_rene_prog_dvorak/lib/lufa/LUFA/Drivers/USB/Core/AVR8/Endpoint_AVR8.o
                0x00000000000045c6                Endpoint_ConfigureEndpoint_Prv
 .text.Endpoint_ClearStatusStage
                0x000000000000462e       0x3e .build/obj_crkbd_rev1_legacy_rene_prog_dvorak/lib/lufa/LUFA/Drivers/USB/Core/AVR8/Endpoint_AVR8.o
                0x000000000000462e                Endpoint_ClearStatusStage
 .text.Endpoint_WaitUntilReady
                0x000000000000466c       0x62 .build/obj_crkbd_rev1_legacy_rene_prog_dvorak/lib/lufa/LUFA/Drivers/USB/Core/AVR8/Endpoint_AVR8.o
                0x000000000000466c                Endpoint_WaitUntilReady
 .text.USB_Disable
                0x00000000000046ce       0x34 .build/obj_crkbd_rev1_legacy_rene_prog_dvorak/lib/lufa/LUFA/Drivers/USB/Core/AVR8/USBController_AVR8.o
                0x00000000000046ce                USB_Disable
 .text.USB_ResetInterface
                0x0000000000004702       0x86 .build/obj_crkbd_rev1_legacy_rene_prog_dvorak/lib/lufa/LUFA/Drivers/USB/Core/AVR8/USBController_AVR8.o
                0x0000000000004702                USB_ResetInterface
 .text.USB_Init
                0x0000000000004788       0x22 .build/obj_crkbd_rev1_legacy_rene_prog_dvorak/lib/lufa/LUFA/Drivers/USB/Core/AVR8/USBController_AVR8.o
                0x0000000000004788                USB_Init
 .text.USB_INT_DisableAllInterrupts
                0x00000000000047aa       0x10 .build/obj_crkbd_rev1_legacy_rene_prog_dvorak/lib/lufa/LUFA/Drivers/USB/Core/AVR8/USBInterrupt_AVR8.o
                0x00000000000047aa                USB_INT_DisableAllInterrupts
 .text.USB_INT_ClearAllInterrupts
                0x00000000000047ba        0xa .build/obj_crkbd_rev1_legacy_rene_prog_dvorak/lib/lufa/LUFA/Drivers/USB/Core/AVR8/USBInterrupt_AVR8.o
                0x00000000000047ba                USB_INT_ClearAllInterrupts
 .text.__vector_10
                0x00000000000047c4      0x1a8 .build/obj_crkbd_rev1_legacy_rene_prog_dvorak/lib/lufa/LUFA/Drivers/USB/Core/AVR8/USBInterrupt_AVR8.o
                0x00000000000047c4                __vector_10
 .text.__vector_11
                0x000000000000496c       0x88 .build/obj_crkbd_rev1_legacy_rene_prog_dvorak/lib/lufa/LUFA/Drivers/USB/Core/AVR8/USBInterrupt_AVR8.o
                0x000000000000496c                __vector_11
 .text.USB_Device_ProcessControlRequest
                0x00000000000049f4      0x2a4 .build/obj_crkbd_rev1_legacy_rene_prog_dvorak/lib/lufa/LUFA/Drivers/USB/Core/DeviceStandardReq.o
                0x00000000000049f4                USB_Device_ProcessControlRequest
 .text.USB_Event_Stub
                0x0000000000004c98        0x2 .build/obj_crkbd_rev1_legacy_rene_prog_dvorak/lib/lufa/LUFA/Drivers/USB/Core/Events.o
                0x0000000000004c98                EVENT_USB_Device_StartOfFrame
                0x0000000000004c98                USB_Event_Stub
 .text.USB_USBTask
                0x0000000000004c9a       0x36 .build/obj_crkbd_rev1_legacy_rene_prog_dvorak/lib/lufa/LUFA/Drivers/USB/Core/USBTask.o
                0x0000000000004c9a                USB_USBTask
 .text.avr-libc.fplib
                0x0000000000004cd0        0xe c:/msys64/mingw64/bin/../lib/gcc/avr/8.4.0/../../../../avr/lib/avr5\libm.a(addsf3.o)
                0x0000000000004cd0                __subsf3
                0x0000000000004cd2                __addsf3
 .text.avr-libc.fplib
                0x0000000000004cde       0xcc c:/msys64/mingw64/bin/../lib/gcc/avr/8.4.0/../../../../avr/lib/avr5\libm.a(addsf3x.o)
                0x0000000000004d00                __addsf3x
 .text.avr-libc.fplib
                0x0000000000004daa       0x5e c:/msys64/mingw64/bin/../lib/gcc/avr/8.4.0/../../../../avr/lib/avr5\libm.a(fixunssfsi.o)
                0x0000000000004daa                __fixunssfsi
 .text.avr-libc.fplib
                0x0000000000004e08       0x7a c:/msys64/mingw64/bin/../lib/gcc/avr/8.4.0/../../../../avr/lib/avr5\libm.a(floatsisf.o)
                0x0000000000004e08                __floatunsisf
                0x0000000000004e0c                __floatsisf
 .text.avr-libc.fplib
                0x0000000000004e82        0xc c:/msys64/mingw64/bin/../lib/gcc/avr/8.4.0/../../../../avr/lib/avr5\libm.a(fp_inf.o)
                0x0000000000004e82                __fp_inf
 .text.avr-libc.fplib
                0x0000000000004e8e        0x6 c:/msys64/mingw64/bin/../lib/gcc/avr/8.4.0/../../../../avr/lib/avr5\libm.a(fp_nan.o)
                0x0000000000004e8e                __fp_nan
 .text.avr-libc.fplib
                0x0000000000004e94        0xe c:/msys64/mingw64/bin/../lib/gcc/avr/8.4.0/../../../../avr/lib/avr5\libm.a(fp_pscA.o)
                0x0000000000004e94                __fp_pscA
 .text.avr-libc.fplib
                0x0000000000004ea2        0xe c:/msys64/mingw64/bin/../lib/gcc/avr/8.4.0/../../../../avr/lib/avr5\libm.a(fp_pscB.o)
                0x0000000000004ea2                __fp_pscB
 .text.avr-libc.fplib
                0x0000000000004eb0       0x22 c:/msys64/mingw64/bin/../lib/gcc/avr/8.4.0/../../../../avr/lib/avr5\libm.a(fp_round.o)
                0x0000000000004eb0                __fp_round
 .text.avr-libc.fplib
                0x0000000000004ed2       0x44 c:/msys64/mingw64/bin/../lib/gcc/avr/8.4.0/../../../../avr/lib/avr5\libm.a(fp_split3.o)
                0x0000000000004ed2                __fp_split3
                0x0000000000004ee2                __fp_splitA
 .text.avr-libc.fplib
                0x0000000000004f16        0xe c:/msys64/mingw64/bin/../lib/gcc/avr/8.4.0/../../../../avr/lib/avr5\libm.a(fp_zero.o)
                0x0000000000004f16                __fp_zero
                0x0000000000004f18                __fp_szero
 .text.avr-libc.fplib
                0x0000000000004f24        0x8 c:/msys64/mingw64/bin/../lib/gcc/avr/8.4.0/../../../../avr/lib/avr5\libm.a(mulsf3.o)
                0x0000000000004f24                __mulsf3
 .text.avr-libc.fplib
                0x0000000000004f2c       0xd2 c:/msys64/mingw64/bin/../lib/gcc/avr/8.4.0/../../../../avr/lib/avr5\libm.a(mulsf3x.o)
                0x0000000000004f4a                __mulsf3x
                0x0000000000004f50                __mulsf3_pse
 .text.libgcc.div
                0x0000000000004ffe       0x18 c:/msys64/mingw64/bin/../lib/gcc/avr/8.4.0/avr5\libgcc.a(_udivmodqi4.o)
                0x0000000000004ffe                __udivmodqi4
 .text.libgcc.div
                0x0000000000005016       0x28 c:/msys64/mingw64/bin/../lib/gcc/avr/8.4.0/avr5\libgcc.a(_udivmodhi4.o)
                0x0000000000005016                __udivmodhi4
 .text.libgcc.div
                0x000000000000503e       0x2e c:/msys64/mingw64/bin/../lib/gcc/avr/8.4.0/avr5\libgcc.a(_divmodsi4.o)
                0x000000000000503e                __divmodsi4
 .text.libgcc.div
                0x000000000000506c       0x10 c:/msys64/mingw64/bin/../lib/gcc/avr/8.4.0/avr5\libgcc.a(_negsi2.o)
                0x000000000000506c                __negsi2
 .text.libgcc   0x000000000000507c        0xc c:/msys64/mingw64/bin/../lib/gcc/avr/8.4.0/avr5\libgcc.a(_tablejump2.o)
                0x000000000000507c                __tablejump2__
 .text.libgcc.div
                0x0000000000005088       0x44 c:/msys64/mingw64/bin/../lib/gcc/avr/8.4.0/avr5\libgcc.a(_udivmodsi4.o)
                0x0000000000005088                __udivmodsi4
 .text.avr-libc
                0x00000000000050cc       0x12 c:/msys64/mingw64/bin/../lib/gcc/avr/8.4.0/../../../../avr/lib/avr5\libc.a(memcpy_P.o)
                0x00000000000050cc                memcpy_P
 .text.avr-libc
                0x00000000000050de       0x1a c:/msys64/mingw64/bin/../lib/gcc/avr/8.4.0/../../../../avr/lib/avr5\libc.a(memcmp.o)
                0x00000000000050de                memcmp
 .text.avr-libc
                0x00000000000050f8       0x46 c:/msys64/mingw64/bin/../lib/gcc/avr/8.4.0/../../../../avr/lib/avr5\libc.a(sprintf.o)
                0x00000000000050f8                sprintf
 .text.avr-libc
                0x000000000000513e      0x396 c:/msys64/mingw64/bin/../lib/gcc/avr/8.4.0/../../../../avr/lib/avr5\libc.a(vfprintf_std.o)
                0x000000000000513e                vfprintf
 .text.avr-libc
                0x00000000000054d4       0x16 c:/msys64/mingw64/bin/../lib/gcc/avr/8.4.0/../../../../avr/lib/avr5\libc.a(strnlen_P.o)
                0x00000000000054d4                strnlen_P
 .text.avr-libc
                0x00000000000054ea       0x16 c:/msys64/mingw64/bin/../lib/gcc/avr/8.4.0/../../../../avr/lib/avr5\libc.a(strnlen.o)
                0x00000000000054ea                strnlen
 .text.avr-libc
                0x0000000000005500       0x60 c:/msys64/mingw64/bin/../lib/gcc/avr/8.4.0/../../../../avr/lib/avr5\libc.a(fputc.o)
                0x0000000000005500                fputc
 .text.avr-libc
                0x0000000000005560       0xbc c:/msys64/mingw64/bin/../lib/gcc/avr/8.4.0/../../../../avr/lib/avr5\libc.a(ultoa_invert.o)
                0x0000000000005560                __ultoa_invert
 .text.avr-libc
                0x000000000000561c       0x10 c:/msys64/mingw64/bin/../lib/gcc/avr/8.4.0/../../../../avr/lib/avr5\libatmega32u4.a(eerd_byte.o)
                0x000000000000561c                eeprom_read_byte
 .text.avr-libc
                0x000000000000562c        0xc c:/msys64/mingw64/bin/../lib/gcc/avr/8.4.0/../../../../avr/lib/avr5\libatmega32u4.a(eerd_word.o)
                0x000000000000562c                eeprom_read_word
 .text.avr-libc
                0x0000000000005638       0x24 c:/msys64/mingw64/bin/../lib/gcc/avr/8.4.0/../../../../avr/lib/avr5\libatmega32u4.a(eeupd_byte.o)
                0x0000000000005638                eeprom_update_byte
                0x000000000000563a                eeprom_update_r18
 .text.avr-libc
                0x000000000000565c       0x18 c:/msys64/mingw64/bin/../lib/gcc/avr/8.4.0/../../../../avr/lib/avr5\libatmega32u4.a(eeupd_dword.o)
                0x000000000000565c                eeprom_update_float
                0x000000000000565c                eeprom_update_dword
 .text.avr-libc
                0x0000000000005674        0xc c:/msys64/mingw64/bin/../lib/gcc/avr/8.4.0/../../../../avr/lib/avr5\libatmega32u4.a(eeupd_word.o)
                0x0000000000005674                eeprom_update_word
 .text.avr-libc
                0x0000000000005680       0x20 c:/msys64/mingw64/bin/../lib/gcc/avr/8.4.0/../../../../avr/lib/avr5\libatmega32u4.a(eerd_block.o)
                0x0000000000005680                eeprom_read_block
                0x0000000000005684                eeprom_read_blraw
 .text.libgcc.prologue
                0x00000000000056a0       0x38 c:/msys64/mingw64/bin/../lib/gcc/avr/8.4.0/avr5\libgcc.a(_prologue.o)
                0x00000000000056a0                __prologue_saves__
 .text.libgcc.prologue
                0x00000000000056d8       0x36 c:/msys64/mingw64/bin/../lib/gcc/avr/8.4.0/avr5\libgcc.a(_epilogue.o)
                0x00000000000056d8                __epilogue_restores__
                0x000000000000570e                . = ALIGN (0x2)
 *(.fini9)
 .fini9         0x000000000000570e        0x0 c:/msys64/mingw64/bin/../lib/gcc/avr/8.4.0/avr5\libgcc.a(_exit.o)
                0x000000000000570e                _exit
                0x000000000000570e                exit
 *(.fini9)
 *(.fini8)
 *(.fini8)
 *(.fini7)
 *(.fini7)
 *(.fini6)
 *(.fini6)
 *(.fini5)
 *(.fini5)
 *(.fini4)
 *(.fini4)
 *(.fini3)
 *(.fini3)
 *(.fini2)
 *(.fini2)
 *(.fini1)
 *(.fini1)
 *(.fini0)
 .fini0         0x000000000000570e        0x4 c:/msys64/mingw64/bin/../lib/gcc/avr/8.4.0/avr5\libgcc.a(_exit.o)
 *(.fini0)
 *(.hightext)
 *(.hightext*)
 *(.progmemx.*)
                0x0000000000005712                . = ALIGN (0x2)
 *(.jumptables)
 *(.jumptables*)
 .jumptables.gcc.process_action
                0x0000000000005712       0x18 .build/obj_crkbd_rev1_legacy_rene_prog_dvorak/common/action.o
 .jumptables.gcc.is_tap_action
                0x000000000000572a       0x1c .build/obj_crkbd_rev1_legacy_rene_prog_dvorak/common/action.o
 .jumptables.gcc.USB_Device_ProcessControlRequest
                0x0000000000005746       0x14 .build/obj_crkbd_rev1_legacy_rene_prog_dvorak/lib/lufa/LUFA/Drivers/USB/Core/DeviceStandardReq.o
                0x000000000000575a                _etext = .

.data           0x0000000000800100      0x202 load address 0x000000000000575a
                0x0000000000800100                PROVIDE (__data_start = .)
 *(.data)
 *(.data*)
 .data.debouncing
                0x0000000000800100        0x1 .build/obj_crkbd_rev1_legacy_rene_prog_dvorak/matrix.o
 .data.isLeftHand
                0x0000000000800101        0x1 .build/obj_crkbd_rev1_legacy_rene_prog_dvorak/split_util.o
                0x0000000000800101                isLeftHand
 .data.transactions
                0x0000000000800102       0x18 .build/obj_crkbd_rev1_legacy_rene_prog_dvorak/split_scomm.o
                0x0000000000800102                transactions
 .data.s_change_new
                0x000000000080011a        0x1 .build/obj_crkbd_rev1_legacy_rene_prog_dvorak/split_scomm.o
                0x000000000080011a                s_change_new
 .data.s_change_old
                0x000000000080011b        0x1 .build/obj_crkbd_rev1_legacy_rene_prog_dvorak/split_scomm.o
                0x000000000080011b                s_change_old
 .data.tap_dance_actions
                0x000000000080011c      0x11e .build/obj_crkbd_rev1_legacy_rene_prog_dvorak/keyboards/crkbd/keymaps/rene_prog_dvorak/keymap.o
                0x000000000080011c                tap_dance_actions
 .data.__compound_literal.12
                0x000000000080023a        0x4 .build/obj_crkbd_rev1_legacy_rene_prog_dvorak/keyboards/crkbd/keymaps/rene_prog_dvorak/keymap.o
 .data.__compound_literal.11
                0x000000000080023e        0x4 .build/obj_crkbd_rev1_legacy_rene_prog_dvorak/keyboards/crkbd/keymaps/rene_prog_dvorak/keymap.o
 .data.__compound_literal.10
                0x0000000000800242        0x4 .build/obj_crkbd_rev1_legacy_rene_prog_dvorak/keyboards/crkbd/keymaps/rene_prog_dvorak/keymap.o
 .data.__compound_literal.9
                0x0000000000800246        0x4 .build/obj_crkbd_rev1_legacy_rene_prog_dvorak/keyboards/crkbd/keymaps/rene_prog_dvorak/keymap.o
 .data.__compound_literal.8
                0x000000000080024a        0x4 .build/obj_crkbd_rev1_legacy_rene_prog_dvorak/keyboards/crkbd/keymaps/rene_prog_dvorak/keymap.o
 .data.__compound_literal.7
                0x000000000080024e        0x4 .build/obj_crkbd_rev1_legacy_rene_prog_dvorak/keyboards/crkbd/keymaps/rene_prog_dvorak/keymap.o
 .data.__compound_literal.6
                0x0000000000800252        0x4 .build/obj_crkbd_rev1_legacy_rene_prog_dvorak/keyboards/crkbd/keymaps/rene_prog_dvorak/keymap.o
 .data.__compound_literal.5
                0x0000000000800256        0x4 .build/obj_crkbd_rev1_legacy_rene_prog_dvorak/keyboards/crkbd/keymaps/rene_prog_dvorak/keymap.o
 .data.__compound_literal.4
                0x000000000080025a        0x4 .build/obj_crkbd_rev1_legacy_rene_prog_dvorak/keyboards/crkbd/keymaps/rene_prog_dvorak/keymap.o
 .data.__compound_literal.3
                0x000000000080025e        0x4 .build/obj_crkbd_rev1_legacy_rene_prog_dvorak/keyboards/crkbd/keymaps/rene_prog_dvorak/keymap.o
 .data.__compound_literal.2
                0x0000000000800262        0x4 .build/obj_crkbd_rev1_legacy_rene_prog_dvorak/keyboards/crkbd/keymaps/rene_prog_dvorak/keymap.o
 .data.__compound_literal.1
                0x0000000000800266        0x4 .build/obj_crkbd_rev1_legacy_rene_prog_dvorak/keyboards/crkbd/keymaps/rene_prog_dvorak/keymap.o
 .data.__compound_literal.0
                0x000000000080026a        0x4 .build/obj_crkbd_rev1_legacy_rene_prog_dvorak/keyboards/crkbd/keymaps/rene_prog_dvorak/keymap.o
 .data.display_start.2072
                0x000000000080026e        0x7 .build/obj_crkbd_rev1_legacy_rene_prog_dvorak/oled_driver.o
 .data.highest_td
                0x0000000000800275        0x1 .build/obj_crkbd_rev1_legacy_rene_prog_dvorak/quantum/process_keycode/process_tap_dance.o
 .data.keyboard_report
                0x0000000000800276        0x2 .build/obj_crkbd_rev1_legacy_rene_prog_dvorak/common/action_util.o
                0x0000000000800276                keyboard_report
 .data.lufa_driver
                0x0000000000800278        0xa .build/obj_crkbd_rev1_legacy_rene_prog_dvorak/lufa.o
                0x0000000000800278                lufa_driver
 .data.keyboard_protocol
                0x0000000000800282        0x1 .build/obj_crkbd_rev1_legacy_rene_prog_dvorak/lufa.o
                0x0000000000800282                keyboard_protocol
 *(.gnu.linkonce.d*)
 *(.rodata)
 *(.rodata*)
 .rodata.col_pins
                0x0000000000800283        0x6 .build/obj_crkbd_rev1_legacy_rene_prog_dvorak/matrix.o
 .rodata.row_pins
                0x0000000000800289        0x8 .build/obj_crkbd_rev1_legacy_rene_prog_dvorak/matrix.o
 .rodata.render_logo2.str1.1
                0x0000000000800291        0x7 .build/obj_crkbd_rev1_legacy_rene_prog_dvorak/keyboards/crkbd/keymaps/rene_prog_dvorak/keymap.o
 .rodata.CSWTCH.1
                0x0000000000800298       0x2e .build/obj_crkbd_rev1_legacy_rene_prog_dvorak/quantum/keymap_common.o
 .rodata.CSWTCH.0
                0x00000000008002c6        0x3 .build/obj_crkbd_rev1_legacy_rene_prog_dvorak/quantum/keymap_common.o
 .rodata.source_map.2073
                0x00000000008002c9        0x4 .build/obj_crkbd_rev1_legacy_rene_prog_dvorak/oled_driver.o
 .rodata.target_map.2074
                0x00000000008002cd        0x4 .build/obj_crkbd_rev1_legacy_rene_prog_dvorak/oled_driver.o
 .rodata.CSWTCH.11
                0x00000000008002d1       0x2e .build/obj_crkbd_rev1_legacy_rene_prog_dvorak/common/action.o
 .rodata.CSWTCH.10
                0x00000000008002ff        0x3 .build/obj_crkbd_rev1_legacy_rene_prog_dvorak/common/action.o
 *(.gnu.linkonce.r*)
                0x0000000000800302                . = ALIGN (0x2)
                0x0000000000800302                _edata = .
                0x0000000000800302                PROVIDE (__data_end = .)

.bss            0x0000000000800302      0x331
                0x0000000000800302                PROVIDE (__bss_start = .)
 *(.bss)
 *(.bss*)
 .bss.matrix_debouncing
                0x0000000000800302        0x8 .build/obj_crkbd_rev1_legacy_rene_prog_dvorak/matrix.o
 .bss.matrix    0x000000000080030a        0x8 .build/obj_crkbd_rev1_legacy_rene_prog_dvorak/matrix.o
 .bss.is_master
                0x0000000000800312        0x1 .build/obj_crkbd_rev1_legacy_rene_prog_dvorak/matrix.o
                0x0000000000800312                is_master
 .bss.error_count
                0x0000000000800313        0x1 .build/obj_crkbd_rev1_legacy_rene_prog_dvorak/matrix.o
 .bss.usbstate.1898
                0x0000000000800314        0x1 .build/obj_crkbd_rev1_legacy_rene_prog_dvorak/split_util.o
 .bss.need_retry.1591
                0x0000000000800315        0x2 .build/obj_crkbd_rev1_legacy_rene_prog_dvorak/split_scomm.o
 .bss.slave_buffer_change_count
                0x0000000000800317        0x1 .build/obj_crkbd_rev1_legacy_rene_prog_dvorak/split_scomm.o
                0x0000000000800317                slave_buffer_change_count
 .bss.status1   0x0000000000800318        0x1 .build/obj_crkbd_rev1_legacy_rene_prog_dvorak/split_scomm.o
                0x0000000000800318                status1
 .bss.status_com
                0x0000000000800319        0x1 .build/obj_crkbd_rev1_legacy_rene_prog_dvorak/split_scomm.o
                0x0000000000800319                status_com
 .bss.serial_master_buffer
                0x000000000080031a        0x4 .build/obj_crkbd_rev1_legacy_rene_prog_dvorak/split_scomm.o
                0x000000000080031a                serial_master_buffer
 .bss.serial_slave_buffer
                0x000000000080031e        0x4 .build/obj_crkbd_rev1_legacy_rene_prog_dvorak/split_scomm.o
                0x000000000080031e                serial_slave_buffer
 .bss.oled_timer
                0x0000000000800322        0x4 .build/obj_crkbd_rev1_legacy_rene_prog_dvorak/keyboards/crkbd/keymaps/rene_prog_dvorak/keymap.o
 .bss.wpm_timer
                0x0000000000800326        0x2 .build/obj_crkbd_rev1_legacy_rene_prog_dvorak/quantum/wpm.o
 .bss.current_wpm
                0x0000000000800328        0x1 .build/obj_crkbd_rev1_legacy_rene_prog_dvorak/quantum/wpm.o
 .bss.oled_temp_buffer.2102
                0x0000000000800329        0x6 .build/obj_crkbd_rev1_legacy_rene_prog_dvorak/oled_driver.o
 .bss.temp_buffer.2075
                0x000000000080032f       0x20 .build/obj_crkbd_rev1_legacy_rene_prog_dvorak/oled_driver.o
 .bss.oled_rotation_width
                0x000000000080034f        0x1 .build/obj_crkbd_rev1_legacy_rene_prog_dvorak/oled_driver.o
                0x000000000080034f                oled_rotation_width
 .bss.oled_rotation
                0x0000000000800350        0x1 .build/obj_crkbd_rev1_legacy_rene_prog_dvorak/oled_driver.o
                0x0000000000800350                oled_rotation
 .bss.oled_scrolling
                0x0000000000800351        0x1 .build/obj_crkbd_rev1_legacy_rene_prog_dvorak/oled_driver.o
                0x0000000000800351                oled_scrolling
 .bss.oled_active
                0x0000000000800352        0x1 .build/obj_crkbd_rev1_legacy_rene_prog_dvorak/oled_driver.o
                0x0000000000800352                oled_active
 .bss.oled_initialized
                0x0000000000800353        0x1 .build/obj_crkbd_rev1_legacy_rene_prog_dvorak/oled_driver.o
                0x0000000000800353                oled_initialized
 .bss.oled_dirty
                0x0000000000800354        0x2 .build/obj_crkbd_rev1_legacy_rene_prog_dvorak/oled_driver.o
                0x0000000000800354                oled_dirty
 .bss.last_td   0x0000000000800356        0x2 .build/obj_crkbd_rev1_legacy_rene_prog_dvorak/quantum/process_keycode/process_tap_dance.o
 .bss.Transaction_table_size
                0x0000000000800358        0x1 .build/obj_crkbd_rev1_legacy_rene_prog_dvorak/serial.a(serial.o)
 .bss.Transaction_table
                0x0000000000800359        0x2 .build/obj_crkbd_rev1_legacy_rene_prog_dvorak/serial.a(serial.o)
 .bss.last_consumer_report
                0x000000000080035b        0x2 .build/obj_crkbd_rev1_legacy_rene_prog_dvorak/common/host.o
 .bss.last_system_report
                0x000000000080035d        0x2 .build/obj_crkbd_rev1_legacy_rene_prog_dvorak/common/host.o
 .bss.driver    0x000000000080035f        0x2 .build/obj_crkbd_rev1_legacy_rene_prog_dvorak/common/host.o
 .bss.led_status.5729
                0x0000000000800361        0x1 .build/obj_crkbd_rev1_legacy_rene_prog_dvorak/common/keyboard.o
 .bss.matrix_prev.5728
                0x0000000000800362        0x8 .build/obj_crkbd_rev1_legacy_rene_prog_dvorak/common/keyboard.o
 .bss.disable_action_cache
                0x000000000080036a        0x1 .build/obj_crkbd_rev1_legacy_rene_prog_dvorak/common/action.o
                0x000000000080036a                disable_action_cache
 .bss.waiting_buffer_tail
                0x000000000080036b        0x1 .build/obj_crkbd_rev1_legacy_rene_prog_dvorak/common/action_tapping.o
 .bss.waiting_buffer_head
                0x000000000080036c        0x1 .build/obj_crkbd_rev1_legacy_rene_prog_dvorak/common/action_tapping.o
 .bss.waiting_buffer
                0x000000000080036d       0x30 .build/obj_crkbd_rev1_legacy_rene_prog_dvorak/common/action_tapping.o
 .bss.tapping_key
                0x000000000080039d        0x6 .build/obj_crkbd_rev1_legacy_rene_prog_dvorak/common/action_tapping.o
 .bss.source_layers_cache