Archive member included to satisfy reference by file (symbol)

.build/obj_crkbd_rev1_legacy_dvorak_dev/serial.a(serial.o)
                              .build/obj_crkbd_rev1_legacy_dvorak_dev/split_scomm.o (soft_serial_initiator_init)
.build/obj_crkbd_rev1_legacy_dvorak_dev/i2c_master.a(i2c_master.o)
                              .build/obj_crkbd_rev1_legacy_dvorak_dev/oled_driver.o (i2c_init)
c:/msys64/mingw64/bin/../lib/gcc/avr/8.4.0/../../../../avr/lib/avr5\libm.a(addsf3.o)
                              .build/obj_crkbd_rev1_legacy_dvorak_dev/quantum/wpm.o (__addsf3)
c:/msys64/mingw64/bin/../lib/gcc/avr/8.4.0/../../../../avr/lib/avr5\libm.a(addsf3x.o)
                              c:/msys64/mingw64/bin/../lib/gcc/avr/8.4.0/../../../../avr/lib/avr5\libm.a(addsf3.o) (__addsf3x)
c:/msys64/mingw64/bin/../lib/gcc/avr/8.4.0/../../../../avr/lib/avr5\libm.a(fixunssfsi.o)
                              .build/obj_crkbd_rev1_legacy_dvorak_dev/quantum/wpm.o (__fixunssfsi)
c:/msys64/mingw64/bin/../lib/gcc/avr/8.4.0/../../../../avr/lib/avr5\libm.a(floatsisf.o)
                              .build/obj_crkbd_rev1_legacy_dvorak_dev/quantum/wpm.o (__floatsisf)
c:/msys64/mingw64/bin/../lib/gcc/avr/8.4.0/../../../../avr/lib/avr5\libm.a(fp_inf.o)
                              c:/msys64/mingw64/bin/../lib/gcc/avr/8.4.0/../../../../avr/lib/avr5\libm.a(addsf3x.o) (__fp_inf)
c:/msys64/mingw64/bin/../lib/gcc/avr/8.4.0/../../../../avr/lib/avr5\libm.a(fp_nan.o)
                              c:/msys64/mingw64/bin/../lib/gcc/avr/8.4.0/../../../../avr/lib/avr5\libm.a(addsf3x.o) (__fp_nan)
c:/msys64/mingw64/bin/../lib/gcc/avr/8.4.0/../../../../avr/lib/avr5\libm.a(fp_pscA.o)
                              c:/msys64/mingw64/bin/../lib/gcc/avr/8.4.0/../../../../avr/lib/avr5\libm.a(addsf3x.o) (__fp_pscA)
c:/msys64/mingw64/bin/../lib/gcc/avr/8.4.0/../../../../avr/lib/avr5\libm.a(fp_pscB.o)
                              c:/msys64/mingw64/bin/../lib/gcc/avr/8.4.0/../../../../avr/lib/avr5\libm.a(addsf3x.o) (__fp_pscB)
c:/msys64/mingw64/bin/../lib/gcc/avr/8.4.0/../../../../avr/lib/avr5\libm.a(fp_round.o)
                              c:/msys64/mingw64/bin/../lib/gcc/avr/8.4.0/../../../../avr/lib/avr5\libm.a(addsf3.o) (__fp_round)
c:/msys64/mingw64/bin/../lib/gcc/avr/8.4.0/../../../../avr/lib/avr5\libm.a(fp_split3.o)
                              c:/msys64/mingw64/bin/../lib/gcc/avr/8.4.0/../../../../avr/lib/avr5\libm.a(addsf3x.o) (__fp_split3)
c:/msys64/mingw64/bin/../lib/gcc/avr/8.4.0/../../../../avr/lib/avr5\libm.a(fp_zero.o)
                              c:/msys64/mingw64/bin/../lib/gcc/avr/8.4.0/../../../../avr/lib/avr5\libm.a(addsf3x.o) (__fp_zero)
c:/msys64/mingw64/bin/../lib/gcc/avr/8.4.0/../../../../avr/lib/avr5\libm.a(mulsf3.o)
                              .build/obj_crkbd_rev1_legacy_dvorak_dev/quantum/wpm.o (__mulsf3)
c:/msys64/mingw64/bin/../lib/gcc/avr/8.4.0/../../../../avr/lib/avr5\libm.a(mulsf3x.o)
                              c:/msys64/mingw64/bin/../lib/gcc/avr/8.4.0/../../../../avr/lib/avr5\libm.a(mulsf3.o) (__mulsf3x)
c:/msys64/mingw64/bin/../lib/gcc/avr/8.4.0/avr5\libgcc.a(_udivmodqi4.o)
                              .build/obj_crkbd_rev1_legacy_dvorak_dev/oled_driver.o (__udivmodqi4)
c:/msys64/mingw64/bin/../lib/gcc/avr/8.4.0/avr5\libgcc.a(_udivmodhi4.o)
                              .build/obj_crkbd_rev1_legacy_dvorak_dev/oled_driver.o (__udivmodhi4)
c:/msys64/mingw64/bin/../lib/gcc/avr/8.4.0/avr5\libgcc.a(_divmodsi4.o)
                              .build/obj_crkbd_rev1_legacy_dvorak_dev/quantum/wpm.o (__divmodsi4)
c:/msys64/mingw64/bin/../lib/gcc/avr/8.4.0/avr5\libgcc.a(_negsi2.o)
                              c:/msys64/mingw64/bin/../lib/gcc/avr/8.4.0/avr5\libgcc.a(_divmodsi4.o) (__negsi2)
c:/msys64/mingw64/bin/../lib/gcc/avr/8.4.0/avr5\libgcc.a(_exit.o)
                              c:/msys64/mingw64/bin/../lib/gcc/avr/8.4.0/../../../../avr/lib/avr5/crtatmega32u4.o (exit)
c:/msys64/mingw64/bin/../lib/gcc/avr/8.4.0/avr5\libgcc.a(_tablejump2.o)
                              .build/obj_crkbd_rev1_legacy_dvorak_dev/common/action.o (__tablejump2__)
c:/msys64/mingw64/bin/../lib/gcc/avr/8.4.0/avr5\libgcc.a(_copy_data.o)
                              .build/obj_crkbd_rev1_legacy_dvorak_dev/matrix.o (__do_copy_data)
c:/msys64/mingw64/bin/../lib/gcc/avr/8.4.0/avr5\libgcc.a(_clear_bss.o)
                              .build/obj_crkbd_rev1_legacy_dvorak_dev/matrix.o (__do_clear_bss)
c:/msys64/mingw64/bin/../lib/gcc/avr/8.4.0/avr5\libgcc.a(_udivmodsi4.o)
                              c:/msys64/mingw64/bin/../lib/gcc/avr/8.4.0/avr5\libgcc.a(_divmodsi4.o) (__udivmodsi4)
c:/msys64/mingw64/bin/../lib/gcc/avr/8.4.0/../../../../avr/lib/avr5\libc.a(memcpy_P.o)
                              .build/obj_crkbd_rev1_legacy_dvorak_dev/oled_driver.o (memcpy_P)
c:/msys64/mingw64/bin/../lib/gcc/avr/8.4.0/../../../../avr/lib/avr5\libc.a(memcmp.o)
                              .build/obj_crkbd_rev1_legacy_dvorak_dev/matrix.o (memcmp)
[...]
Memory Configuration

Name             Origin             Length             Attributes
text             0x0000000000000000 0x0000000000020000 xr
data             0x0000000000800060 0x000000000000ffa0 rw !x
eeprom           0x0000000000810000 0x0000000000010000 rw !x
fuse             0x0000000000820000 0x0000000000000400 rw !x
lock             0x0000000000830000 0x0000000000000400 rw !x
signature        0x0000000000840000 0x0000000000000400 rw !x
user_signatures  0x0000000000850000 0x0000000000000400 rw !x
*default*        0x0000000000000000 0xffffffffffffffff

Linker script and memory map

Address of section .data set to 0x800100
LOAD c:/msys64/mingw64/bin/../lib/gcc/avr/8.4.0/../../../../avr/lib/avr5/crtatmega32u4.o
LOAD .build/obj_crkbd_rev1_legacy_dvorak_dev/matrix.o
LOAD .build/obj_crkbd_rev1_legacy_dvorak_dev/split_util.o
LOAD .build/obj_crkbd_rev1_legacy_dvorak_dev/split_scomm.o
LOAD .build/obj_crkbd_rev1_legacy_dvorak_dev/keyboards/crkbd/crkbd.o
LOAD .build/obj_crkbd_rev1_legacy_dvorak_dev/keyboards/crkbd/rev1/rev1.o
LOAD .build/obj_crkbd_rev1_legacy_dvorak_dev/keyboards/crkbd/rev1/legacy/legacy.o
LOAD .build/obj_crkbd_rev1_legacy_dvorak_dev/keyboards/crkbd/keymaps/dvorak_dev/keymap.o
LOAD .build/obj_crkbd_rev1_legacy_dvorak_dev/quantum/quantum.o
LOAD .build/obj_crkbd_rev1_legacy_dvorak_dev/quantum/led.o
LOAD .build/obj_crkbd_rev1_legacy_dvorak_dev/quantum/keymap_common.o
LOAD .build/obj_crkbd_rev1_legacy_dvorak_dev/quantum/keycode_config.o
LOAD .build/obj_crkbd_rev1_legacy_dvorak_dev/quantum/debounce/sym_defer_g.o
LOAD .build/obj_crkbd_rev1_legacy_dvorak_dev/quantum/wpm.o
LOAD .build/obj_crkbd_rev1_legacy_dvorak_dev/oled_driver.o
LOAD .build/obj_crkbd_rev1_legacy_dvorak_dev/quantum/process_keycode/process_tap_dance.o
LOAD .build/obj_crkbd_rev1_legacy_dvorak_dev/ssd1306.a
LOAD .build/obj_crkbd_rev1_legacy_dvorak_dev/i2c.a
LOAD .build/obj_crkbd_rev1_legacy_dvorak_dev/serial.a
LOAD .build/obj_crkbd_rev1_legacy_dvorak_dev/i2c_master.a
LOAD .build/obj_crkbd_rev1_legacy_dvorak_dev/common/host.o
LOAD .build/obj_crkbd_rev1_legacy_dvorak_dev/common/keyboard.o
LOAD .build/obj_crkbd_rev1_legacy_dvorak_dev/common/action.o
LOAD .build/obj_crkbd_rev1_legacy_dvorak_dev/common/action_tapping.o
LOAD .build/obj_crkbd_rev1_legacy_dvorak_dev/common/action_macro.o
LOAD .build/obj_crkbd_rev1_legacy_dvorak_dev/common/action_layer.o
LOAD .build/obj_crkbd_rev1_legacy_dvorak_dev/common/action_util.o
LOAD .build/obj_crkbd_rev1_legacy_dvorak_dev/common/print.o
LOAD .build/obj_crkbd_rev1_legacy_dvorak_dev/common/debug.o
LOAD .build/obj_crkbd_rev1_legacy_dvorak_dev/common/sendchar_null.o
LOAD .build/obj_crkbd_rev1_legacy_dvorak_dev/common/util.o
LOAD .build/obj_crkbd_rev1_legacy_dvorak_dev/common/eeconfig.o
LOAD .build/obj_crkbd_rev1_legacy_dvorak_dev/common/report.o
LOAD .build/obj_crkbd_rev1_legacy_dvorak_dev/common/avr/suspend.o
LOAD .build/obj_crkbd_rev1_legacy_dvorak_dev/common/avr/timer.o
LOAD .build/obj_crkbd_rev1_legacy_dvorak_dev/common/avr/bootloader.o
LOAD .build/obj_crkbd_rev1_legacy_dvorak_dev/common/avr/xprintf.o
LOAD .build/obj_crkbd_rev1_legacy_dvorak_dev/common/magic.o
LOAD .build/obj_crkbd_rev1_legacy_dvorak_dev/lufa.o
LOAD .build/obj_crkbd_rev1_legacy_dvorak_dev/usb_descriptor.o
LOAD .build/obj_crkbd_rev1_legacy_dvorak_dev/lib/lufa/LUFA/Drivers/USB/Class/Common/HIDParser.o
LOAD .build/obj_crkbd_rev1_legacy_dvorak_dev/lib/lufa/LUFA/Drivers/USB/Core/AVR8/Device_AVR8.o
LOAD .build/obj_crkbd_rev1_legacy_dvorak_dev/lib/lufa/LUFA/Drivers/USB/Core/AVR8/EndpointStream_AVR8.o
LOAD .build/obj_crkbd_rev1_legacy_dvorak_dev/lib/lufa/LUFA/Drivers/USB/Core/AVR8/Endpoint_AVR8.o
LOAD .build/obj_crkbd_rev1_legacy_dvorak_dev/lib/lufa/LUFA/Drivers/USB/Core/AVR8/Host_AVR8.o
LOAD .build/obj_crkbd_rev1_legacy_dvorak_dev/lib/lufa/LUFA/Drivers/USB/Core/AVR8/PipeStream_AVR8.o
LOAD .build/obj_crkbd_rev1_legacy_dvorak_dev/lib/lufa/LUFA/Drivers/USB/Core/AVR8/Pipe_AVR8.o
LOAD .build/obj_crkbd_rev1_legacy_dvorak_dev/lib/lufa/LUFA/Drivers/USB/Core/AVR8/USBController_AVR8.o
LOAD .build/obj_crkbd_rev1_legacy_dvorak_dev/lib/lufa/LUFA/Drivers/USB/Core/AVR8/USBInterrupt_AVR8.o
LOAD .build/obj_crkbd_rev1_legacy_dvorak_dev/lib/lufa/LUFA/Drivers/USB/Core/ConfigDescriptors.o
LOAD .build/obj_crkbd_rev1_legacy_dvorak_dev/lib/lufa/LUFA/Drivers/USB/Core/DeviceStandardReq.o
LOAD .build/obj_crkbd_rev1_legacy_dvorak_dev/lib/lufa/LUFA/Drivers/USB/Core/Events.o
LOAD .build/obj_crkbd_rev1_legacy_dvorak_dev/lib/lufa/LUFA/Drivers/USB/Core/HostStandardReq.o
LOAD .build/obj_crkbd_rev1_legacy_dvorak_dev/lib/lufa/LUFA/Drivers/USB/Core/USBTask.o
LOAD c:/msys64/mingw64/bin/../lib/gcc/avr/8.4.0/../../../../avr/lib/avr5\libm.a
START GROUP
LOAD c:/msys64/mingw64/bin/../lib/gcc/avr/8.4.0/avr5\libgcc.a
LOAD c:/msys64/mingw64/bin/../lib/gcc/avr/8.4.0/../../../../avr/lib/avr5\libm.a
LOAD c:/msys64/mingw64/bin/../lib/gcc/avr/8.4.0/../../../../avr/lib/avr5\libc.a
LOAD c:/msys64/mingw64/bin/../lib/gcc/avr/8.4.0/../../../../avr/lib/avr5\libatmega32u4.a
END GROUP
                0x0000000000020000                __TEXT_REGION_LENGTH__ = DEFINED (__TEXT_REGION_LENGTH__)?__TEXT_REGION_LENGTH__:0x20000
                0x000000000000ffa0                __DATA_REGION_LENGTH__ = DEFINED (__DATA_REGION_LENGTH__)?__DATA_REGION_LENGTH__:0xffa0
                0x0000000000010000                __EEPROM_REGION_LENGTH__ = DEFINED (__EEPROM_REGION_LENGTH__)?__EEPROM_REGION_LENGTH__:0x10000
                0x0000000000000400                __FUSE_REGION_LENGTH__ = DEFINED (__FUSE_REGION_LENGTH__)?__FUSE_REGION_LENGTH__:0x400
                0x0000000000000400                __LOCK_REGION_LENGTH__ = DEFINED (__LOCK_REGION_LENGTH__)?__LOCK_REGION_LENGTH__:0x400
                0x0000000000000400                __SIGNATURE_REGION_LENGTH__ = DEFINED (__SIGNATURE_REGION_LENGTH__)?__SIGNATURE_REGION_LENGTH__:0x400
                0x0000000000000400                __USER_SIGNATURE_REGION_LENGTH__ = DEFINED (__USER_SIGNATURE_REGION_LENGTH__)?__USER_SIGNATURE_REGION_LENGTH__:0x400

.hash
 *(.hash)

.dynsym
 *(.dynsym)

.dynstr
 *(.dynstr)

.gnu.version
 *(.gnu.version)

.gnu.version_d
 *(.gnu.version_d)

.gnu.version_r
 *(.gnu.version_r)

.rel.init
 *(.rel.init)

.rela.init
 *(.rela.init)

.rel.text
 *(.rel.text)
 *(.rel.text.*)
 *(.rel.gnu.linkonce.t*)

.rela.text
 *(.rela.text)
 *(.rela.text.*)
 *(.rela.gnu.linkonce.t*)

.rel.fini
 *(.rel.fini)

.rela.fini
 *(.rela.fini)

.rel.rodata
 *(.rel.rodata)
 *(.rel.rodata.*)
 *(.rel.gnu.linkonce.r*)

.rela.rodata
 *(.rela.rodata)
 *(.rela.rodata.*)
 *(.rela.gnu.linkonce.r*)

.rel.data
 *(.rel.data)
 *(.rel.data.*)
 *(.rel.gnu.linkonce.d*)

.rela.data
 *(.rela.data)
 *(.rela.data.*)
 *(.rela.gnu.linkonce.d*)

.rel.ctors
 *(.rel.ctors)

.rela.ctors
 *(.rela.ctors)

.rel.dtors
 *(.rel.dtors)

.rela.dtors
 *(.rela.dtors)

.rel.got
 *(.rel.got)

.rela.got
 *(.rela.got)

.rel.bss
 *(.rel.bss)

.rela.bss
 *(.rela.bss)

.rel.plt
 *(.rel.plt)

.rela.plt
 *(.rela.plt)

.text           0x0000000000000000     0x5748
 *(.vectors)
 .vectors       0x0000000000000000       0xac c:/msys64/mingw64/bin/../lib/gcc/avr/8.4.0/../../../../avr/lib/avr5/crtatmega32u4.o
                0x0000000000000000                __vector_default
                0x0000000000000000                __vectors
 *(.vectors)
 *(.progmem.gcc*)
                0x00000000000000ac                . = ALIGN (0x2)
                0x00000000000000ac                __trampolines_start = .
 *(.trampolines)
 .trampolines   0x00000000000000ac        0x0 linker stubs
 *(.trampolines*)
                0x00000000000000ac                __trampolines_end = .
 *libprintf_flt.a:*(.progmem.data)
 *libc.a:*(.progmem.data)
 *(.progmem.*)
 .progmem.data.default_layer.6259
                0x00000000000000ac       0x10 .build/obj_crkbd_rev1_legacy_dvorak_dev/keyboards/crkbd/keymaps/dvorak_dev/keymap.o
 .progmem.data.raise_layer.6260
                0x00000000000000bc       0x10 .build/obj_crkbd_rev1_legacy_dvorak_dev/keyboards/crkbd/keymaps/dvorak_dev/keymap.o
 .progmem.data.lower_layer.6261
                0x00000000000000cc       0x10 .build/obj_crkbd_rev1_legacy_dvorak_dev/keyboards/crkbd/keymaps/dvorak_dev/keymap.o
 .progmem.data.__c.6254
                0x00000000000000dc        0xa .build/obj_crkbd_rev1_legacy_dvorak_dev/keyboards/crkbd/keymaps/dvorak_dev/keymap.o
 .progmem.data.corne_logo.6253
                0x00000000000000e6       0x10 .build/obj_crkbd_rev1_legacy_dvorak_dev/keyboards/crkbd/keymaps/dvorak_dev/keymap.o
 .progmem.data.shift_off_2.6239
                0x00000000000000f6        0x3 .build/obj_crkbd_rev1_legacy_dvorak_dev/keyboards/crkbd/keymaps/dvorak_dev/keymap.o
 .progmem.data.shift_on_2.6241
                0x00000000000000f9        0x3 .build/obj_crkbd_rev1_legacy_dvorak_dev/keyboards/crkbd/keymaps/dvorak_dev/keymap.o
 .progmem.data.off_off_2.6243
                0x00000000000000fc        0x2 .build/obj_crkbd_rev1_legacy_dvorak_dev/keyboards/crkbd/keymaps/dvorak_dev/keymap.o
 .progmem.data.off_on_2.6247
                0x00000000000000fe        0x2 .build/obj_crkbd_rev1_legacy_dvorak_dev/keyboards/crkbd/keymaps/dvorak_dev/keymap.o
 .progmem.data.on_off_2.6245
                0x0000000000000100        0x2 .build/obj_crkbd_rev1_legacy_dvorak_dev/keyboards/crkbd/keymaps/dvorak_dev/keymap.o
 .progmem.data.ctrl_off_2.6235
                0x0000000000000102        0x3 .build/obj_crkbd_rev1_legacy_dvorak_dev/keyboards/crkbd/keymaps/dvorak_dev/keymap.o
 .progmem.data.ctrl_on_2.6237
                0x0000000000000105        0x3 .build/obj_crkbd_rev1_legacy_dvorak_dev/keyboards/crkbd/keymaps/dvorak_dev/keymap.o
 .progmem.data.shift_off_1.6238
                0x0000000000000108        0x3 .build/obj_crkbd_rev1_legacy_dvorak_dev/keyboards/crkbd/keymaps/dvorak_dev/keymap.o
 .progmem.data.shift_on_1.6240
                0x000000000000010b        0x3 .build/obj_crkbd_rev1_legacy_dvorak_dev/keyboards/crkbd/keymaps/dvorak_dev/keymap.o
 .progmem.data.off_off_1.6242
                0x000000000000010e        0x2 .build/obj_crkbd_rev1_legacy_dvorak_dev/keyboards/crkbd/keymaps/dvorak_dev/keymap.o
 .progmem.data.off_on_1.6246
                0x0000000000000110        0x2 .build/obj_crkbd_rev1_legacy_dvorak_dev/keyboards/crkbd/keymaps/dvorak_dev/keymap.o
 .progmem.data.on_off_1.6244
                0x0000000000000112        0x2 .build/obj_crkbd_rev1_legacy_dvorak_dev/keyboards/crkbd/keymaps/dvorak_dev/keymap.o
 .progmem.data.on_on_1.6248
                0x0000000000000114        0x2 .build/obj_crkbd_rev1_legacy_dvorak_dev/keyboards/crkbd/keymaps/dvorak_dev/keymap.o
 .progmem.data.ctrl_off_1.6234
                0x0000000000000116        0x3 .build/obj_crkbd_rev1_legacy_dvorak_dev/keyboards/crkbd/keymaps/dvorak_dev/keymap.o
 .progmem.data.ctrl_on_1.6236
                0x0000000000000119        0x3 .build/obj_crkbd_rev1_legacy_dvorak_dev/keyboards/crkbd/keymaps/dvorak_dev/keymap.o
 .progmem.data.alt_off_2.6220
                0x000000000000011c        0x3 .build/obj_crkbd_rev1_legacy_dvorak_dev/keyboards/crkbd/keymaps/dvorak_dev/keymap.o
 .progmem.data.alt_on_2.6222
                0x000000000000011f        0x3 .build/obj_crkbd_rev1_legacy_dvorak_dev/keyboards/crkbd/keymaps/dvorak_dev/keymap.o
 .progmem.data.off_off_2.6224
                0x0000000000000122        0x2 .build/obj_crkbd_rev1_legacy_dvorak_dev/keyboards/crkbd/keymaps/dvorak_dev/keymap.o
 .progmem.data.off_on_2.6228
                0x0000000000000124        0x2 .build/obj_crkbd_rev1_legacy_dvorak_dev/keyboards/crkbd/keymaps/dvorak_dev/keymap.o
 .progmem.data.on_off_2.6226
                0x0000000000000126        0x2 .build/obj_crkbd_rev1_legacy_dvorak_dev/keyboards/crkbd/keymaps/dvorak_dev/keymap.o
 .progmem.data.gui_off_2.6216
                0x0000000000000128        0x3 .build/obj_crkbd_rev1_legacy_dvorak_dev/keyboards/crkbd/keymaps/dvorak_dev/keymap.o
 .progmem.data.gui_on_2.6218
                0x000000000000012b        0x3 .build/obj_crkbd_rev1_legacy_dvorak_dev/keyboards/crkbd/keymaps/dvorak_dev/keymap.o
 .progmem.data.alt_off_1.6219
                0x000000000000012e        0x3 .build/obj_crkbd_rev1_legacy_dvorak_dev/keyboards/crkbd/keymaps/dvorak_dev/keymap.o
 .progmem.data.alt_on_1.6221
                0x0000000000000131        0x3 .build/obj_crkbd_rev1_legacy_dvorak_dev/keyboards/crkbd/keymaps/dvorak_dev/keymap.o
 .progmem.data.off_off_1.6223
                0x0000000000000134        0x2 .build/obj_crkbd_rev1_legacy_dvorak_dev/keyboards/crkbd/keymaps/dvorak_dev/keymap.o
 .progmem.data.off_on_1.6227
                0x0000000000000136        0x2 .build/obj_crkbd_rev1_legacy_dvorak_dev/keyboards/crkbd/keymaps/dvorak_dev/keymap.o
 .progmem.data.on_off_1.6225
                0x0000000000000138        0x2 .build/obj_crkbd_rev1_legacy_dvorak_dev/keyboards/crkbd/keymaps/dvorak_dev/keymap.o
 .progmem.data.on_on_1.6229
                0x000000000000013a        0x2 .build/obj_crkbd_rev1_legacy_dvorak_dev/keyboards/crkbd/keymaps/dvorak_dev/keymap.o
 .progmem.data.gui_off_1.6215
                0x000000000000013c        0x3 .build/obj_crkbd_rev1_legacy_dvorak_dev/keyboards/crkbd/keymaps/dvorak_dev/keymap.o
 .progmem.data.gui_on_1.6217
                0x000000000000013f        0x3 .build/obj_crkbd_rev1_legacy_dvorak_dev/keyboards/crkbd/keymaps/dvorak_dev/keymap.o
 .progmem.data.__c.6210
                0x0000000000000142        0x6 .build/obj_crkbd_rev1_legacy_dvorak_dev/keyboards/crkbd/keymaps/dvorak_dev/keymap.o
 .progmem.data.keymaps
                0x0000000000000148      0x120 .build/obj_crkbd_rev1_legacy_dvorak_dev/keyboards/crkbd/keymaps/dvorak_dev/keymap.o
                0x0000000000000148                keymaps
 .progmem.data.display_off.2196
                0x0000000000000268        0x2 .build/obj_crkbd_rev1_legacy_dvorak_dev/oled_driver.o
 .progmem.data.display_on.2192
                0x000000000000026a        0x2 .build/obj_crkbd_rev1_legacy_dvorak_dev/oled_driver.o
 .progmem.data.display_setup2.2029
                0x000000000000026c        0xd .build/obj_crkbd_rev1_legacy_dvorak_dev/oled_driver.o
 .progmem.data.display_flipped.2028
                0x0000000000000279        0x3 .build/obj_crkbd_rev1_legacy_dvorak_dev/oled_driver.o
 .progmem.data.display_normal.2027
                0x000000000000027c        0x3 .build/obj_crkbd_rev1_legacy_dvorak_dev/oled_driver.o
 .progmem.data.display_setup1.2026
                0x000000000000027f        0xd .build/obj_crkbd_rev1_legacy_dvorak_dev/oled_driver.o
 .progmem.data.font
                0x000000000000028c      0x540 .build/obj_crkbd_rev1_legacy_dvorak_dev/oled_driver.o
                0x000000000000028c                font
 .progmem.data.SerialNumberString
                0x00000000000007cc        0x6 .build/obj_crkbd_rev1_legacy_dvorak_dev/usb_descriptor.o
                0x00000000000007cc                SerialNumberString
 .progmem.data.ProductString
                0x00000000000007d2       0x4a .build/obj_crkbd_rev1_legacy_dvorak_dev/usb_descriptor.o
                0x00000000000007d2                ProductString
 .progmem.data.ManufacturerString
                0x000000000000081c       0x12 .build/obj_crkbd_rev1_legacy_dvorak_dev/usb_descriptor.o
                0x000000000000081c                ManufacturerString
 .progmem.data.LanguageString
                0x000000000000082e        0x4 .build/obj_crkbd_rev1_legacy_dvorak_dev/usb_descriptor.o
                0x000000000000082e                LanguageString
 .progmem.data.ConfigurationDescriptor
                0x0000000000000832       0x3b .build/obj_crkbd_rev1_legacy_dvorak_dev/usb_descriptor.o
                0x0000000000000832                ConfigurationDescriptor
 .progmem.data.DeviceDescriptor
                0x000000000000086d       0x12 .build/obj_crkbd_rev1_legacy_dvorak_dev/usb_descriptor.o
                0x000000000000086d                DeviceDescriptor
 .progmem.data.SharedReport
                0x000000000000087f       0x6d .build/obj_crkbd_rev1_legacy_dvorak_dev/usb_descriptor.o
                0x000000000000087f                SharedReport
 .progmem.data.KeyboardReport
                0x00000000000008ec       0x40 .build/obj_crkbd_rev1_legacy_dvorak_dev/usb_descriptor.o
                0x00000000000008ec                KeyboardReport
                0x000000000000092c                . = ALIGN (0x2)
 *(.lowtext)
 *(.lowtext*)
                0x000000000000092c                __ctors_start = .
 *(.ctors)
                0x000000000000092c                __ctors_end = .
                0x000000000000092c                __dtors_start = .
 *(.dtors)
                0x000000000000092c                __dtors_end = .
 SORT_BY_NAME(*)(.ctors)
 SORT_BY_NAME(*)(.dtors)
 *(.init0)
 .init0         0x000000000000092c        0x0 c:/msys64/mingw64/bin/../lib/gcc/avr/8.4.0/../../../../avr/lib/avr5/crtatmega32u4.o
                0x000000000000092c                __init
 *(.init0)
 *(.init1)
 *(.init1)
 *(.init2)
 .init2         0x000000000000092c        0xc c:/msys64/mingw64/bin/../lib/gcc/avr/8.4.0/../../../../avr/lib/avr5/crtatmega32u4.o
 *(.init2)
 *(.init3)
 .init3         0x0000000000000938       0x54 .build/obj_crkbd_rev1_legacy_dvorak_dev/common/avr/bootloader.o
                0x0000000000000938                bootloader_jump_after_watchdog_reset
 *(.init3)
 *(.init4)
 .init4         0x000000000000098c       0x16 c:/msys64/mingw64/bin/../lib/gcc/avr/8.4.0/avr5\libgcc.a(_copy_data.o)
                0x000000000000098c                __do_copy_data
 .init4         0x00000000000009a2       0x10 c:/msys64/mingw64/bin/../lib/gcc/avr/8.4.0/avr5\libgcc.a(_clear_bss.o)
                0x00000000000009a2                __do_clear_bss
 *(.init4)
 *(.init5)
 *(.init5)
 *(.init6)
 *(.init6)
 *(.init7)
 *(.init7)
 *(.init8)
 *(.init8)
 *(.init9)
 .init9         0x00000000000009b2        0x8 c:/msys64/mingw64/bin/../lib/gcc/avr/8.4.0/../../../../avr/lib/avr5/crtatmega32u4.o
 *(.init9)
 *(.text)
 .text          0x00000000000009ba        0x4 c:/msys64/mingw64/bin/../lib/gcc/avr/8.4.0/../../../../avr/lib/avr5/crtatmega32u4.o
                0x00000000000009ba                __vector_38
                0x00000000000009ba                __vector_22
                0x00000000000009ba                __vector_28
                0x00000000000009ba                __vector_1
                0x00000000000009ba                __vector_32
                0x00000000000009ba                __vector_34
                0x00000000000009ba                __vector_24
                0x00000000000009ba                __bad_interrupt
                0x00000000000009ba                __vector_6
                0x00000000000009ba                __vector_31
                0x00000000000009ba                __vector_35
                0x00000000000009ba                __vector_39
                0x00000000000009ba                __vector_23
                0x00000000000009ba                __vector_30
                0x00000000000009ba                __vector_25
                0x00000000000009ba                __vector_13
                0x00000000000009ba                __vector_17
                0x00000000000009ba                __vector_19
                0x00000000000009ba                __vector_7
                0x00000000000009ba                __vector_41
                0x00000000000009ba                __vector_27
                0x00000000000009ba                __vector_5
                0x00000000000009ba                __vector_33
                0x00000000000009ba                __vector_37
                0x00000000000009ba                __vector_4
                0x00000000000009ba                __vector_9
                0x00000000000009ba                __vector_2
                0x00000000000009ba                __vector_15
                0x00000000000009ba                __vector_36
                0x00000000000009ba                __vector_29
                0x00000000000009ba                __vector_40
                0x00000000000009ba                __vector_8
                0x00000000000009ba                __vector_26
                0x00000000000009ba                __vector_14
                0x00000000000009ba                __vector_16
                0x00000000000009ba                __vector_18
                0x00000000000009ba                __vector_20
                0x00000000000009ba                __vector_42
                0x00000000000009be                . = ALIGN (0x2)
 *(.text.*)
 .text.unselect_rows
                0x00000000000009be       0x42 .build/obj_crkbd_rev1_legacy_dvorak_dev/matrix.o
 .text.matrix_init_user
                0x0000000000000a00        0x2 .build/obj_crkbd_rev1_legacy_dvorak_dev/matrix.o
                0x0000000000000a00                matrix_init_user
 .text.matrix_scan_user
                0x0000000000000a02        0x2 .build/obj_crkbd_rev1_legacy_dvorak_dev/matrix.o
                0x0000000000000a02                matrix_scan_user
 .text.matrix_scan_kb
                0x0000000000000a04        0x4 .build/obj_crkbd_rev1_legacy_dvorak_dev/matrix.o
                0x0000000000000a04                matrix_scan_kb
 .text.tx_rx_leds_init
                0x0000000000000a08        0xa .build/obj_crkbd_rev1_legacy_dvorak_dev/matrix.o
                0x0000000000000a08                tx_rx_leds_init
 .text.tx_led_on
                0x0000000000000a12        0x4 .build/obj_crkbd_rev1_legacy_dvorak_dev/matrix.o
                0x0000000000000a12                tx_led_on
 .text.tx_led_off
                0x0000000000000a16        0x4 .build/obj_crkbd_rev1_legacy_dvorak_dev/matrix.o
                0x0000000000000a16                tx_led_off
 .text.rx_led_on
                0x0000000000000a1a        0x4 .build/obj_crkbd_rev1_legacy_dvorak_dev/matrix.o
                0x0000000000000a1a                rx_led_on
 .text.rx_led_off
                0x0000000000000a1e        0x4 .build/obj_crkbd_rev1_legacy_dvorak_dev/matrix.o
                0x0000000000000a1e                rx_led_off
 .text.matrix_init
                0x0000000000000a22       0x62 .build/obj_crkbd_rev1_legacy_dvorak_dev/matrix.o
                0x0000000000000a22                matrix_init
 .text._matrix_scan
                0x0000000000000a84      0x134 .build/obj_crkbd_rev1_legacy_dvorak_dev/matrix.o
                0x0000000000000a84                _matrix_scan
 .text.serial_transaction
                0x0000000000000bb8       0x5e .build/obj_crkbd_rev1_legacy_dvorak_dev/matrix.o
                0x0000000000000bb8                serial_transaction
 .text.matrix_slave_scan
                0x0000000000000c16       0x44 .build/obj_crkbd_rev1_legacy_dvorak_dev/matrix.o
                0x0000000000000c16                matrix_slave_scan
 .text.matrix_scan
                0x0000000000000c5a       0xe8 .build/obj_crkbd_rev1_legacy_dvorak_dev/matrix.o
                0x0000000000000c5a                matrix_scan
 .text.matrix_get_row
                0x0000000000000d42        0xc .build/obj_crkbd_rev1_legacy_dvorak_dev/matrix.o
                0x0000000000000d42                matrix_get_row
 .text.matrix_print
                0x0000000000000d4e        0x2 .build/obj_crkbd_rev1_legacy_dvorak_dev/matrix.o
                0x0000000000000d4e                matrix_print
 .text.has_usb  0x0000000000000d50       0x38 .build/obj_crkbd_rev1_legacy_dvorak_dev/split_util.o
                0x0000000000000d50                has_usb
 .text.is_keyboard_left
                0x0000000000000d88        0xa .build/obj_crkbd_rev1_legacy_dvorak_dev/split_util.o
                0x0000000000000d88                is_keyboard_left
 .text.split_keyboard_setup
                0x0000000000000d92       0x1e .build/obj_crkbd_rev1_legacy_dvorak_dev/split_util.o
                0x0000000000000d92                split_keyboard_setup
 .text.serial_master_init
                0x0000000000000db0        0xc .build/obj_crkbd_rev1_legacy_dvorak_dev/split_scomm.o
                0x0000000000000db0                serial_master_init
 .text.serial_slave_init
                0x0000000000000dbc        0xc .build/obj_crkbd_rev1_legacy_dvorak_dev/split_scomm.o
                0x0000000000000dbc                serial_slave_init
 .text.serial_update_buffers
                0x0000000000000dc8       0x7a .build/obj_crkbd_rev1_legacy_dvorak_dev/split_scomm.o
                0x0000000000000dc8                serial_update_buffers
 .text.matrix_init_kb
                0x0000000000000e42        0x4 .build/obj_crkbd_rev1_legacy_dvorak_dev/keyboards/crkbd/rev1/rev1.o
                0x0000000000000e42                matrix_init_kb
 .text.oled_init_user
                0x0000000000000e46        0x4 .build/obj_crkbd_rev1_legacy_dvorak_dev/keyboards/crkbd/keymaps/dvorak_dev/keymap.o
                0x0000000000000e46                oled_init_user
 .text.render_space
                0x0000000000000e4a        0xa .build/obj_crkbd_rev1_legacy_dvorak_dev/keyboards/crkbd/keymaps/dvorak_dev/keymap.o
                0x0000000000000e4a                render_space
 .text.render_mod_status_gui_alt
                0x0000000000000e54       0xb0 .build/obj_crkbd_rev1_legacy_dvorak_dev/keyboards/crkbd/keymaps/dvorak_dev/keymap.o
                0x0000000000000e54                render_mod_status_gui_alt
 .text.render_mod_status_ctrl_shift
                0x0000000000000f04       0xb0 .build/obj_crkbd_rev1_legacy_dvorak_dev/keyboards/crkbd/keymaps/dvorak_dev/keymap.o
                0x0000000000000f04                render_mod_status_ctrl_shift
 .text.render_logo
                0x0000000000000fb4       0x14 .build/obj_crkbd_rev1_legacy_dvorak_dev/keyboards/crkbd/keymaps/dvorak_dev/keymap.o
                0x0000000000000fb4                render_logo
 .text.render_layer_state
                0x0000000000000fc8       0x2c .build/obj_crkbd_rev1_legacy_dvorak_dev/keyboards/crkbd/keymaps/dvorak_dev/keymap.o
                0x0000000000000fc8                render_layer_state
 .text.render_status_main
                0x0000000000000ff4       0x34 .build/obj_crkbd_rev1_legacy_dvorak_dev/keyboards/crkbd/keymaps/dvorak_dev/keymap.o
                0x0000000000000ff4                render_status_main
 .text.render_status_secondary
                0x0000000000001028       0x6a .build/obj_crkbd_rev1_legacy_dvorak_dev/keyboards/crkbd/keymaps/dvorak_dev/keymap.o
                0x0000000000001028                render_status_secondary
 .text.oled_task_user
                0x0000000000001092       0x34 .build/obj_crkbd_rev1_legacy_dvorak_dev/keyboards/crkbd/keymaps/dvorak_dev/keymap.o
                0x0000000000001092                oled_task_user
 .text.process_record_user
                0x00000000000010c6       0x5e .build/obj_crkbd_rev1_legacy_dvorak_dev/keyboards/crkbd/keymaps/dvorak_dev/keymap.o
                0x00000000000010c6                process_record_user
 .text.do_code16
                0x0000000000001124       0x6e .build/obj_crkbd_rev1_legacy_dvorak_dev/quantum/quantum.o
 .text.register_code16
                0x0000000000001192       0x2a .build/obj_crkbd_rev1_legacy_dvorak_dev/quantum/quantum.o
                0x0000000000001192                register_code16
 .text.unregister_code16
                0x00000000000011bc       0x2a .build/obj_crkbd_rev1_legacy_dvorak_dev/quantum/quantum.o
                0x00000000000011bc                unregister_code16
 .text.process_action_kb
                0x00000000000011e6        0x4 .build/obj_crkbd_rev1_legacy_dvorak_dev/quantum/quantum.o
                0x00000000000011e6                process_action_kb
 .text.process_record_kb
                0x00000000000011ea        0x4 .build/obj_crkbd_rev1_legacy_dvorak_dev/quantum/quantum.o
                0x00000000000011ea                process_record_kb
 .text.post_process_record_user
                0x00000000000011ee        0x2 .build/obj_crkbd_rev1_legacy_dvorak_dev/quantum/quantum.o
                0x00000000000011ee                post_process_record_user
 .text.post_process_record_kb
                0x00000000000011f0        0x4 .build/obj_crkbd_rev1_legacy_dvorak_dev/quantum/quantum.o
                0x00000000000011f0                post_process_record_kb
 .text.get_event_keycode
                0x00000000000011f4       0x66 .build/obj_crkbd_rev1_legacy_dvorak_dev/quantum/quantum.o
                0x00000000000011f4                get_event_keycode
 .text.get_record_keycode
                0x000000000000125a       0x12 .build/obj_crkbd_rev1_legacy_dvorak_dev/quantum/quantum.o
                0x000000000000125a                get_record_keycode
 .text.post_process_record_quantum
                0x000000000000126c       0x16 .build/obj_crkbd_rev1_legacy_dvorak_dev/quantum/quantum.o
                0x000000000000126c                post_process_record_quantum
 .text.matrix_init_quantum
                0x0000000000001282       0x10 .build/obj_crkbd_rev1_legacy_dvorak_dev/quantum/quantum.o
                0x0000000000001282                matrix_init_quantum
 .text.matrix_scan_quantum
                0x0000000000001292        0xc .build/obj_crkbd_rev1_legacy_dvorak_dev/quantum/quantum.o
                0x0000000000001292                matrix_scan_quantum
 .text.shutdown_user
                0x000000000000129e        0x2 .build/obj_crkbd_rev1_legacy_dvorak_dev/quantum/quantum.o
                0x000000000000129e                shutdown_user
 .text.reset_keyboard
                0x00000000000012a0       0x1e .build/obj_crkbd_rev1_legacy_dvorak_dev/quantum/quantum.o
                0x00000000000012a0                reset_keyboard
 .text.process_record_quantum
                0x00000000000012be       0x76 .build/obj_crkbd_rev1_legacy_dvorak_dev/quantum/quantum.o
                0x00000000000012be                process_record_quantum
 .text.led_set_user
                0x0000000000001334        0x2 .build/obj_crkbd_rev1_legacy_dvorak_dev/quantum/led.o
                0x0000000000001334                led_set_user
 .text.led_set_kb
                0x0000000000001336        0x4 .build/obj_crkbd_rev1_legacy_dvorak_dev/quantum/led.o
                0x0000000000001336                led_set_kb
 .text.led_update_user
                0x000000000000133a        0x4 .build/obj_crkbd_rev1_legacy_dvorak_dev/quantum/led.o
                0x000000000000133a                led_update_user
 .text.led_update_kb
                0x000000000000133e        0x4 .build/obj_crkbd_rev1_legacy_dvorak_dev/quantum/led.o
                0x000000000000133e                led_update_kb
 .text.led_set  0x0000000000001342       0x10 .build/obj_crkbd_rev1_legacy_dvorak_dev/quantum/led.o
                0x0000000000001342                led_set
 .text.keymap_key_to_keycode
                0x0000000000001352       0x28 .build/obj_crkbd_rev1_legacy_dvorak_dev/quantum/keymap_common.o
                0x0000000000001352                keymap_key_to_keycode
 .text.action_for_key
                0x000000000000137a      0x1d8 .build/obj_crkbd_rev1_legacy_dvorak_dev/quantum/keymap_common.o
                0x000000000000137a                action_for_key
 .text.keycode_config
                0x0000000000001552      0x12e .build/obj_crkbd_rev1_legacy_dvorak_dev/quantum/keycode_config.o
                0x0000000000001552                keycode_config
 .text.mod_config
                0x0000000000001680       0x86 .build/obj_crkbd_rev1_legacy_dvorak_dev/quantum/keycode_config.o
                0x0000000000001680                mod_config
 .text.get_current_wpm
                0x0000000000001706        0x6 .build/obj_crkbd_rev1_legacy_dvorak_dev/quantum/wpm.o
                0x0000000000001706                get_current_wpm
 .text.wpm_keycode_user
                0x000000000000170c       0x4e .build/obj_crkbd_rev1_legacy_dvorak_dev/quantum/wpm.o
                0x000000000000170c                wpm_keycode_user
 .text.wpm_keycode_kb
                0x000000000000175a        0x4 .build/obj_crkbd_rev1_legacy_dvorak_dev/quantum/wpm.o
                0x000000000000175a                wpm_keycode_kb
 .text.update_wpm
                0x000000000000175e       0xac .build/obj_crkbd_rev1_legacy_dvorak_dev/quantum/wpm.o
                0x000000000000175e                update_wpm
 .text.decay_wpm
                0x000000000000180a       0x84 .build/obj_crkbd_rev1_legacy_dvorak_dev/quantum/wpm.o
                0x000000000000180a                decay_wpm
 .text.i2c_transmit_P.constprop.2
                0x000000000000188e       0x60 .build/obj_crkbd_rev1_legacy_dvorak_dev/oled_driver.o
 .text.oled_clear
                0x00000000000018ee       0x2a .build/obj_crkbd_rev1_legacy_dvorak_dev/oled_driver.o
                0x00000000000018ee                oled_clear
 .text.oled_init
                0x0000000000001918       0x8c .build/obj_crkbd_rev1_legacy_dvorak_dev/oled_driver.o
                0x0000000000001918                oled_init
 .text.oled_set_cursor
                0x00000000000019a4       0x2e .build/obj_crkbd_rev1_legacy_dvorak_dev/oled_driver.o
                0x00000000000019a4                oled_set_cursor
 .text.oled_advance_char
                0x00000000000019d2       0x3e .build/obj_crkbd_rev1_legacy_dvorak_dev/oled_driver.o
                0x00000000000019d2                oled_advance_char
 .text.oled_write_char
                0x0000000000001a10       0xf4 .build/obj_crkbd_rev1_legacy_dvorak_dev/oled_driver.o
                0x0000000000001a10                oled_write_char
 .text.oled_advance_page
                0x0000000000001b04       0x66 .build/obj_crkbd_rev1_legacy_dvorak_dev/oled_driver.o
                0x0000000000001b04                oled_advance_page
 .text.oled_write
                0x0000000000001b6a       0x38 .build/obj_crkbd_rev1_legacy_dvorak_dev/oled_driver.o
                0x0000000000001b6a                oled_write
 .text.oled_write_P
                0x0000000000001ba2       0x24 .build/obj_crkbd_rev1_legacy_dvorak_dev/oled_driver.o
                0x0000000000001ba2                oled_write_P
 .text.oled_on  0x0000000000001bc6       0x42 .build/obj_crkbd_rev1_legacy_dvorak_dev/oled_driver.o
                0x0000000000001bc6                oled_on
 .text.oled_render
                0x0000000000001c08      0x1e6 .build/obj_crkbd_rev1_legacy_dvorak_dev/oled_driver.o
                0x0000000000001c08                oled_render
 .text.oled_off
                0x0000000000001dee       0x2c .build/obj_crkbd_rev1_legacy_dvorak_dev/oled_driver.o
                0x0000000000001dee                oled_off
 .text.oled_task
                0x0000000000001e1a       0x52 .build/obj_crkbd_rev1_legacy_dvorak_dev/oled_driver.o
                0x0000000000001e1a                oled_task
 .text.process_tap_dance_action_on_dance_finished.part.0
                0x0000000000001e6c       0x36 .build/obj_crkbd_rev1_legacy_dvorak_dev/quantum/process_keycode/process_tap_dance.o
 .text.qk_tap_dance_pair_on_each_tap
                0x0000000000001ea2       0x20 .build/obj_crkbd_rev1_legacy_dvorak_dev/quantum/process_keycode/process_tap_dance.o
                0x0000000000001ea2                qk_tap_dance_pair_on_each_tap
 .text.qk_tap_dance_pair_finished
                0x0000000000001ec2       0x20 .build/obj_crkbd_rev1_legacy_dvorak_dev/quantum/process_keycode/process_tap_dance.o
                0x0000000000001ec2                qk_tap_dance_pair_finished
 .text.qk_tap_dance_pair_reset
                0x0000000000001ee2       0x20 .build/obj_crkbd_rev1_legacy_dvorak_dev/quantum/process_keycode/process_tap_dance.o
                0x0000000000001ee2                qk_tap_dance_pair_reset
 .text.reset_tap_dance
                0x0000000000001f02       0x8a .build/obj_crkbd_rev1_legacy_dvorak_dev/quantum/process_keycode/process_tap_dance.o
                0x0000000000001f02                reset_tap_dance
 .text.preprocess_tap_dance
                0x0000000000001f8c       0x8c .build/obj_crkbd_rev1_legacy_dvorak_dev/quantum/process_keycode/process_tap_dance.o
                0x0000000000001f8c                preprocess_tap_dance
 .text.process_tap_dance
                0x0000000000002018       0xb4 .build/obj_crkbd_rev1_legacy_dvorak_dev/quantum/process_keycode/process_tap_dance.o
                0x0000000000002018                process_tap_dance
 .text.matrix_scan_tap_dance
                0x00000000000020cc       0xae .build/obj_crkbd_rev1_legacy_dvorak_dev/quantum/process_keycode/process_tap_dance.o
                0x00000000000020cc                matrix_scan_tap_dance
 .text.sync_recv
                0x000000000000217a       0x10 .build/obj_crkbd_rev1_legacy_dvorak_dev/serial.a(serial.o)
 .text.sync_send
                0x000000000000218a        0xc .build/obj_crkbd_rev1_legacy_dvorak_dev/serial.a(serial.o)
 .text.serial_read_chunk
                0x0000000000002196       0x5a .build/obj_crkbd_rev1_legacy_dvorak_dev/serial.a(serial.o)
 .text.serial_recive_packet
                0x00000000000021f0       0x50 .build/obj_crkbd_rev1_legacy_dvorak_dev/serial.a(serial.o)
 .text.soft_serial_initiator_init
                0x0000000000002240       0x12 .build/obj_crkbd_rev1_legacy_dvorak_dev/serial.a(serial.o)
                0x0000000000002240                soft_serial_initiator_init
 .text.soft_serial_target_init
                0x0000000000002252       0x1e .build/obj_crkbd_rev1_legacy_dvorak_dev/serial.a(serial.o)
                0x0000000000002252                soft_serial_target_init
 .text.serial_write_chunk
                0x0000000000002270       0x42 .build/obj_crkbd_rev1_legacy_dvorak_dev/serial.a(serial.o)
                0x0000000000002270                serial_write_chunk
 .text.serial_send_packet
                0x00000000000022b2       0x34 .build/obj_crkbd_rev1_legacy_dvorak_dev/serial.a(serial.o)
 .text.__vector_3
                0x00000000000022e6      0x11e .build/obj_crkbd_rev1_legacy_dvorak_dev/serial.a(serial.o)
                0x00000000000022e6                __vector_3
 .text.soft_serial_transaction
                0x0000000000002404       0xfc .build/obj_crkbd_rev1_legacy_dvorak_dev/serial.a(serial.o)
                0x0000000000002404                soft_serial_transaction
 .text.i2c_init
                0x0000000000002500        0xc .build/obj_crkbd_rev1_legacy_dvorak_dev/i2c_master.a(i2c_master.o)
                0x0000000000002500                i2c_init
 .text.i2c_start
                0x000000000000250c       0xb8 .build/obj_crkbd_rev1_legacy_dvorak_dev/i2c_master.a(i2c_master.o)
                0x000000000000250c                i2c_start
 .text.i2c_write
                0x00000000000025c4       0x5e .build/obj_crkbd_rev1_legacy_dvorak_dev/i2c_master.a(i2c_master.o)
                0x00000000000025c4                i2c_write
 .text.i2c_transmit
                0x0000000000002622       0x4e .build/obj_crkbd_rev1_legacy_dvorak_dev/i2c_master.a(i2c_master.o)
                0x0000000000002622                i2c_transmit
 .text.i2c_writeReg
                0x0000000000002670       0x5a .build/obj_crkbd_rev1_legacy_dvorak_dev/i2c_master.a(i2c_master.o)
                0x0000000000002670                i2c_writeReg
 .text.i2c_stop
                0x00000000000026ca        0x8 .build/obj_crkbd_rev1_legacy_dvorak_dev/i2c_master.a(i2c_master.o)
                0x00000000000026ca                i2c_stop
 .text.host_set_driver
                0x00000000000026d2        0xa .build/obj_crkbd_rev1_legacy_dvorak_dev/common/host.o
                0x00000000000026d2                host_set_driver
 .text.host_keyboard_leds
                0x00000000000026dc       0x18 .build/obj_crkbd_rev1_legacy_dvorak_dev/common/host.o
                0x00000000000026dc                host_keyboard_leds
 .text.host_keyboard_send
                0x00000000000026f4       0x34 .build/obj_crkbd_rev1_legacy_dvorak_dev/common/host.o
                0x00000000000026f4                host_keyboard_send
 .text.host_system_send
                0x0000000000002728       0x2c .build/obj_crkbd_rev1_legacy_dvorak_dev/common/host.o
                0x0000000000002728                host_system_send
 .text.host_consumer_send
                0x0000000000002754       0x2c .build/obj_crkbd_rev1_legacy_dvorak_dev/common/host.o
                0x0000000000002754                host_consumer_send
 .text.disable_jtag
                0x0000000000002780        0xe .build/obj_crkbd_rev1_legacy_dvorak_dev/common/keyboard.o
                0x0000000000002780                disable_jtag
 .text.keyboard_pre_init_user
                0x000000000000278e        0x2 .build/obj_crkbd_rev1_legacy_dvorak_dev/common/keyboard.o
                0x000000000000278e                keyboard_pre_init_user
 .text.matrix_setup
                0x0000000000002790        0x2 .build/obj_crkbd_rev1_legacy_dvorak_dev/common/keyboard.o
                0x0000000000002790                matrix_setup
 .text.keyboard_pre_init_kb
                0x0000000000002792        0x4 .build/obj_crkbd_rev1_legacy_dvorak_dev/common/keyboard.o
                0x0000000000002792                keyboard_pre_init_kb
 .text.keyboard_post_init_user
                0x0000000000002796        0x2 .build/obj_crkbd_rev1_legacy_dvorak_dev/common/keyboard.o
                0x0000000000002796                keyboard_post_init_user
 .text.keyboard_post_init_kb
                0x0000000000002798        0x4 .build/obj_crkbd_rev1_legacy_dvorak_dev/common/keyboard.o
                0x0000000000002798                keyboard_post_init_kb
 .text.keyboard_setup
                0x000000000000279c        0xc .build/obj_crkbd_rev1_legacy_dvorak_dev/common/keyboard.o
                0x000000000000279c                keyboard_setup
 .text.is_keyboard_master
                0x00000000000027a8        0x4 .build/obj_crkbd_rev1_legacy_dvorak_dev/common/keyboard.o
                0x00000000000027a8                is_keyboard_master
 .text.should_process_keypress
                0x00000000000027ac        0x4 .build/obj_crkbd_rev1_legacy_dvorak_dev/common/keyboard.o
                0x00000000000027ac                should_process_keypress
 .text.keyboard_init
                0x00000000000027b0       0x16 .build/obj_crkbd_rev1_legacy_dvorak_dev/common/keyboard.o
                0x00000000000027b0                keyboard_init
 .text.keyboard_task
                0x00000000000027c6      0x13e .build/obj_crkbd_rev1_legacy_dvorak_dev/common/keyboard.o
                0x00000000000027c6                keyboard_task
 .text.action_exec
                0x0000000000002904       0x54 .build/obj_crkbd_rev1_legacy_dvorak_dev/common/action.o
                0x0000000000002904                action_exec
 .text.process_record_tap_hint
                0x0000000000002958        0xa .build/obj_crkbd_rev1_legacy_dvorak_dev/common/action.o
                0x0000000000002958                process_record_tap_hint
 .text.register_code
                0x0000000000002962       0x8c .build/obj_crkbd_rev1_legacy_dvorak_dev/common/action.o
                0x0000000000002962                register_code
 .text.unregister_code
                0x00000000000029ee       0x50 .build/obj_crkbd_rev1_legacy_dvorak_dev/common/action.o
                0x00000000000029ee                unregister_code
 .text.register_mods
                0x0000000000002a3e        0xe .build/obj_crkbd_rev1_legacy_dvorak_dev/common/action.o
                0x0000000000002a3e                register_mods
 .text.unregister_mods
                0x0000000000002a4c        0xe .build/obj_crkbd_rev1_legacy_dvorak_dev/common/action.o
                0x0000000000002a4c                unregister_mods
 .text.process_action
                0x0000000000002a5a      0x3f4 .build/obj_crkbd_rev1_legacy_dvorak_dev/common/action.o
                0x0000000000002a5a                process_action
 .text.process_record_handler
                0x0000000000002e4e       0x2e .build/obj_crkbd_rev1_legacy_dvorak_dev/common/action.o
                0x0000000000002e4e                process_record_handler
 .text.process_record
                0x0000000000002e7c       0x50 .build/obj_crkbd_rev1_legacy_dvorak_dev/common/action.o
                0x0000000000002e7c                process_record
 .text.register_weak_mods
                0x0000000000002ecc        0xe .build/obj_crkbd_rev1_legacy_dvorak_dev/common/action.o
                0x0000000000002ecc                register_weak_mods
 .text.unregister_weak_mods
                0x0000000000002eda        0xe .build/obj_crkbd_rev1_legacy_dvorak_dev/common/action.o
                0x0000000000002eda                unregister_weak_mods
 .text.clear_keyboard_but_mods_and_keys
                0x0000000000002ee8       0x1c .build/obj_crkbd_rev1_legacy_dvorak_dev/common/action.o
                0x0000000000002ee8                clear_keyboard_but_mods_and_keys
 .text.clear_keyboard_but_mods
                0x0000000000002f04        0x8 .build/obj_crkbd_rev1_legacy_dvorak_dev/common/action.o
                0x0000000000002f04                clear_keyboard_but_mods
 .text.clear_keyboard
                0x0000000000002f0c        0x8 .build/obj_crkbd_rev1_legacy_dvorak_dev/common/action.o
                0x0000000000002f0c                clear_keyboard
 .text.is_tap_action
                0x0000000000002f14       0x3e .build/obj_crkbd_rev1_legacy_dvorak_dev/common/action.o
                0x0000000000002f14                is_tap_action
 .text.is_tap_key
                0x0000000000002f52        0x8 .build/obj_crkbd_rev1_legacy_dvorak_dev/common/action.o
                0x0000000000002f52                is_tap_key
 .text.debug_event
                0x0000000000002f5a       0x1e .build/obj_crkbd_rev1_legacy_dvorak_dev/common/action.o
                0x0000000000002f5a                debug_event
 .text.debug_record
                0x0000000000002f78       0x20 .build/obj_crkbd_rev1_legacy_dvorak_dev/common/action.o
                0x0000000000002f78                debug_record
 .text.debug_waiting_buffer
                0x0000000000002f98       0x42 .build/obj_crkbd_rev1_legacy_dvorak_dev/common/action_tapping.o
 .text.debug_tapping_key
                0x0000000000002fda       0x1c .build/obj_crkbd_rev1_legacy_dvorak_dev/common/action_tapping.o
 .text.waiting_buffer_scan_tap
                0x0000000000002ff6       0xac .build/obj_crkbd_rev1_legacy_dvorak_dev/common/action_tapping.o
 .text.process_tapping
                0x00000000000030a2      0x356 .build/obj_crkbd_rev1_legacy_dvorak_dev/common/action_tapping.o
 .text.get_tapping_term
                0x00000000000033f8        0x6 .build/obj_crkbd_rev1_legacy_dvorak_dev/common/action_tapping.o
                0x00000000000033f8                get_tapping_term
 .text.action_tapping_process
                0x00000000000033fe      0x134 .build/obj_crkbd_rev1_legacy_dvorak_dev/common/action_tapping.o
                0x00000000000033fe                action_tapping_process
 .text.default_layer_state_set_user
                0x0000000000003532        0x2 .build/obj_crkbd_rev1_legacy_dvorak_dev/common/action_layer.o
                0x0000000000003532                default_layer_state_set_user
 .text.default_layer_state_set_kb
                0x0000000000003534        0x4 .build/obj_crkbd_rev1_legacy_dvorak_dev/common/action_layer.o
                0x0000000000003534                default_layer_state_set_kb
 .text.default_layer_state_set
                0x0000000000003538       0x18 .build/obj_crkbd_rev1_legacy_dvorak_dev/common/action_layer.o
 .text.default_layer_debug
                0x0000000000003550        0x2 .build/obj_crkbd_rev1_legacy_dvorak_dev/common/action_layer.o
                0x0000000000003550                default_layer_debug
 .text.default_layer_set
                0x0000000000003552        0x4 .build/obj_crkbd_rev1_legacy_dvorak_dev/common/action_layer.o
                0x0000000000003552                default_layer_set
 .text.default_layer_or
                0x0000000000003556       0x24 .build/obj_crkbd_rev1_legacy_dvorak_dev/common/action_layer.o
                0x0000000000003556                default_layer_or
 .text.default_layer_and
                0x000000000000357a       0x24 .build/obj_crkbd_rev1_legacy_dvorak_dev/common/action_layer.o
                0x000000000000357a                default_layer_and
 .text.default_layer_xor
                0x000000000000359e       0x24 .build/obj_crkbd_rev1_legacy_dvorak_dev/common/action_layer.o
                0x000000000000359e                default_layer_xor
 .text.layer_state_set_user
                0x00000000000035c2        0x4 .build/obj_crkbd_rev1_legacy_dvorak_dev/common/action_layer.o
                0x00000000000035c2                layer_state_set_user
 .text.layer_state_set_kb
                0x00000000000035c6        0x4 .build/obj_crkbd_rev1_legacy_dvorak_dev/common/action_layer.o
                0x00000000000035c6                layer_state_set_kb
 .text.layer_state_set
                0x00000000000035ca       0x18 .build/obj_crkbd_rev1_legacy_dvorak_dev/common/action_layer.o
                0x00000000000035ca                layer_state_set
 .text.layer_clear
                0x00000000000035e2        0xa .build/obj_crkbd_rev1_legacy_dvorak_dev/common/action_layer.o
                0x00000000000035e2                layer_clear
 .text.layer_state_cmp
                0x00000000000035ec       0x2a .build/obj_crkbd_rev1_legacy_dvorak_dev/common/action_layer.o
                0x00000000000035ec                layer_state_cmp
 .text.layer_state_is
                0x0000000000003616       0x16 .build/obj_crkbd_rev1_legacy_dvorak_dev/common/action_layer.o
                0x0000000000003616                layer_state_is
 .text.layer_move
                0x000000000000362c       0x2a .build/obj_crkbd_rev1_legacy_dvorak_dev/common/action_layer.o
                0x000000000000362c                layer_move
 .text.layer_on
                0x0000000000003656       0x42 .build/obj_crkbd_rev1_legacy_dvorak_dev/common/action_layer.o
                0x0000000000003656                layer_on
 .text.layer_off
                0x0000000000003698       0x46 .build/obj_crkbd_rev1_legacy_dvorak_dev/common/action_layer.o
                0x0000000000003698                layer_off
 .text.layer_invert
                0x00000000000036de       0x42 .build/obj_crkbd_rev1_legacy_dvorak_dev/common/action_layer.o
                0x00000000000036de                layer_invert
 .text.layer_or
                0x0000000000003720       0x24 .build/obj_crkbd_rev1_legacy_dvorak_dev/common/action_layer.o
                0x0000000000003720                layer_or
 .text.layer_and
                0x0000000000003744       0x24 .build/obj_crkbd_rev1_legacy_dvorak_dev/common/action_layer.o
                0x0000000000003744                layer_and
 .text.layer_xor
                0x0000000000003768       0x24 .build/obj_crkbd_rev1_legacy_dvorak_dev/common/action_layer.o
                0x0000000000003768                layer_xor
 .text.layer_debug
                0x000000000000378c        0x2 .build/obj_crkbd_rev1_legacy_dvorak_dev/common/action_layer.o
                0x000000000000378c                layer_debug
 .text.update_source_layers_cache
                0x000000000000378e       0x5c .build/obj_crkbd_rev1_legacy_dvorak_dev/common/action_layer.o
                0x000000000000378e                update_source_layers_cache
 .text.read_source_layers_cache
                0x00000000000037ea       0x52 .build/obj_crkbd_rev1_legacy_dvorak_dev/common/action_layer.o
                0x00000000000037ea                read_source_layers_cache
 .text.layer_switch_get_layer
                0x000000000000383c       0x84 .build/obj_crkbd_rev1_legacy_dvorak_dev/common/action_layer.o
                0x000000000000383c                layer_switch_get_layer
 .text.layer_switch_get_action
                0x00000000000038c0       0x14 .build/obj_crkbd_rev1_legacy_dvorak_dev/common/action_layer.o
                0x00000000000038c0                layer_switch_get_action
 .text.store_or_get_action
                0x00000000000038d4       0x48 .build/obj_crkbd_rev1_legacy_dvorak_dev/common/action_layer.o
                0x00000000000038d4                store_or_get_action
 .text.add_key  0x000000000000391c        0xe .build/obj_crkbd_rev1_legacy_dvorak_dev/common/action_util.o
                0x000000000000391c                add_key
 .text.del_key  0x000000000000392a        0xe .build/obj_crkbd_rev1_legacy_dvorak_dev/common/action_util.o
                0x000000000000392a                del_key
 .text.clear_keys
                0x0000000000003938        0xc .build/obj_crkbd_rev1_legacy_dvorak_dev/common/action_util.o
                0x0000000000003938                clear_keys
 .text.get_oneshot_layer
                0x0000000000003944        0xc .build/obj_crkbd_rev1_legacy_dvorak_dev/common/action_util.o
                0x0000000000003944                get_oneshot_layer
 .text.get_oneshot_layer_state
                0x0000000000003950        0x8 .build/obj_crkbd_rev1_legacy_dvorak_dev/common/action_util.o
                0x0000000000003950                get_oneshot_layer_state
 .text.is_oneshot_layer_active
                0x0000000000003958        0xe .build/obj_crkbd_rev1_legacy_dvorak_dev/common/action_util.o
                0x0000000000003958                is_oneshot_layer_active
 .text.get_mods
                0x0000000000003966        0x6 .build/obj_crkbd_rev1_legacy_dvorak_dev/common/action_util.o
                0x0000000000003966                get_mods
 .text.add_mods
                0x000000000000396c        0xc .build/obj_crkbd_rev1_legacy_dvorak_dev/common/action_util.o
                0x000000000000396c                add_mods
 .text.del_mods
                0x0000000000003978        0xe .build/obj_crkbd_rev1_legacy_dvorak_dev/common/action_util.o
                0x0000000000003978                del_mods
 .text.clear_mods
                0x0000000000003986        0x6 .build/obj_crkbd_rev1_legacy_dvorak_dev/common/action_util.o
                0x0000000000003986                clear_mods
 .text.get_weak_mods
                0x000000000000398c        0x6 .build/obj_crkbd_rev1_legacy_dvorak_dev/common/action_util.o
                0x000000000000398c                get_weak_mods
 .text.add_weak_mods
                0x0000000000003992        0xc .build/obj_crkbd_rev1_legacy_dvorak_dev/common/action_util.o
                0x0000000000003992                add_weak_mods
 .text.del_weak_mods
                0x000000000000399e        0xe .build/obj_crkbd_rev1_legacy_dvorak_dev/common/action_util.o
                0x000000000000399e                del_weak_mods
 .text.clear_weak_mods
                0x00000000000039ac        0x6 .build/obj_crkbd_rev1_legacy_dvorak_dev/common/action_util.o
                0x00000000000039ac                clear_weak_mods
 .text.clear_macro_mods
                0x00000000000039b2        0x6 .build/obj_crkbd_rev1_legacy_dvorak_dev/common/action_util.o
                0x00000000000039b2                clear_macro_mods
 .text.get_oneshot_mods
                0x00000000000039b8        0x6 .build/obj_crkbd_rev1_legacy_dvorak_dev/common/action_util.o
                0x00000000000039b8                get_oneshot_mods
 .text.oneshot_mods_changed_user
                0x00000000000039be        0x2 .build/obj_crkbd_rev1_legacy_dvorak_dev/common/action_util.o
                0x00000000000039be                oneshot_mods_changed_user
 .text.oneshot_mods_changed_kb
                0x00000000000039c0        0x4 .build/obj_crkbd_rev1_legacy_dvorak_dev/common/action_util.o
                0x00000000000039c0                oneshot_mods_changed_kb
 .text.set_oneshot_mods
                0x00000000000039c4       0x12 .build/obj_crkbd_rev1_legacy_dvorak_dev/common/action_util.o
                0x00000000000039c4                set_oneshot_mods
 .text.clear_oneshot_mods
                0x00000000000039d6       0x14 .build/obj_crkbd_rev1_legacy_dvorak_dev/common/action_util.o
                0x00000000000039d6                clear_oneshot_mods
 .text.send_keyboard_report
                0x00000000000039ea       0x66 .build/obj_crkbd_rev1_legacy_dvorak_dev/common/action_util.o
                0x00000000000039ea                send_keyboard_report
 .text.oneshot_layer_changed_user
                0x0000000000003a50        0x2 .build/obj_crkbd_rev1_legacy_dvorak_dev/common/action_util.o
                0x0000000000003a50                oneshot_layer_changed_user
 .text.oneshot_layer_changed_kb
                0x0000000000003a52        0x4 .build/obj_crkbd_rev1_legacy_dvorak_dev/common/action_util.o
                0x0000000000003a52                oneshot_layer_changed_kb
 .text.set_oneshot_layer
                0x0000000000003a56       0x20 .build/obj_crkbd_rev1_legacy_dvorak_dev/common/action_util.o
                0x0000000000003a56                set_oneshot_layer
 .text.reset_oneshot_layer
                0x0000000000003a76        0xa .build/obj_crkbd_rev1_legacy_dvorak_dev/common/action_util.o
                0x0000000000003a76                reset_oneshot_layer
 .text.clear_oneshot_layer_state
                0x0000000000003a80       0x30 .build/obj_crkbd_rev1_legacy_dvorak_dev/common/action_util.o
                0x0000000000003a80                clear_oneshot_layer_state
 .text.eeconfig_is_enabled
                0x0000000000003ab0       0x16 .build/obj_crkbd_rev1_legacy_dvorak_dev/common/eeconfig.o
                0x0000000000003ab0                eeconfig_is_enabled
 .text.eeconfig_read_debug
                0x0000000000003ac6        0x8 .build/obj_crkbd_rev1_legacy_dvorak_dev/common/eeconfig.o
                0x0000000000003ac6                eeconfig_read_debug
 .text.eeconfig_read_default_layer
                0x0000000000003ace        0x8 .build/obj_crkbd_rev1_legacy_dvorak_dev/common/eeconfig.o
                0x0000000000003ace                eeconfig_read_default_layer
 .text.eeconfig_read_keymap
                0x0000000000003ad6       0x1c .build/obj_crkbd_rev1_legacy_dvorak_dev/common/eeconfig.o
                0x0000000000003ad6                eeconfig_read_keymap
 .text.eeconfig_update_kb
                0x0000000000003af2        0xc .build/obj_crkbd_rev1_legacy_dvorak_dev/common/eeconfig.o
                0x0000000000003af2                eeconfig_update_kb
 .text.eeconfig_update_user
                0x0000000000003afe        0xc .build/obj_crkbd_rev1_legacy_dvorak_dev/common/eeconfig.o
                0x0000000000003afe                eeconfig_update_user
 .text.eeconfig_init_user
                0x0000000000003b0a        0xa .build/obj_crkbd_rev1_legacy_dvorak_dev/common/eeconfig.o
                0x0000000000003b0a                eeconfig_init_user
 .text.eeconfig_init_kb
                0x0000000000003b14        0xe .build/obj_crkbd_rev1_legacy_dvorak_dev/common/eeconfig.o
                0x0000000000003b14                eeconfig_init_kb
 .text.eeconfig_init_quantum
                0x0000000000003b22       0xae .build/obj_crkbd_rev1_legacy_dvorak_dev/common/eeconfig.o
                0x0000000000003b22                eeconfig_init_quantum
 .text.eeconfig_init
                0x0000000000003bd0        0x4 .build/obj_crkbd_rev1_legacy_dvorak_dev/common/eeconfig.o
                0x0000000000003bd0                eeconfig_init
 .text.has_anykey
                0x0000000000003bd4       0x28 .build/obj_crkbd_rev1_legacy_dvorak_dev/common/report.o
                0x0000000000003bd4                has_anykey
 .text.is_key_pressed
                0x0000000000003bfc       0x60 .build/obj_crkbd_rev1_legacy_dvorak_dev/common/report.o
                0x0000000000003bfc                is_key_pressed
 .text.add_key_byte
                0x0000000000003c5c       0x34 .build/obj_crkbd_rev1_legacy_dvorak_dev/common/report.o
                0x0000000000003c5c                add_key_byte
 .text.del_key_byte
                0x0000000000003c90       0x1a .build/obj_crkbd_rev1_legacy_dvorak_dev/common/report.o
                0x0000000000003c90                del_key_byte
 .text.add_key_bit
                0x0000000000003caa       0x28 .build/obj_crkbd_rev1_legacy_dvorak_dev/common/report.o
                0x0000000000003caa                add_key_bit
 .text.del_key_bit
                0x0000000000003cd2       0x2a .build/obj_crkbd_rev1_legacy_dvorak_dev/common/report.o
                0x0000000000003cd2                del_key_bit
 .text.add_key_to_report
                0x0000000000003cfc       0x16 .build/obj_crkbd_rev1_legacy_dvorak_dev/common/report.o
                0x0000000000003cfc                add_key_to_report
 .text.del_key_from_report
                0x0000000000003d12       0x16 .build/obj_crkbd_rev1_legacy_dvorak_dev/common/report.o
                0x0000000000003d12                del_key_from_report
 .text.clear_keys_from_report
                0x0000000000003d28       0x24 .build/obj_crkbd_rev1_legacy_dvorak_dev/common/report.o
                0x0000000000003d28                clear_keys_from_report
 .text.matrix_power_up
                0x0000000000003d4c        0x2 .build/obj_crkbd_rev1_legacy_dvorak_dev/common/avr/suspend.o
                0x0000000000003d4c                matrix_power_up
 .text.suspend_power_down_user
                0x0000000000003d4e        0x2 .build/obj_crkbd_rev1_legacy_dvorak_dev/common/avr/suspend.o
                0x0000000000003d4e                suspend_power_down_user
 .text.suspend_power_down_kb
                0x0000000000003d50        0x4 .build/obj_crkbd_rev1_legacy_dvorak_dev/common/avr/suspend.o
                0x0000000000003d50                suspend_power_down_kb
 .text.suspend_power_down
                0x0000000000003d54       0x60 .build/obj_crkbd_rev1_legacy_dvorak_dev/common/avr/suspend.o
                0x0000000000003d54                suspend_power_down
 .text.matrix_power_down
                0x0000000000003db4        0x2 .build/obj_crkbd_rev1_legacy_dvorak_dev/common/avr/suspend.o
                0x0000000000003db4                matrix_power_down
 .text.suspend_wakeup_condition
                0x0000000000003db6       0x28 .build/obj_crkbd_rev1_legacy_dvorak_dev/common/avr/suspend.o
                0x0000000000003db6                suspend_wakeup_condition
 .text.suspend_wakeup_init_user
                0x0000000000003dde        0x2 .build/obj_crkbd_rev1_legacy_dvorak_dev/common/avr/suspend.o
                0x0000000000003dde                suspend_wakeup_init_user
 .text.suspend_wakeup_init_kb
                0x0000000000003de0        0x4 .build/obj_crkbd_rev1_legacy_dvorak_dev/common/avr/suspend.o
                0x0000000000003de0                suspend_wakeup_init_kb
 .text.suspend_wakeup_init
                0x0000000000003de4       0x10 .build/obj_crkbd_rev1_legacy_dvorak_dev/common/avr/suspend.o
                0x0000000000003de4                suspend_wakeup_init
 .text.__vector_12
                0x0000000000003df4       0x4e .build/obj_crkbd_rev1_legacy_dvorak_dev/common/avr/suspend.o
                0x0000000000003df4                __vector_12
 .text.timer_init
                0x0000000000003e42       0x12 .build/obj_crkbd_rev1_legacy_dvorak_dev/common/avr/timer.o
                0x0000000000003e42                timer_init
 .text.timer_read
                0x0000000000003e54       0x18 .build/obj_crkbd_rev1_legacy_dvorak_dev/common/avr/timer.o
                0x0000000000003e54                timer_read
 .text.timer_read32
                0x0000000000003e6c       0x18 .build/obj_crkbd_rev1_legacy_dvorak_dev/common/avr/timer.o
                0x0000000000003e6c                timer_read32
 .text.timer_elapsed
                0x0000000000003e84       0x1e .build/obj_crkbd_rev1_legacy_dvorak_dev/common/avr/timer.o
                0x0000000000003e84                timer_elapsed
 .text.timer_elapsed32
                0x0000000000003ea2       0x38 .build/obj_crkbd_rev1_legacy_dvorak_dev/common/avr/timer.o
                0x0000000000003ea2                timer_elapsed32
 .text.__vector_21
                0x0000000000003eda       0x48 .build/obj_crkbd_rev1_legacy_dvorak_dev/common/avr/timer.o
                0x0000000000003eda                __vector_21
 .text.bootloader_jump
                0x0000000000003f22       0x22 .build/obj_crkbd_rev1_legacy_dvorak_dev/common/avr/bootloader.o
                0x0000000000003f22                bootloader_jump
 .text.magic    0x0000000000003f44       0x44 .build/obj_crkbd_rev1_legacy_dvorak_dev/common/magic.o
                0x0000000000003f44                magic
 .text.keyboard_leds
                0x0000000000003f88        0x6 .build/obj_crkbd_rev1_legacy_dvorak_dev/lufa.o
 .text.send_mouse
                0x0000000000003f8e        0x2 .build/obj_crkbd_rev1_legacy_dvorak_dev/lufa.o
 .text.send_extra
                0x0000000000003f90       0x66 .build/obj_crkbd_rev1_legacy_dvorak_dev/lufa.o
 .text.send_consumer
                0x0000000000003ff6        0x8 .build/obj_crkbd_rev1_legacy_dvorak_dev/lufa.o
 .text.send_system
                0x0000000000003ffe        0x8 .build/obj_crkbd_rev1_legacy_dvorak_dev/lufa.o
 .text.send_keyboard
                0x0000000000004006       0x80 .build/obj_crkbd_rev1_legacy_dvorak_dev/lufa.o
 .text.EVENT_USB_Device_Connect
                0x0000000000004086       0x1c .build/obj_crkbd_rev1_legacy_dvorak_dev/lufa.o
                0x0000000000004086                EVENT_USB_Device_Connect
 .text.EVENT_USB_Device_Disconnect
                0x00000000000040a2        0x6 .build/obj_crkbd_rev1_legacy_dvorak_dev/lufa.o
                0x00000000000040a2                EVENT_USB_Device_Disconnect
 .text.EVENT_USB_Device_Reset
                0x00000000000040a8        0x2 .build/obj_crkbd_rev1_legacy_dvorak_dev/lufa.o
                0x00000000000040a8                EVENT_USB_Device_Reset
 .text.EVENT_USB_Device_Suspend
                0x00000000000040aa        0x2 .build/obj_crkbd_rev1_legacy_dvorak_dev/lufa.o
                0x00000000000040aa                EVENT_USB_Device_Suspend
 .text.EVENT_USB_Device_WakeUp
                0x00000000000040ac        0x4 .build/obj_crkbd_rev1_legacy_dvorak_dev/lufa.o
                0x00000000000040ac                EVENT_USB_Device_WakeUp
 .text.EVENT_USB_Device_ConfigurationChanged
                0x00000000000040b0       0x14 .build/obj_crkbd_rev1_legacy_dvorak_dev/lufa.o
                0x00000000000040b0                EVENT_USB_Device_ConfigurationChanged
 .text.EVENT_USB_Device_ControlRequest
                0x00000000000040c4      0x16e .build/obj_crkbd_rev1_legacy_dvorak_dev/lufa.o
                0x00000000000040c4                EVENT_USB_Device_ControlRequest
 .text.startup.main
                0x0000000000004232       0x7e .build/obj_crkbd_rev1_legacy_dvorak_dev/lufa.o
                0x0000000000004232                main
 .text.CALLBACK_USB_GetDescriptor
                0x00000000000042b0        0x4 .build/obj_crkbd_rev1_legacy_dvorak_dev/lufa.o
                0x00000000000042b0                CALLBACK_USB_GetDescriptor
 .text.get_usb_descriptor
                0x00000000000042b4       0xbc .build/obj_crkbd_rev1_legacy_dvorak_dev/usb_descriptor.o
                0x00000000000042b4                get_usb_descriptor
 .text.USB_Device_SendRemoteWakeup
                0x0000000000004370       0x2c .build/obj_crkbd_rev1_legacy_dvorak_dev/lib/lufa/LUFA/Drivers/USB/Core/AVR8/Device_AVR8.o
                0x0000000000004370                USB_Device_SendRemoteWakeup
 .text.Endpoint_Write_Stream_LE
                0x000000000000439c       0x9e .build/obj_crkbd_rev1_legacy_dvorak_dev/lib/lufa/LUFA/Drivers/USB/Core/AVR8/EndpointStream_AVR8.o
                0x000000000000439c                Endpoint_Write_Stream_LE
 .text.Endpoint_Write_Control_Stream_LE
                0x000000000000443a       0xbc .build/obj_crkbd_rev1_legacy_dvorak_dev/lib/lufa/LUFA/Drivers/USB/Core/AVR8/EndpointStream_AVR8.o
                0x000000000000443a                Endpoint_Write_Control_Stream_LE
 .text.Endpoint_Write_Control_PStream_LE
                0x00000000000044f6       0xbe .build/obj_crkbd_rev1_legacy_dvorak_dev/lib/lufa/LUFA/Drivers/USB/Core/AVR8/EndpointStream_AVR8.o
                0x00000000000044f6                Endpoint_Write_Control_PStream_LE
 .text.Endpoint_ConfigureEndpoint_Prv
                0x00000000000045b4       0x68 .build/obj_crkbd_rev1_legacy_dvorak_dev/lib/lufa/LUFA/Drivers/USB/Core/AVR8/Endpoint_AVR8.o
                0x00000000000045b4                Endpoint_ConfigureEndpoint_Prv
 .text.Endpoint_ClearStatusStage
                0x000000000000461c       0x3e .build/obj_crkbd_rev1_legacy_dvorak_dev/lib/lufa/LUFA/Drivers/USB/Core/AVR8/Endpoint_AVR8.o
                0x000000000000461c                Endpoint_ClearStatusStage
 .text.Endpoint_WaitUntilReady
                0x000000000000465a       0x62 .build/obj_crkbd_rev1_legacy_dvorak_dev/lib/lufa/LUFA/Drivers/USB/Core/AVR8/Endpoint_AVR8.o
                0x000000000000465a                Endpoint_WaitUntilReady
 .text.USB_Disable
                0x00000000000046bc       0x34 .build/obj_crkbd_rev1_legacy_dvorak_dev/lib/lufa/LUFA/Drivers/USB/Core/AVR8/USBController_AVR8.o
                0x00000000000046bc                USB_Disable
 .text.USB_ResetInterface
                0x00000000000046f0       0x86 .build/obj_crkbd_rev1_legacy_dvorak_dev/lib/lufa/LUFA/Drivers/USB/Core/AVR8/USBController_AVR8.o
                0x00000000000046f0                USB_ResetInterface
 .text.USB_Init
                0x0000000000004776       0x22 .build/obj_crkbd_rev1_legacy_dvorak_dev/lib/lufa/LUFA/Drivers/USB/Core/AVR8/USBController_AVR8.o
                0x0000000000004776                USB_Init
 .text.USB_INT_DisableAllInterrupts
                0x0000000000004798       0x10 .build/obj_crkbd_rev1_legacy_dvorak_dev/lib/lufa/LUFA/Drivers/USB/Core/AVR8/USBInterrupt_AVR8.o
                0x0000000000004798                USB_INT_DisableAllInterrupts
 .text.USB_INT_ClearAllInterrupts
                0x00000000000047a8        0xa .build/obj_crkbd_rev1_legacy_dvorak_dev/lib/lufa/LUFA/Drivers/USB/Core/AVR8/USBInterrupt_AVR8.o
                0x00000000000047a8                USB_INT_ClearAllInterrupts
 .text.__vector_10
                0x00000000000047b2      0x1a8 .build/obj_crkbd_rev1_legacy_dvorak_dev/lib/lufa/LUFA/Drivers/USB/Core/AVR8/USBInterrupt_AVR8.o
                0x00000000000047b2                __vector_10
 .text.__vector_11
                0x000000000000495a       0x88 .build/obj_crkbd_rev1_legacy_dvorak_dev/lib/lufa/LUFA/Drivers/USB/Core/AVR8/USBInterrupt_AVR8.o
                0x000000000000495a                __vector_11
 .text.USB_Device_ProcessControlRequest
                0x00000000000049e2      0x2a4 .build/obj_crkbd_rev1_legacy_dvorak_dev/lib/lufa/LUFA/Drivers/USB/Core/DeviceStandardReq.o
                0x00000000000049e2                USB_Device_ProcessControlRequest
 .text.USB_Event_Stub
                0x0000000000004c86        0x2 .build/obj_crkbd_rev1_legacy_dvorak_dev/lib/lufa/LUFA/Drivers/USB/Core/Events.o
                0x0000000000004c86                EVENT_USB_Device_StartOfFrame
                0x0000000000004c86                USB_Event_Stub
 .text.USB_USBTask
                0x0000000000004c88       0x36 .build/obj_crkbd_rev1_legacy_dvorak_dev/lib/lufa/LUFA/Drivers/USB/Core/USBTask.o
                0x0000000000004c88                USB_USBTask
 .text.avr-libc.fplib
                0x0000000000004cbe        0xe c:/msys64/mingw64/bin/../lib/gcc/avr/8.4.0/../../../../avr/lib/avr5\libm.a(addsf3.o)
                0x0000000000004cbe                __subsf3
                0x0000000000004cc0                __addsf3
 .text.avr-libc.fplib
                0x0000000000004ccc       0xcc c:/msys64/mingw64/bin/../lib/gcc/avr/8.4.0/../../../../avr/lib/avr5\libm.a(addsf3x.o)
                0x0000000000004cee                __addsf3x
 .text.avr-libc.fplib
                0x0000000000004d98       0x5e c:/msys64/mingw64/bin/../lib/gcc/avr/8.4.0/../../../../avr/lib/avr5\libm.a(fixunssfsi.o)
                0x0000000000004d98                __fixunssfsi
 .text.avr-libc.fplib
                0x0000000000004df6       0x7a c:/msys64/mingw64/bin/../lib/gcc/avr/8.4.0/../../../../avr/lib/avr5\libm.a(floatsisf.o)
                0x0000000000004df6                __floatunsisf
                0x0000000000004dfa                __floatsisf
 .text.avr-libc.fplib
                0x0000000000004e70        0xc c:/msys64/mingw64/bin/../lib/gcc/avr/8.4.0/../../../../avr/lib/avr5\libm.a(fp_inf.o)
                0x0000000000004e70                __fp_inf
 .text.avr-libc.fplib
                0x0000000000004e7c        0x6 c:/msys64/mingw64/bin/../lib/gcc/avr/8.4.0/../../../../avr/lib/avr5\libm.a(fp_nan.o)
                0x0000000000004e7c                __fp_nan
 .text.avr-libc.fplib
                0x0000000000004e82        0xe c:/msys64/mingw64/bin/../lib/gcc/avr/8.4.0/../../../../avr/lib/avr5\libm.a(fp_pscA.o)
                0x0000000000004e82                __fp_pscA
 .text.avr-libc.fplib
                0x0000000000004e90        0xe c:/msys64/mingw64/bin/../lib/gcc/avr/8.4.0/../../../../avr/lib/avr5\libm.a(fp_pscB.o)
                0x0000000000004e90                __fp_pscB
 .text.avr-libc.fplib
                0x0000000000004e9e       0x22 c:/msys64/mingw64/bin/../lib/gcc/avr/8.4.0/../../../../avr/lib/avr5\libm.a(fp_round.o)
                0x0000000000004e9e                __fp_round
 .text.avr-libc.fplib
                0x0000000000004ec0       0x44 c:/msys64/mingw64/bin/../lib/gcc/avr/8.4.0/../../../../avr/lib/avr5\libm.a(fp_split3.o)
                0x0000000000004ec0                __fp_split3
                0x0000000000004ed0                __fp_splitA
 .text.avr-libc.fplib
                0x0000000000004f04        0xe c:/msys64/mingw64/bin/../lib/gcc/avr/8.4.0/../../../../avr/lib/avr5\libm.a(fp_zero.o)
                0x0000000000004f04                __fp_zero
                0x0000000000004f06                __fp_szero
 .text.avr-libc.fplib
                0x0000000000004f12        0x8 c:/msys64/mingw64/bin/../lib/gcc/avr/8.4.0/../../../../avr/lib/avr5\libm.a(mulsf3.o)
                0x0000000000004f12                __mulsf3
 .text.avr-libc.fplib
                0x0000000000004f1a       0xd2 c:/msys64/mingw64/bin/../lib/gcc/avr/8.4.0/../../../../avr/lib/avr5\libm.a(mulsf3x.o)
                0x0000000000004f38                __mulsf3x
                0x0000000000004f3e                __mulsf3_pse
 .text.libgcc.div
                0x0000000000004fec       0x18 c:/msys64/mingw64/bin/../lib/gcc/avr/8.4.0/avr5\libgcc.a(_udivmodqi4.o)
                0x0000000000004fec                __udivmodqi4
 .text.libgcc.div
                0x0000000000005004       0x28 c:/msys64/mingw64/bin/../lib/gcc/avr/8.4.0/avr5\libgcc.a(_udivmodhi4.o)
                0x0000000000005004                __udivmodhi4
 .text.libgcc.div
                0x000000000000502c       0x2e c:/msys64/mingw64/bin/../lib/gcc/avr/8.4.0/avr5\libgcc.a(_divmodsi4.o)
                0x000000000000502c                __divmodsi4
 .text.libgcc.div
                0x000000000000505a       0x10 c:/msys64/mingw64/bin/../lib/gcc/avr/8.4.0/avr5\libgcc.a(_negsi2.o)
                0x000000000000505a                __negsi2
 .text.libgcc   0x000000000000506a        0xc c:/msys64/mingw64/bin/../lib/gcc/avr/8.4.0/avr5\libgcc.a(_tablejump2.o)
                0x000000000000506a                __tablejump2__
 .text.libgcc.div
                0x0000000000005076       0x44 c:/msys64/mingw64/bin/../lib/gcc/avr/8.4.0/avr5\libgcc.a(_udivmodsi4.o)
                0x0000000000005076                __udivmodsi4
 .text.avr-libc
                0x00000000000050ba       0x12 c:/msys64/mingw64/bin/../lib/gcc/avr/8.4.0/../../../../avr/lib/avr5\libc.a(memcpy_P.o)
                0x00000000000050ba                memcpy_P
 .text.avr-libc
                0x00000000000050cc       0x1a c:/msys64/mingw64/bin/../lib/gcc/avr/8.4.0/../../../../avr/lib/avr5\libc.a(memcmp.o)
                0x00000000000050cc                memcmp
 .text.avr-libc
                0x00000000000050e6       0x46 c:/msys64/mingw64/bin/../lib/gcc/avr/8.4.0/../../../../avr/lib/avr5\libc.a(sprintf.o)
                0x00000000000050e6                sprintf
 .text.avr-libc
                0x000000000000512c      0x396 c:/msys64/mingw64/bin/../lib/gcc/avr/8.4.0/../../../../avr/lib/avr5\libc.a(vfprintf_std.o)
                0x000000000000512c                vfprintf
 .text.avr-libc
                0x00000000000054c2       0x16 c:/msys64/mingw64/bin/../lib/gcc/avr/8.4.0/../../../../avr/lib/avr5\libc.a(strnlen_P.o)
                0x00000000000054c2                strnlen_P
 .text.avr-libc
                0x00000000000054d8       0x16 c:/msys64/mingw64/bin/../lib/gcc/avr/8.4.0/../../../../avr/lib/avr5\libc.a(strnlen.o)
                0x00000000000054d8                strnlen
 .text.avr-libc
                0x00000000000054ee       0x60 c:/msys64/mingw64/bin/../lib/gcc/avr/8.4.0/../../../../avr/lib/avr5\libc.a(fputc.o)
                0x00000000000054ee                fputc
 .text.avr-libc
                0x000000000000554e       0xbc c:/msys64/mingw64/bin/../lib/gcc/avr/8.4.0/../../../../avr/lib/avr5\libc.a(ultoa_invert.o)
                0x000000000000554e                __ultoa_invert
 .text.avr-libc
                0x000000000000560a       0x10 c:/msys64/mingw64/bin/../lib/gcc/avr/8.4.0/../../../../avr/lib/avr5\libatmega32u4.a(eerd_byte.o)
                0x000000000000560a                eeprom_read_byte
 .text.avr-libc
                0x000000000000561a        0xc c:/msys64/mingw64/bin/../lib/gcc/avr/8.4.0/../../../../avr/lib/avr5\libatmega32u4.a(eerd_word.o)
                0x000000000000561a                eeprom_read_word
 .text.avr-libc
                0x0000000000005626       0x24 c:/msys64/mingw64/bin/../lib/gcc/avr/8.4.0/../../../../avr/lib/avr5\libatmega32u4.a(eeupd_byte.o)
                0x0000000000005626                eeprom_update_byte
                0x0000000000005628                eeprom_update_r18
 .text.avr-libc
                0x000000000000564a       0x18 c:/msys64/mingw64/bin/../lib/gcc/avr/8.4.0/../../../../avr/lib/avr5\libatmega32u4.a(eeupd_dword.o)
                0x000000000000564a                eeprom_update_float
                0x000000000000564a                eeprom_update_dword
 .text.avr-libc
                0x0000000000005662        0xc c:/msys64/mingw64/bin/../lib/gcc/avr/8.4.0/../../../../avr/lib/avr5\libatmega32u4.a(eeupd_word.o)
                0x0000000000005662                eeprom_update_word
 .text.avr-libc
                0x000000000000566e       0x20 c:/msys64/mingw64/bin/../lib/gcc/avr/8.4.0/../../../../avr/lib/avr5\libatmega32u4.a(eerd_block.o)
                0x000000000000566e                eeprom_read_block
                0x0000000000005672                eeprom_read_blraw
 .text.libgcc.prologue
                0x000000000000568e       0x38 c:/msys64/mingw64/bin/../lib/gcc/avr/8.4.0/avr5\libgcc.a(_prologue.o)
                0x000000000000568e                __prologue_saves__
 .text.libgcc.prologue
                0x00000000000056c6       0x36 c:/msys64/mingw64/bin/../lib/gcc/avr/8.4.0/avr5\libgcc.a(_epilogue.o)
                0x00000000000056c6                __epilogue_restores__
                0x00000000000056fc                . = ALIGN (0x2)
 *(.fini9)
 .fini9         0x00000000000056fc        0x0 c:/msys64/mingw64/bin/../lib/gcc/avr/8.4.0/avr5\libgcc.a(_exit.o)
                0x00000000000056fc                _exit
                0x00000000000056fc                exit
 *(.fini9)
 *(.fini8)
 *(.fini8)
 *(.fini7)
 *(.fini7)
 *(.fini6)
 *(.fini6)
 *(.fini5)
 *(.fini5)
 *(.fini4)
 *(.fini4)
 *(.fini3)
 *(.fini3)
 *(.fini2)
 *(.fini2)
 *(.fini1)
 *(.fini1)
 *(.fini0)
 .fini0         0x00000000000056fc        0x4 c:/msys64/mingw64/bin/../lib/gcc/avr/8.4.0/avr5\libgcc.a(_exit.o)
 *(.fini0)
 *(.hightext)
 *(.hightext*)
 *(.progmemx.*)
                0x0000000000005700                . = ALIGN (0x2)
 *(.jumptables)
 *(.jumptables*)
 .jumptables.gcc.process_action
                0x0000000000005700       0x18 .build/obj_crkbd_rev1_legacy_dvorak_dev/common/action.o
 .jumptables.gcc.is_tap_action
                0x0000000000005718       0x1c .build/obj_crkbd_rev1_legacy_dvorak_dev/common/action.o
 .jumptables.gcc.USB_Device_ProcessControlRequest
                0x0000000000005734       0x14 .build/obj_crkbd_rev1_legacy_dvorak_dev/lib/lufa/LUFA/Drivers/USB/Core/DeviceStandardReq.o
                0x0000000000005748                _etext = .

.data           0x0000000000800100      0x1d2 load address 0x0000000000005748
                0x0000000000800100                PROVIDE (__data_start = .)
 *(.data)
 *(.data*)
 .data.debouncing
                0x0000000000800100        0x1 .build/obj_crkbd_rev1_legacy_dvorak_dev/matrix.o
 .data.isLeftHand
                0x0000000000800101        0x1 .build/obj_crkbd_rev1_legacy_dvorak_dev/split_util.o
                0x0000000000800101                isLeftHand
 .data.transactions
                0x0000000000800102       0x18 .build/obj_crkbd_rev1_legacy_dvorak_dev/split_scomm.o
                0x0000000000800102                transactions
 .data.s_change_new
                0x000000000080011a        0x1 .build/obj_crkbd_rev1_legacy_dvorak_dev/split_scomm.o
                0x000000000080011a                s_change_new
 .data.s_change_old
                0x000000000080011b        0x1 .build/obj_crkbd_rev1_legacy_dvorak_dev/split_scomm.o
                0x000000000080011b                s_change_old
 .data.tap_dance_actions
                0x000000000080011c       0xf2 .build/obj_crkbd_rev1_legacy_dvorak_dev/keyboards/crkbd/keymaps/dvorak_dev/keymap.o
                0x000000000080011c                tap_dance_actions
 .data.__compound_literal.10
                0x000000000080020e        0x4 .build/obj_crkbd_rev1_legacy_dvorak_dev/keyboards/crkbd/keymaps/dvorak_dev/keymap.o
 .data.__compound_literal.9
                0x0000000000800212        0x4 .build/obj_crkbd_rev1_legacy_dvorak_dev/keyboards/crkbd/keymaps/dvorak_dev/keymap.o
 .data.__compound_literal.8
                0x0000000000800216        0x4 .build/obj_crkbd_rev1_legacy_dvorak_dev/keyboards/crkbd/keymaps/dvorak_dev/keymap.o
 .data.__compound_literal.7
                0x000000000080021a        0x4 .build/obj_crkbd_rev1_legacy_dvorak_dev/keyboards/crkbd/keymaps/dvorak_dev/keymap.o
 .data.__compound_literal.6
                0x000000000080021e        0x4 .build/obj_crkbd_rev1_legacy_dvorak_dev/keyboards/crkbd/keymaps/dvorak_dev/keymap.o
 .data.__compound_literal.5
                0x0000000000800222        0x4 .build/obj_crkbd_rev1_legacy_dvorak_dev/keyboards/crkbd/keymaps/dvorak_dev/keymap.o
 .data.__compound_literal.4
                0x0000000000800226        0x4 .build/obj_crkbd_rev1_legacy_dvorak_dev/keyboards/crkbd/keymaps/dvorak_dev/keymap.o
 .data.__compound_literal.3
                0x000000000080022a        0x4 .build/obj_crkbd_rev1_legacy_dvorak_dev/keyboards/crkbd/keymaps/dvorak_dev/keymap.o
 .data.__compound_literal.2
                0x000000000080022e        0x4 .build/obj_crkbd_rev1_legacy_dvorak_dev/keyboards/crkbd/keymaps/dvorak_dev/keymap.o
 .data.__compound_literal.1
                0x0000000000800232        0x4 .build/obj_crkbd_rev1_legacy_dvorak_dev/keyboards/crkbd/keymaps/dvorak_dev/keymap.o
 .data.__compound_literal.0
                0x0000000000800236        0x4 .build/obj_crkbd_rev1_legacy_dvorak_dev/keyboards/crkbd/keymaps/dvorak_dev/keymap.o
 .data.display_start.2072
                0x000000000080023a        0x7 .build/obj_crkbd_rev1_legacy_dvorak_dev/oled_driver.o
 .data.highest_td
                0x0000000000800241        0x1 .build/obj_crkbd_rev1_legacy_dvorak_dev/quantum/process_keycode/process_tap_dance.o
 .data.keyboard_report
                0x0000000000800242        0x2 .build/obj_crkbd_rev1_legacy_dvorak_dev/common/action_util.o
                0x0000000000800242                keyboard_report
 .data.lufa_driver
                0x0000000000800244        0xa .build/obj_crkbd_rev1_legacy_dvorak_dev/lufa.o
                0x0000000000800244                lufa_driver
 .data.keyboard_protocol
                0x000000000080024e        0x1 .build/obj_crkbd_rev1_legacy_dvorak_dev/lufa.o
                0x000000000080024e                keyboard_protocol
 *(.gnu.linkonce.d*)
 *(.rodata)
 *(.rodata*)
 .rodata.col_pins
                0x000000000080024f        0x6 .build/obj_crkbd_rev1_legacy_dvorak_dev/matrix.o
 .rodata.row_pins
                0x0000000000800255        0x8 .build/obj_crkbd_rev1_legacy_dvorak_dev/matrix.o
 .rodata.render_status_secondary.str1.1
                0x000000000080025d        0xa .build/obj_crkbd_rev1_legacy_dvorak_dev/keyboards/crkbd/keymaps/dvorak_dev/keymap.o
 .rodata.CSWTCH.1
                0x0000000000800267       0x2e .build/obj_crkbd_rev1_legacy_dvorak_dev/quantum/keymap_common.o
 .rodata.CSWTCH.0
                0x0000000000800295        0x3 .build/obj_crkbd_rev1_legacy_dvorak_dev/quantum/keymap_common.o
 .rodata.source_map.2073
                0x0000000000800298        0x4 .build/obj_crkbd_rev1_legacy_dvorak_dev/oled_driver.o
 .rodata.target_map.2074
                0x000000000080029c        0x4 .build/obj_crkbd_rev1_legacy_dvorak_dev/oled_driver.o
 .rodata.CSWTCH.11
                0x00000000008002a0       0x2e .build/obj_crkbd_rev1_legacy_dvorak_dev/common/action.o
 .rodata.CSWTCH.10
                0x00000000008002ce        0x3 .build/obj_crkbd_rev1_legacy_dvorak_dev/common/action.o
 *(.gnu.linkonce.r*)
                0x00000000008002d2                . = ALIGN (0x2)
 *fill*         0x00000000008002d1        0x1 
                0x00000000008002d2                _edata = .
                0x00000000008002d2                PROVIDE (__data_end = .)

.bss            0x00000000008002d2      0x335
                0x00000000008002d2                PROVIDE (__bss_start = .)
 *(.bss)
 *(.bss*)
 .bss.matrix_debouncing
                0x00000000008002d2        0x8 .build/obj_crkbd_rev1_legacy_dvorak_dev/matrix.o
 .bss.matrix    0x00000000008002da        0x8 .build/obj_crkbd_rev1_legacy_dvorak_dev/matrix.o
 .bss.is_master
                0x00000000008002e2        0x1 .build/obj_crkbd_rev1_legacy_dvorak_dev/matrix.o
                0x00000000008002e2                is_master
 .bss.error_count
                0x00000000008002e3        0x1 .build/obj_crkbd_rev1_legacy_dvorak_dev/matrix.o
 .bss.usbstate.1898
                0x00000000008002e4        0x1 .build/obj_crkbd_rev1_legacy_dvorak_dev/split_util.o
 .bss.need_retry.1591
                0x00000000008002e5        0x2 .build/obj_crkbd_rev1_legacy_dvorak_dev/split_scomm.o
 .bss.slave_buffer_change_count
                0x00000000008002e7        0x1 .build/obj_crkbd_rev1_legacy_dvorak_dev/split_scomm.o
                0x00000000008002e7                slave_buffer_change_count
 .bss.status1   0x00000000008002e8        0x1 .build/obj_crkbd_rev1_legacy_dvorak_dev/split_scomm.o
                0x00000000008002e8                status1
 .bss.status_com
                0x00000000008002e9        0x1 .build/obj_crkbd_rev1_legacy_dvorak_dev/split_scomm.o
                0x00000000008002e9                status_com
 .bss.serial_master_buffer
                0x00000000008002ea        0x4 .build/obj_crkbd_rev1_legacy_dvorak_dev/split_scomm.o
                0x00000000008002ea                serial_master_buffer
 .bss.serial_slave_buffer
                0x00000000008002ee        0x4 .build/obj_crkbd_rev1_legacy_dvorak_dev/split_scomm.o
                0x00000000008002ee                serial_slave_buffer
 .bss.oled_timer
                0x00000000008002f2        0x4 .build/obj_crkbd_rev1_legacy_dvorak_dev/keyboards/crkbd/keymaps/dvorak_dev/keymap.o
 .bss.wpm_timer
                0x00000000008002f6        0x2 .build/obj_crkbd_rev1_legacy_dvorak_dev/quantum/wpm.o
 .bss.current_wpm
                0x00000000008002f8        0x1 .build/obj_crkbd_rev1_legacy_dvorak_dev/quantum/wpm.o
 .bss.oled_temp_buffer.2102
                0x00000000008002f9        0x6 .build/obj_crkbd_rev1_legacy_dvorak_dev/oled_driver.o
 .bss.temp_buffer.2075
                0x00000000008002ff       0x20 .build/obj_crkbd_rev1_legacy_dvorak_dev/oled_driver.o
 .bss.oled_rotation_width
                0x000000000080031f        0x1 .build/obj_crkbd_rev1_legacy_dvorak_dev/oled_driver.o
                0x000000000080031f                oled_rotation_width
 .bss.oled_rotation
                0x0000000000800320        0x1 .build/obj_crkbd_rev1_legacy_dvorak_dev/oled_driver.o
                0x0000000000800320                oled_rotation
 .bss.oled_scrolling
                0x0000000000800321        0x1 .build/obj_crkbd_rev1_legacy_dvorak_dev/oled_driver.o
                0x0000000000800321                oled_scrolling
 .bss.oled_active
                0x0000000000800322        0x1 .build/obj_crkbd_rev1_legacy_dvorak_dev/oled_driver.o
                0x0000000000800322                oled_active
 .bss.oled_initialized
                0x0000000000800323        0x1 .build/obj_crkbd_rev1_legacy_dvorak_dev/oled_driver.o
                0x0000000000800323                oled_initialized
 .bss.oled_dirty
                0x0000000000800324        0x2 .build/obj_crkbd_rev1_legacy_dvorak_dev/oled_driver.o
                0x0000000000800324                oled_dirty
 .bss.last_td   0x0000000000800326        0x2 .build/obj_crkbd_rev1_legacy_dvorak_dev/quantum/process_keycode/process_tap_dance.o
 .bss.Transaction_table_size
                0x0000000000800328        0x1 .build/obj_crkbd_rev1_legacy_dvorak_dev/serial.a(serial.o)
 .bss.Transaction_table
                0x0000000000800329        0x2 .build/obj_crkbd_rev1_legacy_dvorak_dev/serial.a(serial.o)
 .bss.last_consumer_report
                0x000000000080032b        0x2 .build/obj_crkbd_rev1_legacy_dvorak_dev/common/host.o
 .bss.last_system_report
                0x000000000080032d        0x2 .build/obj_crkbd_rev1_legacy_dvorak_dev/common/host.o
 .bss.driver    0x000000000080032f        0x2 .build/obj_crkbd_rev1_legacy_dvorak_dev/common/host.o
 .bss.led_status.5729
                0x0000000000800331        0x1 .build/obj_crkbd_rev1_legacy_dvorak_dev/common/keyboard.o
 .bss.matrix_prev.5728
                0x0000000000800332        0x8 .build/obj_crkbd_rev1_legacy_dvorak_dev/common/keyboard.o
 .bss.disable_action_cache
                0x000000000080033a        0x1 .build/obj_crkbd_rev1_legacy_dvorak_dev/common/action.o
                0x000000000080033a                disable_action_cache
 .bss.waiting_buffer_tail
                0x000000000080033b        0x1 .build/obj_crkbd_rev1_legacy_dvorak_dev/common/action_tapping.o
 .bss.waiting_buffer_head
                0x000000000080033c        0x1 .build/obj_crkbd_rev1_legacy_dvorak_dev/common/action_tapping.o
 .bss.waiting_buffer
                0x000000000080033d       0x30 .build/obj_crkbd_rev1_legacy_dvorak_dev/common/action_tapping.o
 .bss.tapping_key
                0x000000000080036d        0x6 .build/obj_crkbd_rev1_legacy_dvorak_dev/common/action_tapping.o
 .bss.source_layers_cache
                0x0000000000800373       0x1e .build/obj_crkbd_rev1_legacy_dvorak_dev/common/action_layer.o
                0x0000000000800373                source_layers_cache
 .bss.layer_state
                0x0000000000800391        0x4 .build/obj_crkbd_rev1_legacy_dvorak_dev/common/action_layer.o
                0x0000000000800391                layer_state
 .bss.default_layer_state
                0x0000000000800395        0x4 .build/obj_crkbd_rev1_legacy_dvorak_dev/common/action_layer.o
                0x0000000000800395                default_layer_state
 .bss.oneshot_layer_data
                0x0000000000800399        0x1 .build/obj_crkbd_rev1_legacy_dvorak_dev/common/action_util.o
 .bss.oneshot_mods
                0x000000000080039a        0x1 .build/obj_crkbd_rev1_legacy_dvorak_dev/common/action_util.o
 .bss.__compound_literal.0
                0x000000000080039b       0x20 .build/obj_crkbd_rev1_legacy_dvorak_dev/common/action_util.o
 .bss.macro_mods
                0x00000000008003bb        0x1 .build/obj_crkbd_rev1_legacy_dvorak_dev/common/action_util.o
 .bss.weak_mods
                0x00000000008003bc        0x1 .build/obj_crkbd_rev1_legacy_dvorak_dev/common/action_util.o
 .bss.real_mods
                0x00000000008003bd        0x1 .build/obj_crkbd_rev1_legacy_dvorak_dev/common/action_util.o
 .bss.debug_config
                0x00000000008003be        0x1 .build/obj_crkbd_rev1_legacy_dvorak_dev/common/debug.o
                0x00000000008003be                debug_config
 .bss.wdt_timeout
                0x00000000008003bf        0x1 .build/obj_crkbd_rev1_legacy_dvorak_dev/common/avr/suspend.o
 .bss.keyboard_report_sent
                0x00000000008003c0       0x20 .build/obj_crkbd_rev1_legacy_dvorak_dev/lufa.o
 .bss.keyboard_led_state
                0x00000000008003e0        0x1 .build/obj_crkbd_rev1_legacy_dvorak_dev/lufa.o
 .bss.keyboard_idle
                0x00000000008003e1        0x1 .build/obj_crkbd_rev1_legacy_dvorak_dev/lufa.o
                0x00000000008003e1                keyboard_idle
 *(COMMON)
 COMMON         0x00000000008003e2        0xc .build/obj_crkbd_rev1_legacy_dvorak_dev/keyboards/crkbd/keymaps/dvorak_dev/keymap.o
                0x00000000008003e2                RGB_current_mode
                0x00000000008003e4                wpm_str
 COMMON         0x00000000008003ee      0x206 .build/obj_crkbd_rev1_legacy_dvorak_dev/oled_driver.o
                0x00000000008003ee                oled_buffer
                0x00000000008005ee                oled_timeout
                0x00000000008005f2                oled_cursor
 COMMON         0x00000000008005f4        0x4 .build/obj_crkbd_rev1_legacy_dvorak_dev/common/avr/timer.o
                0x00000000008005f4                timer_count
 COMMON         0x00000000008005f8        0x2 .build/obj_crkbd_rev1_legacy_dvorak_dev/common/magic.o
                0x00000000008005f8                keymap_config
 COMMON         0x00000000008005fa        0x3 .build/obj_crkbd_rev1_legacy_dvorak_dev/lib/lufa/LUFA/Drivers/USB/Core/DeviceStandardReq.o
                0x00000000008005fa                USB_Device_ConfigurationNumber
                0x00000000008005fb                USB_Device_CurrentlySelfPowered
                0x00000000008005fc                USB_Device_RemoteWakeupEnabled
 COMMON         0x00000000008005fd        0xa .build/obj_crkbd_rev1_legacy_dvorak_dev/lib/lufa/LUFA/Drivers/USB/Core/USBTask.o
                0x00000000008005fd                USB_IsInitialized
                0x00000000008005fe                USB_DeviceState
                0x00000000008005ff                USB_ControlRequest
                0x0000000000800607                PROVIDE (__bss_end = .)