   1               		.file	"rev1.c"
   2               	__SP_H__ = 0x3e
   3               	__SP_L__ = 0x3d
   4               	__SREG__ = 0x3f
   5               	__tmp_reg__ = 0
   6               	__zero_reg__ = 1
   7               		.text
   8               	.Ltext0:
   9               		.cfi_sections	.debug_frame
  10               		.section	.text.matrix_init_kb,"ax",@progbits
  11               	.global	matrix_init_kb
  13               	matrix_init_kb:
  14               	.LFB117:
  15               		.file 1 "keyboards/crkbd/rev1/rev1.c"
   1:keyboards/crkbd/rev1/rev1.c **** /*
   2:keyboards/crkbd/rev1/rev1.c **** Copyright 2019 @foostan
   3:keyboards/crkbd/rev1/rev1.c **** Copyright 2020 Drashna Jaelre <@drashna>
   4:keyboards/crkbd/rev1/rev1.c **** 
   5:keyboards/crkbd/rev1/rev1.c **** This program is free software: you can redistribute it and/or modify
   6:keyboards/crkbd/rev1/rev1.c **** it under the terms of the GNU General Public License as published by
   7:keyboards/crkbd/rev1/rev1.c **** the Free Software Foundation, either version 2 of the License, or
   8:keyboards/crkbd/rev1/rev1.c **** (at your option) any later version.
   9:keyboards/crkbd/rev1/rev1.c **** 
  10:keyboards/crkbd/rev1/rev1.c **** This program is distributed in the hope that it will be useful,
  11:keyboards/crkbd/rev1/rev1.c **** but WITHOUT ANY WARRANTY; without even the implied warranty of
  12:keyboards/crkbd/rev1/rev1.c **** MERCHANTABILITY or FITNESS FOR A PARTICULAR PURPOSE.  See the
  13:keyboards/crkbd/rev1/rev1.c **** GNU General Public License for more details.
  14:keyboards/crkbd/rev1/rev1.c **** 
  15:keyboards/crkbd/rev1/rev1.c **** You should have received a copy of the GNU General Public License
  16:keyboards/crkbd/rev1/rev1.c **** along with this program.  If not, see <http://www.gnu.org/licenses/>.
  17:keyboards/crkbd/rev1/rev1.c **** */
  18:keyboards/crkbd/rev1/rev1.c **** #include "rev1.h"
  19:keyboards/crkbd/rev1/rev1.c **** 
  20:keyboards/crkbd/rev1/rev1.c **** #ifdef RGB_MATRIX_ENABLE
  21:keyboards/crkbd/rev1/rev1.c **** 
  22:keyboards/crkbd/rev1/rev1.c ****   // Logical Layout
  23:keyboards/crkbd/rev1/rev1.c ****   // Columns
  24:keyboards/crkbd/rev1/rev1.c ****   // Left
  25:keyboards/crkbd/rev1/rev1.c ****   // 0  1  2  3  4  5
  26:keyboards/crkbd/rev1/rev1.c ****   //                   ROWS
  27:keyboards/crkbd/rev1/rev1.c ****   // 25 24 19 18 11 10   0
  28:keyboards/crkbd/rev1/rev1.c ****   //    03    02    01
  29:keyboards/crkbd/rev1/rev1.c ****   // 26 23 20 17 12 09   1
  30:keyboards/crkbd/rev1/rev1.c ****   //    04    05    06
  31:keyboards/crkbd/rev1/rev1.c ****   // 27 22 21 16 13 08   2
  32:keyboards/crkbd/rev1/rev1.c ****   //
  33:keyboards/crkbd/rev1/rev1.c ****   //          15 14 07   3
  34:keyboards/crkbd/rev1/rev1.c ****   //
  35:keyboards/crkbd/rev1/rev1.c ****   // Right
  36:keyboards/crkbd/rev1/rev1.c ****   // 0  1  2  3  4  5
  37:keyboards/crkbd/rev1/rev1.c ****   //                    ROWS
  38:keyboards/crkbd/rev1/rev1.c ****   // 25 24 19 18 11 10   4
  39:keyboards/crkbd/rev1/rev1.c ****   //    03    02    01
  40:keyboards/crkbd/rev1/rev1.c ****   // 26 23 20 17 12 09   5
  41:keyboards/crkbd/rev1/rev1.c ****   //    04    05    06
  42:keyboards/crkbd/rev1/rev1.c ****   // 27 22 21 16 13 08   6
  43:keyboards/crkbd/rev1/rev1.c ****   //
  44:keyboards/crkbd/rev1/rev1.c ****   //          15 14 07   7
  45:keyboards/crkbd/rev1/rev1.c ****   //
  46:keyboards/crkbd/rev1/rev1.c ****   // Physical Layout
  47:keyboards/crkbd/rev1/rev1.c ****   // Columns
  48:keyboards/crkbd/rev1/rev1.c ****   // 0  1  2  3  4  5  6  7  8  9  10 11 12 13
  49:keyboards/crkbd/rev1/rev1.c ****   //                                           ROWS
  50:keyboards/crkbd/rev1/rev1.c ****   // 25 24 19 18 11 10       10 11 18 19 24 25  0
  51:keyboards/crkbd/rev1/rev1.c ****   //    03    02    01       01    02    03
  52:keyboards/crkbd/rev1/rev1.c ****   // 26 23 20 17 12 09       09 12 17 20 23 26  1
  53:keyboards/crkbd/rev1/rev1.c ****   //    04                               04
  54:keyboards/crkbd/rev1/rev1.c ****   // 27 22 21 16 13 08       08 13 16 21 22 27  2
  55:keyboards/crkbd/rev1/rev1.c ****   //          05    06       06    05
  56:keyboards/crkbd/rev1/rev1.c ****   //           15 14 07     07 14 15              3
  57:keyboards/crkbd/rev1/rev1.c **** 
  58:keyboards/crkbd/rev1/rev1.c **** led_config_t g_led_config = { {
  59:keyboards/crkbd/rev1/rev1.c ****     {  24,  23,  18,  17,  10,   9 },
  60:keyboards/crkbd/rev1/rev1.c ****     {  25,  22,  19,  16,  11,   8 },
  61:keyboards/crkbd/rev1/rev1.c ****     {  26,  21,  20,  15,  12,   7 },
  62:keyboards/crkbd/rev1/rev1.c ****     { NO_LED, NO_LED, NO_LED,  14,  13,   6 },
  63:keyboards/crkbd/rev1/rev1.c ****     {  51,  50,  45,  44,  37,  36 },
  64:keyboards/crkbd/rev1/rev1.c ****     {  52,  49,  46,  43,  38,  35 },
  65:keyboards/crkbd/rev1/rev1.c ****     {  53,  48,  47,  42,  39,  34 },
  66:keyboards/crkbd/rev1/rev1.c ****     { NO_LED, NO_LED, NO_LED,  41,  40,  33 }
  67:keyboards/crkbd/rev1/rev1.c **** }, {
  68:keyboards/crkbd/rev1/rev1.c ****     {  85,  16 }, {  50,  13 }, {  16,  20 }, {  16,  38 }, {  50,  48 }, {  85,  52 }, {  95,  63 
  69:keyboards/crkbd/rev1/rev1.c ****     {  85,  39 }, {  85,  21 }, {  85,   4 }, {  68,   2 }, {  68,  19 }, {  68,  37 }, {  80,  58 
  70:keyboards/crkbd/rev1/rev1.c ****     {  60,  55 }, {  50,  35 }, {  50,  13 }, {  50,   0 }, {  33,   3 }, {  33,  20 }, {  33,  37 
  71:keyboards/crkbd/rev1/rev1.c ****     {  16,  42 }, {  16,  24 }, {  16,   7 }, {   0,   7 }, {   0,  24 }, {   0,  41 }, { 139,  16 
  72:keyboards/crkbd/rev1/rev1.c ****     { 174,  13 }, { 208,  20 }, { 208,  38 }, { 174,  48 }, { 139,  52 }, { 129,  63 }, { 139,  39 
  73:keyboards/crkbd/rev1/rev1.c ****     { 139,  21 }, { 139,   4 }, { 156,   2 }, { 156,  19 }, { 156,  37 }, { 144,  58 }, { 164,  55 
  74:keyboards/crkbd/rev1/rev1.c ****     { 174,  35 }, { 174,  13 }, { 174,   0 }, { 191,   3 }, { 191,  20 }, { 191,  37 }, { 208,  42 
  75:keyboards/crkbd/rev1/rev1.c ****     { 208,  24 }, { 208,   7 }, { 224,   7 }, { 224,  24 }, { 224,  41 }
  76:keyboards/crkbd/rev1/rev1.c **** }, {
  77:keyboards/crkbd/rev1/rev1.c ****     2, 2, 2, 2, 2, 2, 1,
  78:keyboards/crkbd/rev1/rev1.c ****     4, 4, 4, 4, 4, 4, 1,
  79:keyboards/crkbd/rev1/rev1.c ****     1, 4, 4, 4, 4, 4, 4,
  80:keyboards/crkbd/rev1/rev1.c ****     4, 4, 4, 1, 1, 1, 2,
  81:keyboards/crkbd/rev1/rev1.c ****     2, 2, 2, 2, 2, 1, 4,
  82:keyboards/crkbd/rev1/rev1.c ****     4, 4, 4, 4, 4, 1, 1,
  83:keyboards/crkbd/rev1/rev1.c ****     4, 4, 4, 4, 4, 4, 4,
  84:keyboards/crkbd/rev1/rev1.c ****     4, 4, 1, 1, 1
  85:keyboards/crkbd/rev1/rev1.c **** } };
  86:keyboards/crkbd/rev1/rev1.c **** #endif
  87:keyboards/crkbd/rev1/rev1.c **** 
  88:keyboards/crkbd/rev1/rev1.c **** void matrix_init_kb(void) {
  16               		.loc 1 88 27 view -0
  17               		.cfi_startproc
  18               	/* prologue: function */
  19               	/* frame size = 0 */
  20               	/* stack size = 0 */
  21               	.L__stack_usage = 0
  89:keyboards/crkbd/rev1/rev1.c **** 
  90:keyboards/crkbd/rev1/rev1.c **** #ifdef KEYBOARD_crkbd_rev1_common
  91:keyboards/crkbd/rev1/rev1.c ****     is_master = (uint8_t)is_keyboard_master();
  92:keyboards/crkbd/rev1/rev1.c **** #endif
  93:keyboards/crkbd/rev1/rev1.c **** 
  94:keyboards/crkbd/rev1/rev1.c **** #ifdef RGB_MATRIX_ENABLE
  95:keyboards/crkbd/rev1/rev1.c ****     if (!isLeftHand) {
  96:keyboards/crkbd/rev1/rev1.c ****         g_led_config = (led_config_t){ {
  97:keyboards/crkbd/rev1/rev1.c ****             {  51,  50,  45,  44,  37,  36 },
  98:keyboards/crkbd/rev1/rev1.c ****             {  52,  49,  46,  43,  38,  35 },
  99:keyboards/crkbd/rev1/rev1.c ****             {  53,  48,  47,  42,  39,  34 },
 100:keyboards/crkbd/rev1/rev1.c ****             { NO_LED, NO_LED, NO_LED,  41,  40,  33 },
 101:keyboards/crkbd/rev1/rev1.c ****             {  24,  23,  18,  17,  10,   9 },
 102:keyboards/crkbd/rev1/rev1.c ****             {  25,  22,  19,  16,  11,   8 },
 103:keyboards/crkbd/rev1/rev1.c ****             {  26,  21,  20,  15,  12,   7 },
 104:keyboards/crkbd/rev1/rev1.c ****             { NO_LED, NO_LED, NO_LED,  14,  13,   6 }
 105:keyboards/crkbd/rev1/rev1.c ****         }, {
 106:keyboards/crkbd/rev1/rev1.c ****             { 139,  16 }, { 174,  13 }, { 208,  20 }, { 208,  38 }, { 174,  48 }, { 139,  52 }, { 1
 107:keyboards/crkbd/rev1/rev1.c ****             { 139,  39 }, { 139,  21 }, { 139,   4 }, { 156,   2 }, { 156,  19 }, { 156,  37 }, { 1
 108:keyboards/crkbd/rev1/rev1.c ****             { 164,  55 }, { 174,  35 }, { 174,  13 }, { 174,   0 }, { 191,   3 }, { 191,  20 }, { 1
 109:keyboards/crkbd/rev1/rev1.c ****             { 208,  42 }, { 208,  24 }, { 208,   7 }, { 224,   7 }, { 224,  24 }, { 224,  41 }, {  
 110:keyboards/crkbd/rev1/rev1.c ****             {  50,  13 }, {  16,  20 }, {  16,  38 }, {  50,  48 }, {  85,  52 }, {  95,  63 }, {  
 111:keyboards/crkbd/rev1/rev1.c ****             {  85,  21 }, {  85,   4 }, {  68,   2 }, {  68,  19 }, {  68,  37 }, {  80,  58 }, {  
 112:keyboards/crkbd/rev1/rev1.c ****             {  50,  35 }, {  50,  13 }, {  50,   0 }, {  33,   3 }, {  33,  20 }, {  33,  37 }, {  
 113:keyboards/crkbd/rev1/rev1.c ****             {  16,  24 }, {  16,   7 }, {   0,   7 }, {   0,  24 }, {   0,  41 }
 114:keyboards/crkbd/rev1/rev1.c ****         }, {
 115:keyboards/crkbd/rev1/rev1.c ****             2, 2, 2, 2, 2, 2, 1,
 116:keyboards/crkbd/rev1/rev1.c ****             4, 4, 4, 4, 4, 4, 1,
 117:keyboards/crkbd/rev1/rev1.c ****             1, 4, 4, 4, 4, 4, 4,
 118:keyboards/crkbd/rev1/rev1.c ****             4, 4, 4, 1, 1, 1, 2,
 119:keyboards/crkbd/rev1/rev1.c ****             2, 2, 2, 2, 2, 1, 4,
 120:keyboards/crkbd/rev1/rev1.c ****             4, 4, 4, 4, 4, 1, 1,
 121:keyboards/crkbd/rev1/rev1.c ****             4, 4, 4, 4, 4, 4, 4,
 122:keyboards/crkbd/rev1/rev1.c ****             4, 4, 1, 1, 1
 123:keyboards/crkbd/rev1/rev1.c ****         } };
 124:keyboards/crkbd/rev1/rev1.c ****     }
 125:keyboards/crkbd/rev1/rev1.c **** #endif
 126:keyboards/crkbd/rev1/rev1.c ****     matrix_init_user();
  22               		.loc 1 126 5 view .LVU1
  23 0000 0C94 0000 		jmp matrix_init_user
  24               	.LVL0:
  25               		.cfi_endproc
  26               	.LFE117:
  28               		.text
  29               	.Letext0:
  30               		.file 2 "c:\\msys64\\mingw64\\avr\\include\\stdint.h"
  31               		.file 3 "c:\\msys64\\mingw64\\lib\\gcc\\avr\\8.4.0\\include\\stddef.h"
  32               		.file 4 "keyboards/crkbd/rev1/rev1.h"
  33               		.file 5 "tmk_core/common/action.h"
  34               		.file 6 "lib/lufa/LUFA/Drivers/USB/Core/AVR8/../StdRequestType.h"
  35               		.file 7 "lib/lufa/LUFA/Drivers/USB/Core/AVR8/../DeviceStandardReq.h"
  36               		.file 8 "lib/lufa/LUFA/Drivers/USB/Core/USBTask.h"
  37               		.file 9 "lib/lufa/LUFA/Drivers/USB/Core/HostStandardReq.h"
  38               		.file 10 "c:\\msys64\\mingw64\\avr\\include\\stdio.h"
  39               		.file 11 "tmk_core/common/report.h"
  40               		.file 12 "tmk_core/common/host_driver.h"
  41               		.file 13 "tmk_core/common/host.h"
  42               		.file 14 "tmk_core/common/debug.h"
  43               		.file 15 "quantum/keycode_config.h"
  44               		.file 16 "quantum/keymap.h"
  45               		.file 17 "tmk_core/common/action_layer.h"
  46               		.file 18 "tmk_core/common/timer.h"
  47               		.file 19 "tmk_core/common/action_util.h"
  48               		.file 20 "c:\\msys64\\mingw64\\avr\\include\\stdlib.h"
  49               		.file 21 "quantum/process_keycode/process_tap_dance.h"
  50               		.file 22 "quantum/quantum.h"
  51               		.file 23 "keyboards/crkbd/rev1/legacy/split_util.h"
  52               		.file 24 "tmk_core/protocol/lufa/lufa.h"
DEFINED SYMBOLS
                            *ABS*:0000000000000000 rev1.c
C:\Users\renep\AppData\Local\Temp\ccVHz0GQ.s:2      *ABS*:000000000000003e __SP_H__
C:\Users\renep\AppData\Local\Temp\ccVHz0GQ.s:3      *ABS*:000000000000003d __SP_L__
C:\Users\renep\AppData\Local\Temp\ccVHz0GQ.s:4      *ABS*:000000000000003f __SREG__
C:\Users\renep\AppData\Local\Temp\ccVHz0GQ.s:5      *ABS*:0000000000000000 __tmp_reg__
C:\Users\renep\AppData\Local\Temp\ccVHz0GQ.s:6      *ABS*:0000000000000001 __zero_reg__
C:\Users\renep\AppData\Local\Temp\ccVHz0GQ.s:13     .text.matrix_init_kb:0000000000000000 matrix_init_kb

UNDEFINED SYMBOLS
matrix_init_user
